Component: ARM Compiler 5.06 update 3 (build 300) Tool: armlink [4d35c9]

==============================================================================

Section Cross References

    main.o(i.__sti___8_main_cpp_usart) refers to usart.o(i._ZN12SerialUSART2C1Ei) for SerialUSART2::SerialUSART2(int)
    main.o(i.__sti___8_main_cpp_usart) refers to robot.o(i._ZN5RobotC1Ev) for Robot::Robot()
    main.o(i.__sti___8_main_cpp_usart) refers to main.o(.data) for usart
    main.o(i.__sti___8_main_cpp_usart) refers to main.o(.bss) for exo
    main.o(i.main) refers to usart.o(i._ZN12SerialStream6printfEPKcz) for SerialStream::printf(const char*, ...)
    main.o(i.main) refers to rt_cmsis.o(i.osKernelInitialize) for osKernelInitialize
    main.o(i.main) refers to osobjects.o(i._Z11InitThreadsv) for InitThreads()
    main.o(i.main) refers to rt_cmsis.o(i.osKernelStart) for osKernelStart
    main.o(i.main) refers to rt_cmsis.o(i.osSignalSet) for osSignalSet
    main.o(i.main) refers to main.o(.data) for usart
    main.o(i.main) refers to osobjects.o(.data) for robot_thread_id
    main.o(.ARM.exidx) refers to main.o(i.main) for i.main
    main.o(.ARM.exidx) refers to main.o(i.__sti___8_main_cpp_usart) for i.__sti___8_main_cpp_usart
    main.o(.init_array) refers to main.o(i.__sti___8_main_cpp_usart) for __sti___8_main_cpp_usart
    main.o(.init_array) refers to init_aeabi.o(.text) for __cpp_initialize__aeabi_
    robot.o(i._ZN5RobotC1Ev) refers to rt_cmsis.o(i.osMutexWait) for osMutexWait
    robot.o(i._ZN5RobotC1Ev) refers to usart.o(i._ZN12SerialStream6printfEPKcz) for SerialStream::printf(const char*, ...)
    robot.o(i._ZN5RobotC1Ev) refers to rt_cmsis.o(i.osMutexRelease) for osMutexRelease
    robot.o(i._ZN5RobotC1Ev) refers to new.o(i._Znwj) for operator new(unsigned)
    robot.o(i._ZN5RobotC1Ev) refers to user.o(i._ZN9UsartUserC1Ev) for UsartUser::UsartUser()
    robot.o(i._ZN5RobotC1Ev) refers to osobjects.o(.data) for mid_serial
    robot.o(i._ZN5RobotC1Ev) refers to main.o(.data) for usart
    robot.o(.ARM.exidx) refers to robot.o(i._ZN5RobotC1Ev) for i._ZN5RobotC1Ev
    robot.o(.ARM.exidx) refers to robot.o(i._ZN5Robot5StartEv) for i._ZN5Robot5StartEv
    user.o(i._ZN9UsartUser10GetCommandEv) refers to rt_cmsis.o(i.osMutexWait) for osMutexWait
    user.o(i._ZN9UsartUser10GetCommandEv) refers to usart.o(i._ZN12SerialUSART27getCharEv) for SerialUSART2::getChar()
    user.o(i._ZN9UsartUser10GetCommandEv) refers to rt_cmsis.o(i.osMutexRelease) for osMutexRelease
    user.o(i._ZN9UsartUser10GetCommandEv) refers to osobjects.o(.data) for mid_serial
    user.o(i._ZN9UsartUser10GetCommandEv) refers to main.o(.data) for usart
    user.o(i._ZN9UsartUser10GetCommandEv) refers to user.o(.constdata) for CommandMap
    user.o(i._ZN9UsartUser8SendDataE14StatusDataType) refers to rt_cmsis.o(i.osMutexWait) for osMutexWait
    user.o(i._ZN9UsartUser8SendDataE14StatusDataType) refers to usart.o(i._ZN12SerialStream4putsEPKc) for SerialStream::puts(const char*)
    user.o(i._ZN9UsartUser8SendDataE14StatusDataType) refers to rt_cmsis.o(i.osMutexRelease) for osMutexRelease
    user.o(i._ZN9UsartUser8SendDataE14StatusDataType) refers to osobjects.o(.data) for mid_serial
    user.o(i._ZN9UsartUserC1Ev) refers to rt_cmsis.o(i.osMutexWait) for osMutexWait
    user.o(i._ZN9UsartUserC1Ev) refers to usart.o(i._ZN12SerialStream6printfEPKcz) for SerialStream::printf(const char*, ...)
    user.o(i._ZN9UsartUserC1Ev) refers to rt_cmsis.o(i.osMutexRelease) for osMutexRelease
    user.o(i._ZN9UsartUserC1Ev) refers to user.o(.constdata__ZTV13UserInterface) for vtable for UserInterface
    user.o(i._ZN9UsartUserC1Ev) refers to user.o(.constdata__ZTV9UsartUser) for vtable for UsartUser
    user.o(i._ZN9UsartUserC1Ev) refers to user.o(.constdata__ZTV12SerialStream) for vtable for SerialStream
    user.o(i._ZN9UsartUserC1Ev) refers to usart.o(.constdata__ZTV12SerialUSART2) for vtable for SerialUSART2
    user.o(i._ZN9UsartUserC1Ev) refers to osobjects.o(.data) for mid_serial
    user.o(i._ZN9UsartUserC1Ev) refers to main.o(.data) for usart
    user.o(.ARM.exidx) refers to user.o(i._ZN9UsartUserC1Ev) for i._ZN9UsartUserC1Ev
    user.o(.ARM.exidx) refers to user.o(i._ZN9UsartUser10GetCommandEv) for i._ZN9UsartUser10GetCommandEv
    user.o(.ARM.exidx) refers to user.o(i._ZN9UsartUser8SendDataE14StatusDataType) for i._ZN9UsartUser8SendDataE14StatusDataType
    routine.o(i._ZN11StopRoutineC1Ev) refers to routine.o(.constdata__ZTV16RoutineInterface) for vtable for RoutineInterface
    routine.o(i._ZN11StopRoutineC1Ev) refers to routine.o(.constdata__ZTV11StopRoutine) for vtable for StopRoutine
    routine.o(i._ZN18CalibrationRoutineD0Ev) refers to routine.o(i._ZN18CalibrationRoutineD1Ev) for CalibrationRoutine::~CalibrationRoutine()
    routine.o(i._ZN18CalibrationRoutineD0Ev) refers to delete.o(i._ZdlPv) for operator delete (void*)
[...]
    __user_heap_extent                        - Undefined Weak Reference
    _atexit_init                              - Undefined Weak Reference
    _call_atexit_fns                          - Undefined Weak Reference
    _clock_init                               - Undefined Weak Reference
    _fp_trap_init                             - Undefined Weak Reference
    _fp_trap_shutdown                         - Undefined Weak Reference
    _get_lc_time                              - Undefined Weak Reference
    _getenv_init                              - Undefined Weak Reference
    _handle_redirection                       - Undefined Weak Reference
    _initio                                   - Undefined Weak Reference
    _mbdata                                   - Undefined Weak Reference
    _mutex_free                               - Undefined Weak Reference
    _printf_mbtowc                            - Undefined Weak Reference
    _printf_wc                                - Undefined Weak Reference
    _rand_init                                - Undefined Weak Reference
    _signal_finish                            - Undefined Weak Reference
    _signal_init                              - Undefined Weak Reference
    _terminateio                              - Undefined Weak Reference
    __Vectors_Size                           0x000000ec   Number         0  startup_stm32f10x_md.o ABSOLUTE
    __RL_RTX_VER                             0x00000482   Number         0  rt_system.o ABSOLUTE
    __Vectors                                0x08000000   Data           4  startup_stm32f10x_md.o(RESET)
    __dso_handle                             0x08000000   Number         0  startup_stm32f10x_md.o(RESET)
    __Vectors_End                            0x080000ec   Data           0  startup_stm32f10x_md.o(RESET)
    __main                                   0x080000ed   Thumb Code     8  __main.o(!!!main)
    __scatterload                            0x080000f5   Thumb Code     0  __scatter.o(!!!scatter)
    __scatterload_rt2                        0x080000f5   Thumb Code    44  __scatter.o(!!!scatter)
    __scatterload_rt2_thumb_only             0x080000f5   Thumb Code     0  __scatter.o(!!!scatter)
    __scatterload_null                       0x08000103   Thumb Code     0  __scatter.o(!!!scatter)
    __scatterload_copy                       0x08000129   Thumb Code    26  __scatter_copy.o(!!handler_copy)
    __scatterload_zeroinit                   0x08000145   Thumb Code    28  __scatter_zi.o(!!handler_zi)
    _printf_n                                0x08000161   Thumb Code     0  _printf_n.o(.ARM.Collect$$_printf_percent$$00000001)
    _printf_percent                          0x08000161   Thumb Code     0  _printf_percent.o(.ARM.Collect$$_printf_percent$$00000000)
    _printf_p                                0x08000167   Thumb Code     0  _printf_p.o(.ARM.Collect$$_printf_percent$$00000002)
    _printf_f                                0x0800016d   Thumb Code     0  _printf_f.o(.ARM.Collect$$_printf_percent$$00000003)
    _printf_e                                0x08000173   Thumb Code     0  _printf_e.o(.ARM.Collect$$_printf_percent$$00000004)
    _printf_g                                0x08000179   Thumb Code     0  _printf_g.o(.ARM.Collect$$_printf_percent$$00000005)
    _printf_a                                0x0800017f   Thumb Code     0  _printf_a.o(.ARM.Collect$$_printf_percent$$00000006)
    _printf_ll                               0x08000185   Thumb Code     0  _printf_ll.o(.ARM.Collect$$_printf_percent$$00000007)
    _printf_i                                0x0800018f   Thumb Code     0  _printf_i.o(.ARM.Collect$$_printf_percent$$00000008)
    _printf_d                                0x08000195   Thumb Code     0  _printf_d.o(.ARM.Collect$$_printf_percent$$00000009)
    _printf_u                                0x0800019b   Thumb Code     0  _printf_u.o(.ARM.Collect$$_printf_percent$$0000000A)
    _printf_o                                0x080001a1   Thumb Code     0  _printf_o.o(.ARM.Collect$$_printf_percent$$0000000B)
    _printf_x                                0x080001a7   Thumb Code     0  _printf_x.o(.ARM.Collect$$_printf_percent$$0000000C)
    _printf_lli                              0x080001ad   Thumb Code     0  _printf_lli.o(.ARM.Collect$$_printf_percent$$0000000D)
    _printf_lld                              0x080001b3   Thumb Code     0  _printf_lld.o(.ARM.Collect$$_printf_percent$$0000000E)
    _printf_llu                              0x080001b9   Thumb Code     0  _printf_llu.o(.ARM.Collect$$_printf_percent$$0000000F)
    _printf_llo                              0x080001bf   Thumb Code     0  _printf_llo.o(.ARM.Collect$$_printf_percent$$00000010)
    _printf_llx                              0x080001c5   Thumb Code     0  _printf_llx.o(.ARM.Collect$$_printf_percent$$00000011)
    _printf_l                                0x080001cb   Thumb Code     0  _printf_l.o(.ARM.Collect$$_printf_percent$$00000012)
    _printf_c                                0x080001d5   Thumb Code     0  _printf_c.o(.ARM.Collect$$_printf_percent$$00000013)
    _printf_s                                0x080001db   Thumb Code     0  _printf_s.o(.ARM.Collect$$_printf_percent$$00000014)
    _printf_lc                               0x080001e1   Thumb Code     0  _printf_lc.o(.ARM.Collect$$_printf_percent$$00000015)
    _printf_ls                               0x080001e7   Thumb Code     0  _printf_ls.o(.ARM.Collect$$_printf_percent$$00000016)
    _printf_percent_end                      0x080001ed   Thumb Code     0  _printf_percent_end.o(.ARM.Collect$$_printf_percent$$00000017)
    __rt_lib_init                            0x080001f1   Thumb Code     0  libinit.o(.ARM.Collect$$libinit$$00000000)
    __rt_lib_init_fp_1                       0x080001f3   Thumb Code     0  libinit2.o(.ARM.Collect$$libinit$$00000002)
    __rt_lib_init_heap_2                     0x080001f3   Thumb Code     0  libinit2.o(.ARM.Collect$$libinit$$00000005)
    __rt_lib_init_preinit_1                  0x080001f3   Thumb Code     0  libinit2.o(.ARM.Collect$$libinit$$00000004)
    __rt_lib_init_heap_1                     0x080001fb   Thumb Code     0  libinit2.o(.ARM.Collect$$libinit$$0000000A)
    __rt_lib_init_lc_common                  0x080001fb   Thumb Code     0  libinit2.o(.ARM.Collect$$libinit$$0000000F)
    __rt_lib_init_rand_1                     0x080001fb   Thumb Code     0  libinit2.o(.ARM.Collect$$libinit$$0000000E)
    __rt_lib_init_user_alloc_1               0x080001fb   Thumb Code     0  libinit2.o(.ARM.Collect$$libinit$$0000000C)
    __rt_lib_init_lc_collate_1               0x08000201   Thumb Code     0  libinit2.o(.ARM.Collect$$libinit$$00000011)
    __rt_lib_init_lc_ctype_2                 0x08000201   Thumb Code     0  libinit2.o(.ARM.Collect$$libinit$$00000012)
    __rt_lib_init_lc_ctype_1                 0x0800020d   Thumb Code     0  libinit2.o(.ARM.Collect$$libinit$$00000013)
    __rt_lib_init_lc_monetary_1              0x0800020d   Thumb Code     0  libinit2.o(.ARM.Collect$$libinit$$00000015)
    __rt_lib_init_lc_numeric_2               0x0800020d   Thumb Code     0  libinit2.o(.ARM.Collect$$libinit$$00000016)
    __rt_lib_init_alloca_1                   0x08000217   Thumb Code     0  libinit2.o(.ARM.Collect$$libinit$$0000002E)
    __rt_lib_init_argv_1                     0x08000217   Thumb Code     0  libinit2.o(.ARM.Collect$$libinit$$0000002C)
    __rt_lib_init_atexit_1                   0x08000217   Thumb Code     0  libinit2.o(.ARM.Collect$$libinit$$0000001B)
    __rt_lib_init_clock_1                    0x08000217   Thumb Code     0  libinit2.o(.ARM.Collect$$libinit$$00000021)
    __rt_lib_init_cpp_2                      0x08000217   Thumb Code     0  libinit2.o(.ARM.Collect$$libinit$$00000031)
    __rt_lib_init_exceptions_1               0x08000217   Thumb Code     0  libinit2.o(.ARM.Collect$$libinit$$00000030)
    __rt_lib_init_fp_trap_1                  0x08000217   Thumb Code     0  libinit2.o(.ARM.Collect$$libinit$$0000001F)
    __rt_lib_init_getenv_1                   0x08000217   Thumb Code     0  libinit2.o(.ARM.Collect$$libinit$$00000023)
    __rt_lib_init_lc_numeric_1               0x08000217   Thumb Code     0  libinit2.o(.ARM.Collect$$libinit$$00000017)
    __rt_lib_init_lc_time_1                  0x08000217   Thumb Code     0  libinit2.o(.ARM.Collect$$libinit$$00000019)
    __rt_lib_init_signal_1                   0x08000217   Thumb Code     0  libinit2.o(.ARM.Collect$$libinit$$0000001D)
    __rt_lib_init_stdio_1                    0x08000217   Thumb Code     0  libinit2.o(.ARM.Collect$$libinit$$00000025)
    __rt_lib_init_cpp_1                      0x0800021b   Thumb Code     0  libinit2.o(.ARM.Collect$$libinit$$00000032)
    __rt_lib_init_return                     0x0800021b   Thumb Code     0  libinit2.o(.ARM.Collect$$libinit$$00000033)
    __rt_lib_shutdown                        0x0800021d   Thumb Code     0  libshutdown.o(.ARM.Collect$$libshutdown$$00000000)
    __rt_lib_shutdown_cpp_2                  0x0800021f   Thumb Code     0  libshutdown2.o(.ARM.Collect$$libshutdown$$00000001)
    __rt_lib_shutdown_cpp_1                  0x08000225   Thumb Code     0  libshutdown2.o(.ARM.Collect$$libshutdown$$00000002)
    __rt_lib_shutdown_fp_trap_1              0x08000225   Thumb Code     0  libshutdown2.o(.ARM.Collect$$libshutdown$$00000007)
    __rt_lib_shutdown_heap_1                 0x08000225   Thumb Code     0  libshutdown2.o(.ARM.Collect$$libshutdown$$0000000F)
    __rt_lib_shutdown_return                 0x08000225   Thumb Code     0  libshutdown2.o(.ARM.Collect$$libshutdown$$00000010)
    __rt_lib_shutdown_signal_1               0x08000225   Thumb Code     0  libshutdown2.o(.ARM.Collect$$libshutdown$$0000000A)
    __rt_lib_shutdown_stdio_1                0x08000225   Thumb Code     0  libshutdown2.o(.ARM.Collect$$libshutdown$$00000004)
    __rt_lib_shutdown_user_alloc_1           0x08000225   Thumb Code     0  libshutdown2.o(.ARM.Collect$$libshutdown$$0000000C)
    __rt_entry                               0x08000227   Thumb Code     0  __rtentry.o(.ARM.Collect$$rtentry$$00000000)
    __rt_entry_presh_1                       0x08000227   Thumb Code     0  __rtentry2.o(.ARM.Collect$$rtentry$$00000002)
    __rt_entry_sh                            0x08000227   Thumb Code     0  __rtentry4.o(.ARM.Collect$$rtentry$$00000004)
    __rt_entry_li                            0x0800022d   Thumb Code     0  __rtentry2.o(.ARM.Collect$$rtentry$$0000000A)
    __rt_entry_postsh_1                      0x0800022d   Thumb Code     0  __rtentry2.o(.ARM.Collect$$rtentry$$00000009)
    __rt_entry_postli_1                      0x08000231   Thumb Code     0  __rtentry2.o(.ARM.Collect$$rtentry$$0000000B)
    __rt_entry_main                          0x08000239   Thumb Code     0  __rtentry2.o(.ARM.Collect$$rtentry$$0000000D)
    __rt_exit                                0x08000241   Thumb Code     0  rtexit.o(.ARM.Collect$$rtexit$$00000000)
    __rt_exit_ls                             0x08000243   Thumb Code     0  rtexit2.o(.ARM.Collect$$rtexit$$00000003)
    __rt_exit_prels_1                        0x08000243   Thumb Code     0  rtexit2.o(.ARM.Collect$$rtexit$$00000002)
    __rt_exit_exit                           0x08000247   Thumb Code     0  rtexit2.o(.ARM.Collect$$rtexit$$00000004)
    _platform_post_lib_init                  0x0800024d   Thumb Code    24  rtx_conf_cm.o(.emb_text)
    rt_set_PSP                               0x08000269   Thumb Code     6  hal_cm3.o(.emb_text)
    rt_get_PSP                               0x0800026f   Thumb Code     6  hal_cm3.o(.emb_text)
    os_set_env                               0x08000275   Thumb Code    24  hal_cm3.o(.emb_text)
    _alloc_box                               0x08000291   Thumb Code    28  hal_cm3.o(.emb_text)
    _free_box                                0x080002b1   Thumb Code    28  hal_cm3.o(.emb_text)
    SVC_Handler                              0x080002d1   Thumb Code   108  hal_cm3.o(.emb_text)
    PendSV_Handler                           0x08000349   Thumb Code    56  hal_cm3.o(.emb_text)
    SysTick_Handler                          0x08000385   Thumb Code     8  hal_cm3.o(.emb_text)
    OS_Tick_Handler                          0x0800038d   Thumb Code    12  hal_cm3.o(.emb_text)
    Reset_Handler                            0x08000399   Thumb Code     8  startup_stm32f10x_md.o(.text)
    _maybe_terminate_alloc                   0x08000399   Thumb Code     0  maybetermalloc1.o(.emb_text)
    NMI_Handler                              0x080003a1   Thumb Code     2  startup_stm32f10x_md.o(.text)
    HardFault_Handler                        0x080003a3   Thumb Code     2  startup_stm32f10x_md.o(.text)
    MemManage_Handler                        0x080003a5   Thumb Code     2  startup_stm32f10x_md.o(.text)
    BusFault_Handler                         0x080003a7   Thumb Code     2  startup_stm32f10x_md.o(.text)
    UsageFault_Handler                       0x080003a9   Thumb Code     2  startup_stm32f10x_md.o(.text)
    DebugMon_Handler                         0x080003ad   Thumb Code     2  startup_stm32f10x_md.o(.text)
    ADC1_2_IRQHandler                        0x080003b3   Thumb Code     0  startup_stm32f10x_md.o(.text)
    CAN1_RX1_IRQHandler                      0x080003b3   Thumb Code     0  startup_stm32f10x_md.o(.text)
    CAN1_SCE_IRQHandler                      0x080003b3   Thumb Code     0  startup_stm32f10x_md.o(.text)
    DMA1_Channel1_IRQHandler                 0x080003b3   Thumb Code     0  startup_stm32f10x_md.o(.text)
    DMA1_Channel2_IRQHandler                 0x080003b3   Thumb Code     0  startup_stm32f10x_md.o(.text)
    DMA1_Channel3_IRQHandler                 0x080003b3   Thumb Code     0  startup_stm32f10x_md.o(.text)
    DMA1_Channel4_IRQHandler                 0x080003b3   Thumb Code     0  startup_stm32f10x_md.o(.text)
    DMA1_Channel5_IRQHandler                 0x080003b3   Thumb Code     0  startup_stm32f10x_md.o(.text)
    DMA1_Channel6_IRQHandler                 0x080003b3   Thumb Code     0  startup_stm32f10x_md.o(.text)
    DMA1_Channel7_IRQHandler                 0x080003b3   Thumb Code     0  startup_stm32f10x_md.o(.text)
    EXTI0_IRQHandler                         0x080003b3   Thumb Code     0  startup_stm32f10x_md.o(.text)
    EXTI15_10_IRQHandler                     0x080003b3   Thumb Code     0  startup_stm32f10x_md.o(.text)
    EXTI1_IRQHandler                         0x080003b3   Thumb Code     0  startup_stm32f10x_md.o(.text)
    EXTI2_IRQHandler                         0x080003b3   Thumb Code     0  startup_stm32f10x_md.o(.text)
    EXTI3_IRQHandler                         0x080003b3   Thumb Code     0  startup_stm32f10x_md.o(.text)
    EXTI4_IRQHandler                         0x080003b3   Thumb Code     0  startup_stm32f10x_md.o(.text)
    EXTI9_5_IRQHandler                       0x080003b3   Thumb Code     0  startup_stm32f10x_md.o(.text)
    FLASH_IRQHandler                         0x080003b3   Thumb Code     0  startup_stm32f10x_md.o(.text)
    I2C1_ER_IRQHandler                       0x080003b3   Thumb Code     0  startup_stm32f10x_md.o(.text)
    I2C1_EV_IRQHandler                       0x080003b3   Thumb Code     0  startup_stm32f10x_md.o(.text)
    I2C2_ER_IRQHandler                       0x080003b3   Thumb Code     0  startup_stm32f10x_md.o(.text)
    I2C2_EV_IRQHandler                       0x080003b3   Thumb Code     0  startup_stm32f10x_md.o(.text)
    PVD_IRQHandler                           0x080003b3   Thumb Code     0  startup_stm32f10x_md.o(.text)
    RCC_IRQHandler                           0x080003b3   Thumb Code     0  startup_stm32f10x_md.o(.text)
    RTCAlarm_IRQHandler                      0x080003b3   Thumb Code     0  startup_stm32f10x_md.o(.text)
    RTC_IRQHandler                           0x080003b3   Thumb Code     0  startup_stm32f10x_md.o(.text)
    SPI1_IRQHandler                          0x080003b3   Thumb Code     0  startup_stm32f10x_md.o(.text)
    SPI2_IRQHandler                          0x080003b3   Thumb Code     0  startup_stm32f10x_md.o(.text)
    TAMPER_IRQHandler                        0x080003b3   Thumb Code     0  startup_stm32f10x_md.o(.text)
    TIM1_BRK_IRQHandler                      0x080003b3   Thumb Code     0  startup_stm32f10x_md.o(.text)
    TIM1_CC_IRQHandler                       0x080003b3   Thumb Code     0  startup_stm32f10x_md.o(.text)
    TIM1_TRG_COM_IRQHandler                  0x080003b3   Thumb Code     0  startup_stm32f10x_md.o(.text)
    TIM1_UP_IRQHandler                       0x080003b3   Thumb Code     0  startup_stm32f10x_md.o(.text)
    TIM2_IRQHandler                          0x080003b3   Thumb Code     0  startup_stm32f10x_md.o(.text)
    TIM3_IRQHandler                          0x080003b3   Thumb Code     0  startup_stm32f10x_md.o(.text)
    TIM4_IRQHandler                          0x080003b3   Thumb Code     0  startup_stm32f10x_md.o(.text)
    USART1_IRQHandler                        0x080003b3   Thumb Code     0  startup_stm32f10x_md.o(.text)
    USART2_IRQHandler                        0x080003b3   Thumb Code     0  startup_stm32f10x_md.o(.text)
    USART3_IRQHandler                        0x080003b3   Thumb Code     0  startup_stm32f10x_md.o(.text)
    USBWakeUp_IRQHandler                     0x080003b3   Thumb Code     0  startup_stm32f10x_md.o(.text)
    USB_HP_CAN1_TX_IRQHandler                0x080003b3   Thumb Code     0  startup_stm32f10x_md.o(.text)
    USB_LP_CAN1_RX0_IRQHandler               0x080003b3   Thumb Code     0  startup_stm32f10x_md.o(.text)
    WWDG_IRQHandler                          0x080003b3   Thumb Code     0  startup_stm32f10x_md.o(.text)
    __user_initial_stackheap                 0x080003b5   Thumb Code     0  startup_stm32f10x_md.o(.text)
    __user_libspace                          0x080003d9   Thumb Code     8  libspace.o(.text)
    __user_perproc_libspace                  0x080003d9   Thumb Code     0  libspace.o(.text)
    _malloc_internal                         0x080003e9   Thumb Code   130  h1_alloc_mt.o(.text)
    malloc                                   0x0800046b   Thumb Code    20  h1_alloc_mt.o(.text)
    _free_internal                           0x0800047f   Thumb Code    98  h1_free_mt.o(.text)
    free                                     0x080004e1   Thumb Code    20  h1_free_mt.o(.text)
    __c89vsnprintf                           0x080004f5   Thumb Code    48  c89vsnprintf.o(.text)
    exit                                     0x08000529   Thumb Code    18  exit.o(.text)
    __use_two_region_memory                  0x0800053b   Thumb Code     2  heapauxi.o(.text)
    __rt_heap_escrow                         0x0800053d   Thumb Code     2  heapauxi.o(.text)
    __rt_heap_expand                         0x0800053f   Thumb Code     2  heapauxi.o(.text)
    __cpp_initialize__aeabi_                 0x08000541   Thumb Code    26  init_aeabi.o(.text)
    __rt_heap_descriptor                     0x08000565   Thumb Code    10  rt_heap_descriptor_twolibspace.o(.text)
    __rt_new_handler_addr                    0x0800056f   Thumb Code    10  rt_new_handler_addr_twolibspace.o(.text)
    __use_no_heap                            0x08000579   Thumb Code     2  hguard.o(.text)
    __heap$guard                             0x0800057b   Thumb Code     2  hguard.o(.text)
    _terminate_user_alloc                    0x0800057d   Thumb Code     2  init_alloc.o(.text)
    _init_user_alloc                         0x0800057f   Thumb Code     2  init_alloc.o(.text)
    __Heap_Full                              0x08000581   Thumb Code    34  init_alloc.o(.text)
    __Heap_Broken                            0x080005a3   Thumb Code     6  init_alloc.o(.text)
    _init_alloc                              0x080005a9   Thumb Code    94  init_alloc.o(.text)
    __Heap_Initialize                        0x08000607   Thumb Code    14  h1_init_mt.o(.text)
    __Heap_DescSize                          0x08000615   Thumb Code     4  h1_init_mt.o(.text)
    _printf_pre_padding                      0x08000619   Thumb Code    44  _printf_pad.o(.text)
    _printf_post_padding                     0x08000645   Thumb Code    34  _printf_pad.o(.text)
    _printf_truncate_signed                  0x08000667   Thumb Code    18  _printf_truncate.o(.text)
    _printf_truncate_unsigned                0x08000679   Thumb Code    18  _printf_truncate.o(.text)
    _printf_str                              0x0800068b   Thumb Code    82  _printf_str.o(.text)
    _printf_int_dec                          0x080006dd   Thumb Code   104  _printf_dec.o(.text)
    _printf_charcount                        0x08000755   Thumb Code    40  _printf_charcount.o(.text)
    _printf_char_common                      0x08000787   Thumb Code    32  _printf_char_common.o(.text)
    _sputc                                   0x080007ad   Thumb Code    10  _sputc.o(.text)
    _snputc                                  0x080007b7   Thumb Code    16  _snputc.o(.text)
    _printf_wctomb                           0x080007c9   Thumb Code   182  _printf_wctomb.o(.text)
    _printf_longlong_dec                     0x08000885   Thumb Code   108  _printf_longlong_dec.o(.text)
    _printf_longlong_oct                     0x08000901   Thumb Code    68  _printf_oct_int_ll.o(.text)
    _printf_int_oct                          0x08000945   Thumb Code    24  _printf_oct_int_ll.o(.text)
    _printf_ll_oct                           0x0800095d   Thumb Code    12  _printf_oct_int_ll.o(.text)
    _printf_longlong_hex                     0x08000971   Thumb Code    86  _printf_hex_int_ll_ptr.o(.text)
    _printf_int_hex                          0x080009c7   Thumb Code    28  _printf_hex_int_ll_ptr.o(.text)
    _printf_ll_hex                           0x080009e3   Thumb Code    12  _printf_hex_int_ll_ptr.o(.text)
    _printf_hex_ptr                          0x080009ef   Thumb Code    18  _printf_hex_int_ll_ptr.o(.text)
    __printf                                 0x08000a05   Thumb Code   388  __printf_flags_ss_wp.o(.text)
    __rt_SIGPVFN                             0x08000b8d   Thumb Code    14  defsig_pvfn_outer.o(.text)
    __default_new_handler()                  0x08000b9b   Thumb Code     4  arm_newhandler_noexceptions.o(.text)
    __Heap_ProvideMemory                     0x08000b9f   Thumb Code    62  h1_extend_mt.o(.text)
    _ll_udiv10                               0x08000bdd   Thumb Code   138  lludiv10.o(.text)
    _printf_int_common                       0x08000c67   Thumb Code   178  _printf_intcommon.o(.text)
    __lib_sel_fp_printf                      0x08000d19   Thumb Code     2  _printf_fp_dec.o(.text)
    _printf_fp_dec_real                      0x08000ec7   Thumb Code   620  _printf_fp_dec.o(.text)
    _printf_cs_common                        0x08001133   Thumb Code    20  _printf_char.o(.text)
    _printf_char                             0x08001147   Thumb Code    16  _printf_char.o(.text)
    _printf_string                           0x08001157   Thumb Code     8  _printf_char.o(.text)
    _printf_lcs_common                       0x0800115f   Thumb Code    20  _printf_wchar.o(.text)
    _printf_wchar                            0x08001173   Thumb Code    16  _printf_wchar.o(.text)
    _printf_wstring                          0x08001183   Thumb Code     8  _printf_wchar.o(.text)
    _wcrtomb                                 0x0800118b   Thumb Code    64  _wcrtomb.o(.text)
    abort                                    0x080011cb   Thumb Code    22  abort.o(.text)
    __sig_exit                               0x080011e1   Thumb Code    10  defsig_exit.o(.text)
    __rt_SIGRTMEM                            0x080011eb   Thumb Code    14  defsig_rtmem_outer.o(.text)
    __rt_SIGPVFN_inner                       0x080011f9   Thumb Code    14  defsig_pvfn_inner.o(.text)
    std::terminate()                         0x08001229   Thumb Code    26  arm_exceptions_terminate.o(.text)
    __cxa_get_globals                        0x0800124b   Thumb Code    62  arm_exceptions_globs.o(.text)
    __user_setup_stackheap                   0x08001295   Thumb Code    74  sys_stackheap_outer.o(.text)
    __rt_ctype_table                         0x080012e1   Thumb Code    16  rt_ctype_table.o(.text)
    __rt_locale                              0x080012f1   Thumb Code    10  rt_locale_twolibspace.o(.text)
    __rt_eh_globals_addr                     0x080012fb   Thumb Code    10  rt_eh_globals_addr_twolibspace.o(.text)
    _printf_fp_infnan                        0x08001305   Thumb Code   112  _printf_fp_infnan.o(.text)
    _btod_etento                             0x08001385   Thumb Code   216  bigflt0.o(.text)
    __aeabi_atexit                           0x08001461   Thumb Code    46  aeabi_atexit.o(.text)
    __default_signal_display                 0x0800148f   Thumb Code    50  defsig_general.o(.text)
    __rt_SIGABRT                             0x080014c1   Thumb Code    14  defsig_abrt_outer.o(.text)
    __rt_SIGRTMEM_inner                      0x080014d1   Thumb Code    22  defsig_rtmem_inner.o(.text)
    strcmp                                   0x08001521   Thumb Code   128  strcmpv7m.o(.text)
    __ARM_exceptions_buffer_init             0x080015a1   Thumb Code    18  arm_exceptions_mem.o(.text)
    __ARM_exceptions_buffer_allocate         0x080015b3   Thumb Code    22  arm_exceptions_mem.o(.text)
    __ARM_exceptions_buffer_free             0x080015c9   Thumb Code    20  arm_exceptions_mem.o(.text)
    __rt_ddtor_pointer_addr                  0x080015dd   Thumb Code    10  rt_ddtor_pointer_addr_twolibspace.o(.text)
    __cxa_finalize                           0x080015e7   Thumb Code    66  cxa_finalize.o(.text)
    __rt_SIGABRT_inner                       0x08001629   Thumb Code    14  defsig_abrt_inner.o(.text)
    _btod_d2e                                0x08001659   Thumb Code    62  btod.o(CL$$btod_d2e)
    _d2e_denorm_low                          0x08001697   Thumb Code    70  btod.o(CL$$btod_d2e_denorm_low)
    _d2e_norm_op1                            0x080016dd   Thumb Code    96  btod.o(CL$$btod_d2e_norm_op1)
    __btod_div_common                        0x0800173d   Thumb Code   696  btod.o(CL$$btod_div_common)
    _e2e                                     0x08001a75   Thumb Code   198  btod.o(CL$$btod_e2e)
    _btod_ediv                               0x08001b3b   Thumb Code    40  btod.o(CL$$btod_ediv)
    _btod_emul                               0x08001b63   Thumb Code    40  btod.o(CL$$btod_emul)
    __btod_mult_common                       0x08001b8b   Thumb Code   580  btod.o(CL$$btod_mult_common)
    SVC_Count                                0x08001dd0   Data           4  svc_table.o(SVC_TABLE)
    GPIO_Init                                0x08001dd5   Thumb Code   278  stm32f10x_gpio.o(i.GPIO_Init)
    SVC_Table                                0x08001dd4   Data           0  svc_table.o(SVC_TABLE)
    RCC_APB1PeriphClockCmd                   0x08001eed   Thumb Code    26  stm32f10x_rcc.o(i.RCC_APB1PeriphClockCmd)
    RCC_APB2PeriphClockCmd                   0x08001f0d   Thumb Code    26  stm32f10x_rcc.o(i.RCC_APB2PeriphClockCmd)
    RCC_GetClocksFreq                        0x08001f2d   Thumb Code   192  stm32f10x_rcc.o(i.RCC_GetClocksFreq)
    SystemInit                               0x080020e9   Thumb Code    78  system_stm32f10x.o(i.SystemInit)
    USART_ClearFlag                          0x08002149   Thumb Code    18  stm32f10x_usart.o(i.USART_ClearFlag)
    USART_Cmd                                0x0800215b   Thumb Code    24  stm32f10x_usart.o(i.USART_Cmd)
    USART_GetFlagStatus                      0x08002173   Thumb Code    26  stm32f10x_usart.o(i.USART_GetFlagStatus)
    USART_ITConfig                           0x0800218d   Thumb Code    74  stm32f10x_usart.o(i.USART_ITConfig)
    USART_Init                               0x080021d9   Thumb Code   210  stm32f10x_usart.o(i.USART_Init)
    USART_ReceiveData                        0x080022b1   Thumb Code    10  stm32f10x_usart.o(i.USART_ReceiveData)
    USART_SendData                           0x080022bb   Thumb Code     8  stm32f10x_usart.o(i.USART_SendData)
    USART_StructInit                         0x080022c3   Thumb Code    24  stm32f10x_usart.o(i.USART_StructInit)
    InitThreads()                            0x080022dd   Thumb Code    52  osobjects.o(i._Z11InitThreadsv)
    RobotThread(const void*)                 0x08002321   Thumb Code   254  osobjects.o(i._Z11RobotThreadPKv)
    USART2_init(int)                         0x080024c5   Thumb Code   118  usart.o(i._Z11USART2_initi)
    USART2_getChar()                         0x08002545   Thumb Code    44  usart.o(i._Z14USART2_getCharv)
    USART2_sendChar(char)                    0x08002575   Thumb Code    28  usart.o(i._Z15USART2_sendCharc)
    SerialStream::puts(const char*)          0x08002595   Thumb Code    42  usart.o(i._ZN12SerialStream4putsEPKc)
    SerialStream::printf(const char*, ...)   0x080025bf   Thumb Code    54  usart.o(i._ZN12SerialStream6printfEPKcz)
    SerialUSART2::getChar()                  0x080025f5   Thumb Code    10  usart.o(i._ZN12SerialUSART27getCharEv)
    SerialUSART2::sendChar(char)             0x080025ff   Thumb Code    14  usart.o(i._ZN12SerialUSART28sendCharEc)
    SerialUSART2::SerialUSART2(int)          0x0800260d   Thumb Code    22  usart.o(i._ZN12SerialUSART2C1Ei)
    SerialUSART2::SerialUSART2__sub_object(int) 0x0800260d   Thumb Code     0  usart.o(i._ZN12SerialUSART2C1Ei)
    Robot::Robot()                           0x0800262d   Thumb Code    64  robot.o(i._ZN5RobotC1Ev)
    Robot::Robot__sub_object()               0x0800262d   Thumb Code     0  robot.o(i._ZN5RobotC1Ev)
    UsartUser::GetCommand()                  0x08002689   Thumb Code    72  user.o(i._ZN9UsartUser10GetCommandEv)
    UsartUser::UsartUser()                   0x080026dd   Thumb Code    60  user.o(i._ZN9UsartUserC1Ev)
    UsartUser::UsartUser__sub_object()       0x080026dd   Thumb Code     0  user.o(i._ZN9UsartUserC1Ev)
    operator delete[] (void*)                0x08002741   Thumb Code     8  array_del.o(i._ZdaPv)
    operator delete (void*)                  0x08002749   Thumb Code     8  delete.o(i._ZdlPv)
    operator new[] (unsigned)                0x08002751   Thumb Code     8  array_new.o(i._Znaj)
    operator new(unsigned)                   0x08002759   Thumb Code    34  new.o(i._Znwj)
    __ARM_fpclassify                         0x08002781   Thumb Code    40  fpclassify.o(i.__ARM_fpclassify)
    __cxa_pure_virtual                       0x080027a9   Thumb Code     6  pure_virt.o(i.__cxa_pure_virtual)
    _init_box                                0x08002825   Thumb Code    70  rt_membox.o(i._init_box)
    _is_digit                                0x0800286b   Thumb Code    14  __printf_wp.o(i._is_digit)
    _mutex_acquire                           0x08002879   Thumb Code    22  rtx_conf_cm.o(i._mutex_acquire)
    _mutex_initialize                        0x08002899   Thumb Code    34  rtx_conf_cm.o(i._mutex_initialize)
    _mutex_release                           0x080028c5   Thumb Code    18  rtx_conf_cm.o(i._mutex_release)
    _sys_exit                                0x080028e1   Thumb Code     4  retarget.o(i._sys_exit)
    _ttywrch                                 0x080028e5   Thumb Code     2  retarget.o(i._ttywrch)
    dbg_init                                 0x080028e9   Thumb Code    34  hal_cm.o(i.dbg_init)
    dbg_task_notify                          0x08002919   Thumb Code    32  hal_cm.o(i.dbg_task_notify)
    dbg_task_switch                          0x08002939   Thumb Code    16  hal_cm.o(i.dbg_task_switch)
    isrMessageGet                            0x08002949   Thumb Code    42  rt_cmsis.o(i.isrMessageGet)
    isrMessagePut                            0x08002973   Thumb Code    44  rt_cmsis.o(i.isrMessagePut)
    isrSignalSet                             0x0800299f   Thumb Code    36  rt_cmsis.o(i.isrSignalSet)
    isr_evt_set                              0x080029c5   Thumb Code    34  rt_event.o(i.isr_evt_set)
    isr_mbx_receive                          0x080029ed   Thumb Code    86  rt_mailbox.o(i.isr_mbx_receive)
    isr_mbx_send                             0x08002a43   Thumb Code    14  rt_mailbox.o(i.isr_mbx_send)
    main                                     0x08002a51   Thumb Code    34  main.o(i.main)
    osKernelInitialize                       0x08002a89   Thumb Code    30  rt_cmsis.o(i.osKernelInitialize)
    osKernelStart                            0x08002aad   Thumb Code    98  rt_cmsis.o(i.osKernelStart)
    osMessageGet                             0x08002b19   Thumb Code    18  rt_cmsis.o(i.osMessageGet)
    osMutexCreate                            0x08002b31   Thumb Code    36  rt_cmsis.o(i.osMutexCreate)
    osMutexRelease                           0x08002b5d   Thumb Code    18  rt_cmsis.o(i.osMutexRelease)
    osMutexWait                              0x08002b75   Thumb Code    18  rt_cmsis.o(i.osMutexWait)
    osSignalSet                              0x08002b8d   Thumb Code    18  rt_cmsis.o(i.osSignalSet)
    osSignalWait                             0x08002ba5   Thumb Code    18  rt_cmsis.o(i.osSignalWait)
    osThreadCreate                           0x08002bbd   Thumb Code    36  rt_cmsis.o(i.osThreadCreate)
    osThreadExit                             0x08002be9   Thumb Code    14  rt_cmsis.o(i.osThreadExit)
    osTimerCall                              0x08002c01   Thumb Code     8  rt_cmsis.o(i.osTimerCall)
    osTimerThread                            0x08002c0d   Thumb Code    38  rt_cmsis.o(i.osTimerThread)
    os_error                                 0x08002c39   Thumb Code    34  rtx_conf_cm.o(i.os_error)
    os_idle_demon                            0x08002c5b   Thumb Code     4  rtx_conf_cm.o(i.os_idle_demon)
    os_tick_init                             0x08002c61   Thumb Code    32  rt_system.o(i.os_tick_init)
    os_tick_irqack                           0x08002c89   Thumb Code     2  rt_system.o(i.os_tick_irqack)
    rt_alloc_box                             0x08002c8b   Thumb Code    26  rt_membox.o(i.rt_alloc_box)
    rt_alloc_mem                             0x08002ca5   Thumb Code    62  rt_memory.o(i.rt_alloc_mem)
    rt_block                                 0x08002ce5   Thumb Code    48  rt_task.o(i.rt_block)
    rt_chk_robin                             0x08002d1d   Thumb Code    60  rt_robin.o(i.rt_chk_robin)
    rt_dec_dly                               0x08002d65   Thumb Code   102  rt_list.o(i.rt_dec_dly)
    rt_dispatch                              0x08002dd5   Thumb Code    60  rt_task.o(i.rt_dispatch)
    rt_evt_psh                               0x08002e19   Thumb Code    76  rt_event.o(i.rt_evt_psh)
    rt_evt_set                               0x08002e69   Thumb Code    88  rt_event.o(i.rt_evt_set)
    rt_evt_wait                              0x08002ec5   Thumb Code    56  rt_event.o(i.rt_evt_wait)
    rt_free_box                              0x08002f01   Thumb Code    44  rt_membox.o(i.rt_free_box)
    rt_free_mem                              0x08002f2d   Thumb Code    40  rt_memory.o(i.rt_free_mem)
    rt_get_first                             0x08002f55   Thumb Code    40  rt_list.o(i.rt_get_first)
    rt_init_mem                              0x08002fcd   Thumb Code    26  rt_memory.o(i.rt_init_mem)
    rt_init_robin                            0x08002fe9   Thumb Code    14  rt_robin.o(i.rt_init_robin)
    rt_init_stack                            0x08003001   Thumb Code   118  hal_cm.o(i.rt_init_stack)
    rt_mbx_check                             0x08003081   Thumb Code     8  rt_mailbox.o(i.rt_mbx_check)
    rt_mbx_init                              0x08003089   Thumb Code    26  rt_mailbox.o(i.rt_mbx_init)
    rt_mbx_psh                               0x080030a5   Thumb Code   236  rt_mailbox.o(i.rt_mbx_psh)
    rt_mbx_wait                              0x08003195   Thumb Code   174  rt_mailbox.o(i.rt_mbx_wait)
    rt_mut_init                              0x0800328d   Thumb Code    16  rt_mutex.o(i.rt_mut_init)
    rt_mut_release                           0x0800329d   Thumb Code   208  rt_mutex.o(i.rt_mut_release)
    rt_mut_wait                              0x08003375   Thumb Code   114  rt_mutex.o(i.rt_mut_wait)
    rt_pop_req                               0x080033ed   Thumb Code   112  rt_system.o(i.rt_pop_req)
    rt_psh_req                               0x08003469   Thumb Code    22  rt_system.o(i.rt_psh_req)
    rt_psq_enq                               0x08003489   Thumb Code    88  rt_list.o(i.rt_psq_enq)
    rt_put_dly                               0x080034e5   Thumb Code    68  rt_list.o(i.rt_put_dly)
    rt_put_prio                              0x0800352d   Thumb Code    54  rt_list.o(i.rt_put_prio)
    rt_put_rdy_first                         0x08003565   Thumb Code    14  rt_list.o(i.rt_put_rdy_first)
    rt_resort_prio                           0x08003579   Thumb Code    46  rt_list.o(i.rt_resort_prio)
    rt_ret_val                               0x080035ad   Thumb Code     6  hal_cm.o(i.rt_ret_val)
    rt_ret_val2                              0x080035b3   Thumb Code     8  hal_cm.o(i.rt_ret_val2)
    rt_rmv_dly                               0x080035bb   Thumb Code    40  rt_list.o(i.rt_rmv_dly)
    rt_rmv_list                              0x080035e5   Thumb Code    44  rt_list.o(i.rt_rmv_list)
    rt_sem_psh                               0x08003615   Thumb Code    48  rt_semaphore.o(i.rt_sem_psh)
    rt_stk_check                             0x08003649   Thumb Code    28  rt_system.o(i.rt_stk_check)
    rt_switch_req                            0x0800366d   Thumb Code    30  rt_task.o(i.rt_switch_req)
    rt_sys_init                              0x08003695   Thumb Code   138  rt_task.o(i.rt_sys_init)
    rt_sys_start                             0x08003761   Thumb Code   110  rt_task.o(i.rt_sys_start)
    rt_systick                               0x080037d9   Thumb Code    50  rt_system.o(i.rt_systick)
    rt_tsk_create                            0x08003861   Thumb Code   118  rt_task.o(i.rt_tsk_create)
    rt_tsk_delete                            0x080038e9   Thumb Code   352  rt_task.o(i.rt_tsk_delete)
    rt_tsk_prio                              0x08003a65   Thumb Code   108  rt_task.o(i.rt_tsk_prio)
    rt_tsk_self                              0x08003ae1   Thumb Code    12  rt_task.o(i.rt_tsk_self)
    svcKernelInitialize                      0x08003af1   Thumb Code    80  rt_cmsis.o(i.svcKernelInitialize)
    svcKernelStart                           0x08003b61   Thumb Code    62  rt_cmsis.o(i.svcKernelStart)
    svcMessageCreate                         0x08003ba9   Thumb Code    36  rt_cmsis.o(i.svcMessageCreate)
    svcMessageGet                            0x08003bcd   Thumb Code    58  rt_cmsis.o(i.svcMessageGet)
    svcMutexCreate                           0x08003c07   Thumb Code    28  rt_cmsis.o(i.svcMutexCreate)
    svcMutexRelease                          0x08003c23   Thumb Code    34  rt_cmsis.o(i.svcMutexRelease)
    svcMutexWait                             0x08003c45   Thumb Code    58  rt_cmsis.o(i.svcMutexWait)
    svcSignalSet                             0x08003c7f   Thumb Code    36  rt_cmsis.o(i.svcSignalSet)
    svcSignalWait                            0x08003ca5   Thumb Code    80  rt_cmsis.o(i.svcSignalWait)
    svcThreadCreate                          0x08003cf9   Thumb Code    96  rt_cmsis.o(i.svcThreadCreate)
    svcThreadGetId                           0x08003d65   Thumb Code    22  rt_cmsis.o(i.svcThreadGetId)
    svcThreadTerminate                       0x08003d81   Thumb Code    50  rt_cmsis.o(i.svcThreadTerminate)
    svcTimerCall                             0x08003db9   Thumb Code    24  rt_cmsis.o(i.svcTimerCall)
    sysTimerTick                             0x08003dd1   Thumb Code    84  rt_cmsis.o(i.sysTimerTick)
    _get_lc_numeric                          0x08003e2d   Thumb Code    44  lc_numeric_c.o(locale$$code)
    _get_lc_ctype                            0x08003e59   Thumb Code    44  lc_ctype_c.o(locale$$code)
    __rw::__rw_locale_vector<__rw::__rw_cat*>::~__rw_locale_vector() 0x08003e85   Thumb Code    14  rwcats.o(t._ZN4__rw18__rw_locale_vectorIPNS_8__rw_catEED1Ev)
    __rw::__rw_locale_vector<__rw::__rw_cat*>::~__rw_locale_vector__sub_object() 0x08003e85   Thumb Code     0  rwcats.o(t._ZN4__rw18__rw_locale_vectorIPNS_8__rw_catEED1Ev)
    _printf_fp_dec                           0x08003e93   Thumb Code     4  printf1.o(x$fpl$printf1)
    __I$use$fp                               0x08003e96   Number         0  usenofp.o(x$fpl$usenofp)
    os_maxtaskrun                            0x08003f24   Data           2  rtx_conf_cm.o(.constdata)
    os_stackinfo                             0x08003f28   Data           4  rtx_conf_cm.o(.constdata)
    os_rrobin                                0x08003f2c   Data           4  rtx_conf_cm.o(.constdata)
    os_tickfreq                              0x08003f30   Data           4  rtx_conf_cm.o(.constdata)
    os_tickus_i                              0x08003f34   Data           2  rtx_conf_cm.o(.constdata)
    os_tickus_f                              0x08003f36   Data           2  rtx_conf_cm.o(.constdata)
    os_trv                                   0x08003f38   Data           4  rtx_conf_cm.o(.constdata)
    os_flags                                 0x08003f3c   Data           1  rtx_conf_cm.o(.constdata)
    CMSIS_RTOS_API_Version                   0x08003f40   Data           4  rtx_conf_cm.o(.constdata)
    CMSIS_RTOS_RTX_Version                   0x08003f44   Data           4  rtx_conf_cm.o(.constdata)
    os_clockrate                             0x08003f48   Data           4  rtx_conf_cm.o(.constdata)
    os_timernum                              0x08003f4c   Data           4  rtx_conf_cm.o(.constdata)
    mp_tcb_size                              0x08003f50   Data           2  rtx_conf_cm.o(.constdata)
    mp_stk_size                              0x08003f54   Data           4  rtx_conf_cm.o(.constdata)
    os_stack_sz                              0x08003f58   Data           4  rtx_conf_cm.o(.constdata)
    os_fifo_size                             0x08003f5c   Data           1  rtx_conf_cm.o(.constdata)
    os_thread_def_osTimerThread              0x08003f60   Data          16  rtx_conf_cm.o(.constdata)
    os_messageQ_def_osTimerMessageQ          0x08003f70   Data           8  rtx_conf_cm.o(.constdata)
    mp_tmr_size                              0x08003f78   Data           2  rtx_conf_cm.o(.constdata)
    os_thread_def_main                       0x08003f7c   Data          16  rtx_conf_cm.o(.constdata)
    vtable for SerialStream                  0x08004064   Data          16  user.o(.constdata__ZTV12SerialStream)
    vtable for SerialUSART2                  0x08004074   Data          16  usart.o(.constdata__ZTV12SerialUSART2)
    vtable for UserInterface                 0x08004084   Data          16  user.o(.constdata__ZTV13UserInterface)
    vtable for UsartUser                     0x08004094   Data          16  user.o(.constdata__ZTV9UsartUser)
    Region$$Table$$Base                      0x080040a4   Number         0  anon$$obj.o(Region$$Table)
    Region$$Table$$Limit                     0x080040c4   Number         0  anon$$obj.o(Region$$Table)
    __ctype                                  0x080040ed   Data           0  lc_ctype_c.o(locale$$data)
    SHT$$INIT_ARRAY$$Base                    0x080041f0   Number         0  main.o(.init_array)
    SHT$$INIT_ARRAY$$Limit                   0x08004200   Number         0  rwcats.o(.init_array)
    usart                                    0x20000000   Data           4  main.o(.data)
    mid_serial                               0x20000004   Data           4  osobjects.o(.data)
    robot_thread_id                          0x20000008   Data           4  osobjects.o(.data)
    osThreadId_osTimerThread                 0x2000000c   Data           4  rtx_conf_cm.o(.data)
    osMessageQId_osTimerMessageQ             0x20000010   Data           4  rtx_conf_cm.o(.data)
    os_tmr                                   0x20000014   Data           4  rtx_conf_cm.o(.data)
    m_tmr                                    0x20000018   Data           4  rtx_conf_cm.o(.data)
    os_initialized                           0x20000034   Data           1  rt_cmsis.o(.data)
    os_running                               0x20000035   Data           1  rt_cmsis.o(.data)
    os_timer_head                            0x20000038   Data           4  rt_cmsis.o(.data)
    os_tsk                                   0x2000003c   Data           8  rt_task.o(.data)
    os_tick_irqn                             0x20000048   Data           4  rt_system.o(.data)
    os_time                                  0x2000004c   Data           4  rt_time.o(.data)
    os_robin                                 0x20000050   Data           8  rt_robin.o(.data)
    dbg_msg                                  0x20000058   Data           1  hal_cm.o(.data)
    std::ctype<char>::id                     0x2000005c   Data           4  char.o(.data)
    std::ctype<wchar_t>::id                  0x20000060   Data           4  char.o(.data)
    std::locale::_C_classic                  0x2000006c   Data           4  locale.o(.data)
    std::locale::_C_native                   0x20000070   Data           4  locale.o(.data)
    std::locale::_C_global                   0x20000074   Data           4  locale.o(.data)
    std::codecvt<char, char, std::__mbstate_t>::id 0x20000078   Data           4  locale.o(.data)
    std::codecvt<wchar_t, char, std::__mbstate_t>::id 0x2000007c   Data           4  locale.o(.data)
    exo                                      0x20000088   Data          20  main.o(.bss)
    os_mutex_cb_Serial                       0x2000009c   Data          16  osobjects.o(.bss)
    mp_tcb                                   0x200000b0   Data         376  rtx_conf_cm.o(.bss)
    mp_stk                                   0x20000228   Data        1216  rtx_conf_cm.o(.bss)
    os_stack_mem                             0x200006e8   Data         432  rtx_conf_cm.o(.bss)
    os_fifo                                  0x20000898   Data         132  rtx_conf_cm.o(.bss)
    os_active_TCB                            0x2000091c   Data          28  rtx_conf_cm.o(.bss)
    os_messageQ_q_osTimerMessageQ            0x20000938   Data          32  rtx_conf_cm.o(.bss)
    os_idle_TCB                              0x20000c78   Data          52  rt_task.o(.bss)
    os_rdy                                   0x20000cac   Data          24  rt_list.o(.bss)
    os_dly                                   0x20000cc4   Data          24  rt_list.o(.bss)
    __libspace_start                         0x20000cdc   Data          96  libspace.o(.bss)
    __temporary_stack_top$libspace           0x20000d3c   Data           0  libspace.o(.bss)



==============================================================================

Memory Map of the image

  Image Entry point : 0x08000399

  Load Region LR_1 (Base: 0x08000000, Size: 0x00004288, Max: 0xffffffff, ABSOLUTE)

    Execution Region ER_RO (Base: 0x08000000, Size: 0x00004200, Max: 0xffffffff, ABSOLUTE)

    Base Addr    Size         Type   Attr      Idx    E Section Name        Object

    0x08000000   0x000000ec   Data   RO         2326    RESET               startup_stm32f10x_md.o
    0x080000ec   0x00000008   Code   RO         3662  * !!!main             c_w.l(__main.o)
    0x080000f4   0x00000034   Code   RO         5382    !!!scatter          c_w.l(__scatter.o)
    0x08000128   0x0000001a   Code   RO         5384    !!handler_copy      c_w.l(__scatter_copy.o)
    0x08000142   0x00000002   PAD
    0x08000144   0x0000001c   Code   RO         5386    !!handler_zi        c_w.l(__scatter_zi.o)
    0x08000160   0x00000000   Code   RO         4061    .ARM.Collect$$_printf_percent$$00000000  c_w.l(_printf_percent.o)
    0x08000160   0x00000006   Code   RO         4050    .ARM.Collect$$_printf_percent$$00000001  c_w.l(_printf_n.o)
    0x08000166   0x00000006   Code   RO         4052    .ARM.Collect$$_printf_percent$$00000002  c_w.l(_printf_p.o)
    0x0800016c   0x00000006   Code   RO         4057    .ARM.Collect$$_printf_percent$$00000003  c_w.l(_printf_f.o)
    0x08000172   0x00000006   Code   RO         4058    .ARM.Collect$$_printf_percent$$00000004  c_w.l(_printf_e.o)
    0x08000178   0x00000006   Code   RO         4059    .ARM.Collect$$_printf_percent$$00000005  c_w.l(_printf_g.o)
    0x0800017e   0x00000006   Code   RO         4060    .ARM.Collect$$_printf_percent$$00000006  c_w.l(_printf_a.o)
    0x08000184   0x0000000a   Code   RO         4065    .ARM.Collect$$_printf_percent$$00000007  c_w.l(_printf_ll.o)
    0x0800018e   0x00000006   Code   RO         4054    .ARM.Collect$$_printf_percent$$00000008  c_w.l(_printf_i.o)
    0x08000194   0x00000006   Code   RO         4055    .ARM.Collect$$_printf_percent$$00000009  c_w.l(_printf_d.o)
    0x0800019a   0x00000006   Code   RO         4056    .ARM.Collect$$_printf_percent$$0000000A  c_w.l(_printf_u.o)
    0x080001a0   0x00000006   Code   RO         4053    .ARM.Collect$$_printf_percent$$0000000B  c_w.l(_printf_o.o)
    0x080001a6   0x00000006   Code   RO         4051    .ARM.Collect$$_printf_percent$$0000000C  c_w.l(_printf_x.o)
    0x080001ac   0x00000006   Code   RO         4062    .ARM.Collect$$_printf_percent$$0000000D  c_w.l(_printf_lli.o)
    0x080001b2   0x00000006   Code   RO         4063    .ARM.Collect$$_printf_percent$$0000000E  c_w.l(_printf_lld.o)
    0x080001b8   0x00000006   Code   RO         4064    .ARM.Collect$$_printf_percent$$0000000F  c_w.l(_printf_llu.o)
    0x080001be   0x00000006   Code   RO         4069    .ARM.Collect$$_printf_percent$$00000010  c_w.l(_printf_llo.o)
    0x080001c4   0x00000006   Code   RO         4070    .ARM.Collect$$_printf_percent$$00000011  c_w.l(_printf_llx.o)
    0x080001ca   0x0000000a   Code   RO         4066    .ARM.Collect$$_printf_percent$$00000012  c_w.l(_printf_l.o)
    0x080001d4   0x00000006   Code   RO         4048    .ARM.Collect$$_printf_percent$$00000013  c_w.l(_printf_c.o)
    0x080001da   0x00000006   Code   RO         4049    .ARM.Collect$$_printf_percent$$00000014  c_w.l(_printf_s.o)
    0x080001e0   0x00000006   Code   RO         4067    .ARM.Collect$$_printf_percent$$00000015  c_w.l(_printf_lc.o)
    0x080001e6   0x00000006   Code   RO         4068    .ARM.Collect$$_printf_percent$$00000016  c_w.l(_printf_ls.o)
    0x080001ec   0x00000004   Code   RO         4355    .ARM.Collect$$_printf_percent$$00000017  c_w.l(_printf_percent_end.o)
    0x080001f0   0x00000002   Code   RO         5039    .ARM.Collect$$libinit$$00000000  c_w.l(libinit.o)
    0x080001f2   0x00000000   Code   RO         4082    .ARM.Collect$$libinit$$00000002  c_w.l(libinit2.o)
    0x080001f2   0x00000000   Code   RO         4084    .ARM.Collect$$libinit$$00000004  c_w.l(libinit2.o)
    0x080001f2   0x00000008   Code   RO         4085    .ARM.Collect$$libinit$$00000005  c_w.l(libinit2.o)
    0x080001fa   0x00000000   Code   RO         4087    .ARM.Collect$$libinit$$0000000A  c_w.l(libinit2.o)
    0x080001fa   0x00000000   Code   RO         4089    .ARM.Collect$$libinit$$0000000C  c_w.l(libinit2.o)
    0x080001fa   0x00000000   Code   RO         4091    .ARM.Collect$$libinit$$0000000E  c_w.l(libinit2.o)
    0x080001fa   0x00000006   Code   RO         4092    .ARM.Collect$$libinit$$0000000F  c_w.l(libinit2.o)
    0x08000200   0x00000000   Code   RO         4094    .ARM.Collect$$libinit$$00000011  c_w.l(libinit2.o)
    0x08000200   0x0000000c   Code   RO         4095    .ARM.Collect$$libinit$$00000012  c_w.l(libinit2.o)
    0x0800020c   0x00000000   Code   RO         4096    .ARM.Collect$$libinit$$00000013  c_w.l(libinit2.o)
    0x0800020c   0x00000000   Code   RO         4098    .ARM.Collect$$libinit$$00000015  c_w.l(libinit2.o)
    0x0800020c   0x0000000a   Code   RO         4099    .ARM.Collect$$libinit$$00000016  c_w.l(libinit2.o)
    0x08000216   0x00000000   Code   RO         4100    .ARM.Collect$$libinit$$00000017  c_w.l(libinit2.o)
    0x08000216   0x00000000   Code   RO         4102    .ARM.Collect$$libinit$$00000019  c_w.l(libinit2.o)
    0x08000216   0x00000000   Code   RO         4104    .ARM.Collect$$libinit$$0000001B  c_w.l(libinit2.o)
    0x08000216   0x00000000   Code   RO         4106    .ARM.Collect$$libinit$$0000001D  c_w.l(libinit2.o)
    0x08000216   0x00000000   Code   RO         4108    .ARM.Collect$$libinit$$0000001F  c_w.l(libinit2.o)
    0x08000216   0x00000000   Code   RO         4110    .ARM.Collect$$libinit$$00000021  c_w.l(libinit2.o)
    0x08000216   0x00000000   Code   RO         4112    .ARM.Collect$$libinit$$00000023  c_w.l(libinit2.o)
    0x08000216   0x00000000   Code   RO         4114    .ARM.Collect$$libinit$$00000025  c_w.l(libinit2.o)
    0x08000216   0x00000000   Code   RO         4118    .ARM.Collect$$libinit$$0000002C  c_w.l(libinit2.o)
    0x08000216   0x00000000   Code   RO         4120    .ARM.Collect$$libinit$$0000002E  c_w.l(libinit2.o)
    0x08000216   0x00000000   Code   RO         4122    .ARM.Collect$$libinit$$00000030  c_w.l(libinit2.o)
    0x08000216   0x00000004   Code   RO         4123    .ARM.Collect$$libinit$$00000031  c_w.l(libinit2.o)
    0x0800021a   0x00000000   Code   RO         4124    .ARM.Collect$$libinit$$00000032  c_w.l(libinit2.o)
    0x0800021a   0x00000002   Code   RO         4125    .ARM.Collect$$libinit$$00000033  c_w.l(libinit2.o)
    0x0800021c   0x00000002   Code   RO         5040    .ARM.Collect$$libshutdown$$00000000  c_w.l(libshutdown.o)
    0x0800021e   0x00000006   Code   RO         5239    .ARM.Collect$$libshutdown$$00000001  c_w.l(libshutdown2.o)
    0x08000224   0x00000000   Code   RO         5240    .ARM.Collect$$libshutdown$$00000002  c_w.l(libshutdown2.o)
    0x08000224   0x00000000   Code   RO         5242    .ARM.Collect$$libshutdown$$00000004  c_w.l(libshutdown2.o)
    0x08000224   0x00000000   Code   RO         5245    .ARM.Collect$$libshutdown$$00000007  c_w.l(libshutdown2.o)
    0x08000224   0x00000000   Code   RO         5248    .ARM.Collect$$libshutdown$$0000000A  c_w.l(libshutdown2.o)
    0x08000224   0x00000000   Code   RO         5250    .ARM.Collect$$libshutdown$$0000000C  c_w.l(libshutdown2.o)
    0x08000224   0x00000000   Code   RO         5253    .ARM.Collect$$libshutdown$$0000000F  c_w.l(libshutdown2.o)
    0x08000224   0x00000002   Code   RO         5254    .ARM.Collect$$libshutdown$$00000010  c_w.l(libshutdown2.o)
    0x08000226   0x00000000   Code   RO         3937    .ARM.Collect$$rtentry$$00000000  c_w.l(__rtentry.o)
    0x08000226   0x00000000   Code   RO         4306    .ARM.Collect$$rtentry$$00000002  c_w.l(__rtentry2.o)
    0x08000226   0x00000006   Code   RO         4318    .ARM.Collect$$rtentry$$00000004  c_w.l(__rtentry4.o)
    0x0800022c   0x00000000   Code   RO         4308    .ARM.Collect$$rtentry$$00000009  c_w.l(__rtentry2.o)
    0x0800022c   0x00000004   Code   RO         4309    .ARM.Collect$$rtentry$$0000000A  c_w.l(__rtentry2.o)
    0x08000230   0x00000008   Code   RO         4310    .ARM.Collect$$rtentry$$0000000B  c_w.l(__rtentry2.o)
    0x08000238   0x00000008   Code   RO         4312    .ARM.Collect$$rtentry$$0000000D  c_w.l(__rtentry2.o)
    0x08000240   0x00000002   Code   RO         3938    .ARM.Collect$$rtexit$$00000000  c_w.l(rtexit.o)
    0x08000242   0x00000000   Code   RO         4321    .ARM.Collect$$rtexit$$00000002  c_w.l(rtexit2.o)
    0x08000242   0x00000004   Code   RO         4322    .ARM.Collect$$rtexit$$00000003  c_w.l(rtexit2.o)
    0x08000246   0x00000006   Code   RO         4323    .ARM.Collect$$rtexit$$00000004  c_w.l(rtexit2.o)
    0x0800024c   0x0000001c   Code   RO         1077    .emb_text           rtx_conf_cm.o
    0x08000268   0x00000130   Code   RO         3572    .emb_text           RTX_CM3.lib(hal_cm3.o)
    0x08000398   0x00000000   Code   RO         4333    .emb_text           c_w.l(maybetermalloc1.o)
    0x08000398   0x00000040   Code   RO         2327  * .text               startup_stm32f10x_md.o
    0x080003d8   0x00000008   Code   RO         3587    .text               c_w.l(libspace.o)
    0x080003e0   0x0000009e   Code   RO         3598    .text               c_w.l(h1_alloc_mt.o)
    0x0800047e   0x00000076   Code   RO         3600    .text               c_w.l(h1_free_mt.o)
    0x080004f4   0x00000034   Code   RO         3654    .text               c_w.l(c89vsnprintf.o)
    0x08000528   0x00000012   Code   RO         3656    .text               c_w.l(exit.o)
    0x0800053a   0x00000006   Code   RO         3660    .text               c_w.l(heapauxi.o)
    0x08000540   0x00000024   Code   RO         3667    .text               c_w.l(init_aeabi.o)
    0x08000564   0x0000000a   Code   RO         3949    .text               c_w.l(rt_heap_descriptor_twolibspace.o)
    0x0800056e   0x0000000a   Code   RO         3956    .text               c_w.l(rt_new_handler_addr_twolibspace.o)
    0x08000578   0x00000004   Code   RO         3958    .text               c_w.l(hguard.o)
    0x0800057c   0x0000008a   Code   RO         3960    .text               c_w.l(init_alloc.o)
    0x08000606   0x00000012   Code   RO         3966    .text               c_w.l(h1_init_mt.o)
    0x08000618   0x0000004e   Code   RO         3980    .text               c_w.l(_printf_pad.o)
    0x08000666   0x00000024   Code   RO         3982    .text               c_w.l(_printf_truncate.o)
    0x0800068a   0x00000052   Code   RO         3984    .text               c_w.l(_printf_str.o)
    0x080006dc   0x00000078   Code   RO         3986    .text               c_w.l(_printf_dec.o)
    0x08000754   0x00000028   Code   RO         3988    .text               c_w.l(_printf_charcount.o)
    0x0800077c   0x00000030   Code   RO         3990    .text               c_w.l(_printf_char_common.o)
    0x080007ac   0x0000000a   Code   RO         3992    .text               c_w.l(_sputc.o)
    0x080007b6   0x00000010   Code   RO         3994    .text               c_w.l(_snputc.o)
    0x080007c6   0x00000002   PAD
    0x080007c8   0x000000bc   Code   RO         3996    .text               c_w.l(_printf_wctomb.o)
    0x08000884   0x0000007c   Code   RO         3999    .text               c_w.l(_printf_longlong_dec.o)
    0x08000900   0x00000070   Code   RO         4005    .text               c_w.l(_printf_oct_int_ll.o)
    0x08000970   0x00000094   Code   RO         4025    .text               c_w.l(_printf_hex_int_ll_ptr.o)
    0x08000a04   0x00000188   Code   RO         4045    .text               c_w.l(__printf_flags_ss_wp.o)
    0x08000b8c   0x0000000e   Code   RO         4071    .text               c_w.l(defsig_pvfn_outer.o)
    0x08000b9a   0x00000004   Code   RO         4261    .text               cpprt_w.l(arm_newhandler_noexceptions.o)
    0x08000b9e   0x0000003e   Code   RO         4337    .text               c_w.l(h1_extend_mt.o)
    0x08000bdc   0x0000008a   Code   RO         4339    .text               c_w.l(lludiv10.o)
    0x08000c66   0x000000b2   Code   RO         4345    .text               c_w.l(_printf_intcommon.o)
    0x08000d18   0x0000041a   Code   RO         4347    .text               c_w.l(_printf_fp_dec.o)
    0x08001132   0x0000002c   Code   RO         4351    .text               c_w.l(_printf_char.o)
    0x0800115e   0x0000002c   Code   RO         4353    .text               c_w.l(_printf_wchar.o)
    0x0800118a   0x00000040   Code   RO         4358    .text               c_w.l(_wcrtomb.o)
    0x080011ca   0x00000016   Code   RO         4360    .text               c_w.l(abort.o)
    0x080011e0   0x0000000a   Code   RO         4362    .text               c_w.l(defsig_exit.o)
    0x080011ea   0x0000000e   Code   RO         4364    .text               c_w.l(defsig_rtmem_outer.o)
    0x080011f8   0x00000030   Code   RO         4368    .text               c_w.l(defsig_pvfn_inner.o)
    0x08001228   0x0000001a   Code   RO         4904    .text               cpprt_w.l(arm_exceptions_terminate.o)
    0x08001242   0x00000002   PAD
    0x08001244   0x00000050   Code   RO         4907    .text               cpprt_w.l(arm_exceptions_globs.o)
    0x08001294   0x0000004a   Code   RO         4921    .text               c_w.l(sys_stackheap_outer.o)
    0x080012de   0x00000002   PAD
    0x080012e0   0x00000010   Code   RO         4923    .text               c_w.l(rt_ctype_table.o)
    0x080012f0   0x0000000a   Code   RO         4930    .text               c_w.l(rt_locale_twolibspace.o)
    0x080012fa   0x0000000a   Code   RO         4937    .text               c_w.l(rt_eh_globals_addr_twolibspace.o)
    0x08001304   0x00000080   Code   RO         4941    .text               c_w.l(_printf_fp_infnan.o)
    0x08001384   0x000000dc   Code   RO         4961    .text               c_w.l(bigflt0.o)
    0x08001460   0x0000002e   Code   RO         5004    .text               c_w.l(aeabi_atexit.o)
    0x0800148e   0x00000032   Code   RO         5009    .text               c_w.l(defsig_general.o)
    0x080014c0   0x0000000e   Code   RO         5011    .text               c_w.l(defsig_abrt_outer.o)
    0x080014ce   0x00000002   PAD
    0x080014d0   0x00000050   Code   RO         5019    .text               c_w.l(defsig_rtmem_inner.o)
    0x08001520   0x00000080   Code   RO         5027    .text               c_w.l(strcmpv7m.o)
    0x080015a0   0x0000003c   Code   RO         5151    .text               cpprt_w.l(arm_exceptions_mem.o)
    0x080015dc   0x0000000a   Code   RO         5182    .text               c_w.l(rt_ddtor_pointer_addr_twolibspace.o)
    0x080015e6   0x00000042   Code   RO         5230    .text               c_w.l(cxa_finalize.o)
    0x08001628   0x00000030   Code   RO         5233    .text               c_w.l(defsig_abrt_inner.o)
    0x08001658   0x0000003e   Code   RO         4964    CL$$btod_d2e        c_w.l(btod.o)
    0x08001696   0x00000046   Code   RO         4966    CL$$btod_d2e_denorm_low  c_w.l(btod.o)
    0x080016dc   0x00000060   Code   RO         4965    CL$$btod_d2e_norm_op1  c_w.l(btod.o)
    0x0800173c   0x00000338   Code   RO         4974    CL$$btod_div_common  c_w.l(btod.o)
    0x08001a74   0x000000c6   Code   RO         4971    CL$$btod_e2e        c_w.l(btod.o)
    0x08001b3a   0x00000028   Code   RO         4968    CL$$btod_ediv       c_w.l(btod.o)
    0x08001b62   0x00000028   Code   RO         4967    CL$$btod_emul       c_w.l(btod.o)
    0x08001b8a   0x00000244   Code   RO         4973    CL$$btod_mult_common  c_w.l(btod.o)
    0x08001dce   0x00000002   PAD
    0x08001dd0   0x00000004   Code   RO         3582    SVC_TABLE           RTX_CM3.lib(svc_table.o)
    0x08001dd4   0x00000116   Code   RO         1195    i.GPIO_Init         stm32f10x_gpio.o
    0x08001eea   0x00000002   PAD
    0x08001eec   0x00000020   Code   RO         1317    i.RCC_APB1PeriphClockCmd  stm32f10x_rcc.o
    0x08001f0c   0x00000020   Code   RO         1319    i.RCC_APB2PeriphClockCmd  stm32f10x_rcc.o
    0x08001f2c   0x000000d4   Code   RO         1327    i.RCC_GetClocksFreq  stm32f10x_rcc.o
    0x08002000   0x00000008   Code   RO         2334    i.SetSysClock       system_stm32f10x.o
    0x08002008   0x000000e0   Code   RO         2335    i.SetSysClockTo72   system_stm32f10x.o
    0x080020e8   0x00000060   Code   RO         2337    i.SystemInit        system_stm32f10x.o
    0x08002148   0x00000012   Code   RO         2087    i.USART_ClearFlag   stm32f10x_usart.o
    0x0800215a   0x00000018   Code   RO         2091    i.USART_Cmd         stm32f10x_usart.o
    0x08002172   0x0000001a   Code   RO         2094    i.USART_GetFlagStatus  stm32f10x_usart.o
    0x0800218c   0x0000004a   Code   RO         2097    i.USART_ITConfig    stm32f10x_usart.o
    0x080021d6   0x00000002   PAD
    0x080021d8   0x000000d8   Code   RO         2098    i.USART_Init        stm32f10x_usart.o
    0x080022b0   0x0000000a   Code   RO         2105    i.USART_ReceiveData  stm32f10x_usart.o
    0x080022ba   0x00000008   Code   RO         2108    i.USART_SendData    stm32f10x_usart.o
    0x080022c2   0x00000018   Code   RO         2114    i.USART_StructInit  stm32f10x_usart.o
    0x080022da   0x00000002   PAD
    0x080022dc   0x00000044   Code   RO          496    i._Z11InitThreadsv  osobjects.o
    0x08002320   0x000001a4   Code   RO          497    i._Z11RobotThreadPKv  osobjects.o
    0x080024c4   0x00000080   Code   RO          881    i._Z11USART2_initi  usart.o
    0x08002544   0x00000030   Code   RO          883    i._Z14USART2_getCharv  usart.o
    0x08002574   0x00000020   Code   RO          885    i._Z15USART2_sendCharc  usart.o
    0x08002594   0x0000002a   Code   RO          887    i._ZN12SerialStream4putsEPKc  usart.o
    0x080025be   0x00000036   Code   RO          888    i._ZN12SerialStream6printfEPKcz  usart.o
    0x080025f4   0x0000000a   Code   RO          889    i._ZN12SerialUSART27getCharEv  usart.o
    0x080025fe   0x0000000e   Code   RO          890    i._ZN12SerialUSART28sendCharEc  usart.o
    0x0800260c   0x00000020   Code   RO          891    i._ZN12SerialUSART2C1Ei  usart.o
    0x0800262c   0x0000005c   Code   RO          279    i._ZN5RobotC1Ev     robot.o
    0x08002688   0x00000054   Code   RO          318    i._ZN9UsartUser10GetCommandEv  user.o
    0x080026dc   0x00000064   Code   RO          320    i._ZN9UsartUserC1Ev  user.o
    0x08002740   0x00000008   Code   RO         4871    i._ZdaPv            cpprt_w.l(array_del.o)
    0x08002748   0x00000008   Code   RO         3824    i._ZdlPv            cpprt_w.l(delete.o)
    0x08002750   0x00000008   Code   RO         4874    i._Znaj             cpprt_w.l(array_new.o)
    0x08002758   0x00000028   Code   RO         3827    i._Znwj             cpprt_w.l(new.o)
    0x08002780   0x00000028   Code   RO         5175    i.__ARM_fpclassify  m_ws.l(fpclassify.o)
    0x080027a8   0x00000006   Code   RO         3831    i.__cxa_pure_virtual  cpprt_w.l(pure_virt.o)
    0x080027ae   0x00000002   PAD
    0x080027b0   0x00000010   Code   RO         4664    i.__sti___10_locale_cpp_ff99fc7b  cpp_ws.l(locale.o)
    0x080027c0   0x00000038   Code   RO         5046    i.__sti___10_rwcats_cpp_64e8068e  cpp_ws.l(rwcats.o)
    0x080027f8   0x00000010   Code   RO         4397    i.__sti___8_char_cpp_a3dc957a  cpp_ws.l(char.o)
    0x08002808   0x0000001c   Code   RO            4    i.__sti___8_main_cpp_usart  main.o
    0x08002824   0x00000046   Code   RO         3471    i._init_box         RTX_CM3.lib(rt_membox.o)
    0x0800286a   0x0000000e   Code   RO         4038    i._is_digit         c_w.l(__printf_wp.o)
    0x08002878   0x00000020   Code   RO         1079    i._mutex_acquire    rtx_conf_cm.o
    0x08002898   0x0000002c   Code   RO         1080    i._mutex_initialize  rtx_conf_cm.o
    0x080028c4   0x0000001c   Code   RO         1081    i._mutex_release    rtx_conf_cm.o
    0x080028e0   0x00000004   Code   RO         1010    i._sys_exit         retarget.o
    0x080028e4   0x00000002   Code   RO         1011    i._ttywrch          retarget.o
    0x080028e6   0x00000002   PAD
    0x080028e8   0x00000030   Code   RO         3524    i.dbg_init          RTX_CM3.lib(hal_cm.o)
    0x08002918   0x00000020   Code   RO         3525    i.dbg_task_notify   RTX_CM3.lib(hal_cm.o)
    0x08002938   0x00000010   Code   RO         3526    i.dbg_task_switch   RTX_CM3.lib(hal_cm.o)
    0x08002948   0x0000002a   Code   RO         2380    i.isrMessageGet     RTX_CM3.lib(rt_cmsis.o)
    0x08002972   0x0000002c   Code   RO         2381    i.isrMessagePut     RTX_CM3.lib(rt_cmsis.o)
    0x0800299e   0x00000024   Code   RO         2383    i.isrSignalSet      RTX_CM3.lib(rt_cmsis.o)
    0x080029c2   0x00000002   PAD
    0x080029c4   0x00000028   Code   RO         3208    i.isr_evt_set       RTX_CM3.lib(rt_event.o)
    0x080029ec   0x00000056   Code   RO         3326    i.isr_mbx_receive   RTX_CM3.lib(rt_mailbox.o)
    0x08002a42   0x0000000e   Code   RO         3327    i.isr_mbx_send      RTX_CM3.lib(rt_mailbox.o)
    0x08002a50   0x00000038   Code   RO            5    i.main              main.o
    0x08002a88   0x00000024   Code   RO         2385    i.osKernelInitialize  RTX_CM3.lib(rt_cmsis.o)
    0x08002aac   0x0000006c   Code   RO         2387    i.osKernelStart     RTX_CM3.lib(rt_cmsis.o)
    0x08002b18   0x00000018   Code   RO         2396    i.osMessageGet      RTX_CM3.lib(rt_cmsis.o)
    0x08002b30   0x0000002c   Code   RO         2398    i.osMutexCreate     RTX_CM3.lib(rt_cmsis.o)
    0x08002b5c   0x00000018   Code   RO         2400    i.osMutexRelease    RTX_CM3.lib(rt_cmsis.o)
    0x08002b74   0x00000018   Code   RO         2401    i.osMutexWait       RTX_CM3.lib(rt_cmsis.o)
    0x08002b8c   0x00000018   Code   RO         2411    i.osSignalSet       RTX_CM3.lib(rt_cmsis.o)
    0x08002ba4   0x00000018   Code   RO         2412    i.osSignalWait      RTX_CM3.lib(rt_cmsis.o)
    0x08002bbc   0x0000002c   Code   RO         2413    i.osThreadCreate    RTX_CM3.lib(rt_cmsis.o)
    0x08002be8   0x00000018   Code   RO         2414    i.osThreadExit      RTX_CM3.lib(rt_cmsis.o)
    0x08002c00   0x0000000c   Code   RO         2420    i.osTimerCall       RTX_CM3.lib(rt_cmsis.o)
    0x08002c0c   0x0000002c   Code   RO         2425    i.osTimerThread     RTX_CM3.lib(rt_cmsis.o)
    0x08002c38   0x00000022   Code   RO         1082    i.os_error          rtx_conf_cm.o
    0x08002c5a   0x00000004   Code   RO         1083    i.os_idle_demon     rtx_conf_cm.o
    0x08002c5e   0x00000002   PAD
    0x08002c60   0x00000028   Code   RO         3118    i.os_tick_init      RTX_CM3.lib(rt_system.o)
    0x08002c88   0x00000002   Code   RO         3119    i.os_tick_irqack    RTX_CM3.lib(rt_system.o)
    0x08002c8a   0x0000001a   Code   RO         3472    i.rt_alloc_box      RTX_CM3.lib(rt_membox.o)
    0x08002ca4   0x0000003e   Code   RO         3500    i.rt_alloc_mem      RTX_CM3.lib(rt_memory.o)
    0x08002ce2   0x00000002   PAD
    0x08002ce4   0x00000038   Code   RO         2999    i.rt_block          RTX_CM3.lib(rt_task.o)
    0x08002d1c   0x00000048   Code   RO         3449    i.rt_chk_robin      RTX_CM3.lib(rt_robin.o)
    0x08002d64   0x00000070   Code   RO         3250    i.rt_dec_dly        RTX_CM3.lib(rt_list.o)
    0x08002dd4   0x00000044   Code   RO         3000    i.rt_dispatch       RTX_CM3.lib(rt_task.o)
    0x08002e18   0x00000050   Code   RO         3211    i.rt_evt_psh        RTX_CM3.lib(rt_event.o)
    0x08002e68   0x0000005c   Code   RO         3212    i.rt_evt_set        RTX_CM3.lib(rt_event.o)
    0x08002ec4   0x0000003c   Code   RO         3213    i.rt_evt_wait       RTX_CM3.lib(rt_event.o)
    0x08002f00   0x0000002c   Code   RO         3473    i.rt_free_box       RTX_CM3.lib(rt_membox.o)
    0x08002f2c   0x00000028   Code   RO         3501    i.rt_free_mem       RTX_CM3.lib(rt_memory.o)
    0x08002f54   0x00000028   Code   RO         3251    i.rt_get_first      RTX_CM3.lib(rt_list.o)
    0x08002f7c   0x00000008   Code   RO         2430    i.rt_id2obj         RTX_CM3.lib(rt_cmsis.o)
    0x08002f84   0x00000048   Code   RO         3001    i.rt_init_context   RTX_CM3.lib(rt_task.o)
    0x08002fcc   0x0000001a   Code   RO         3502    i.rt_init_mem       RTX_CM3.lib(rt_memory.o)
    0x08002fe6   0x00000002   PAD
    0x08002fe8   0x00000018   Code   RO         3450    i.rt_init_robin     RTX_CM3.lib(rt_robin.o)
    0x08003000   0x00000080   Code   RO         3527    i.rt_init_stack     RTX_CM3.lib(hal_cm.o)
    0x08003080   0x00000008   Code   RO         3328    i.rt_mbx_check      RTX_CM3.lib(rt_mailbox.o)
    0x08003088   0x0000001a   Code   RO         3329    i.rt_mbx_init       RTX_CM3.lib(rt_mailbox.o)
    0x080030a2   0x00000002   PAD
    0x080030a4   0x000000f0   Code   RO         3330    i.rt_mbx_psh        RTX_CM3.lib(rt_mailbox.o)
    0x08003194   0x000000b4   Code   RO         3332    i.rt_mbx_wait       RTX_CM3.lib(rt_mailbox.o)
    0x08003248   0x00000044   Code   RO         2431    i.rt_ms2tick        RTX_CM3.lib(rt_cmsis.o)
    0x0800328c   0x00000010   Code   RO         3084    i.rt_mut_init       RTX_CM3.lib(rt_mutex.o)
    0x0800329c   0x000000d8   Code   RO         3085    i.rt_mut_release    RTX_CM3.lib(rt_mutex.o)
    0x08003374   0x00000078   Code   RO         3086    i.rt_mut_wait       RTX_CM3.lib(rt_mutex.o)
    0x080033ec   0x0000007c   Code   RO         3122    i.rt_pop_req        RTX_CM3.lib(rt_system.o)
    0x08003468   0x00000020   Code   RO         3123    i.rt_psh_req        RTX_CM3.lib(rt_system.o)
    0x08003488   0x0000005c   Code   RO         3253    i.rt_psq_enq        RTX_CM3.lib(rt_list.o)
    0x080034e4   0x00000048   Code   RO         3254    i.rt_put_dly        RTX_CM3.lib(rt_list.o)
    0x0800352c   0x00000036   Code   RO         3255    i.rt_put_prio       RTX_CM3.lib(rt_list.o)
    0x08003562   0x00000002   PAD
    0x08003564   0x00000014   Code   RO         3256    i.rt_put_rdy_first  RTX_CM3.lib(rt_list.o)
    0x08003578   0x00000034   Code   RO         3257    i.rt_resort_prio    RTX_CM3.lib(rt_list.o)
    0x080035ac   0x00000006   Code   RO         3528    i.rt_ret_val        RTX_CM3.lib(hal_cm.o)
    0x080035b2   0x00000008   Code   RO         3529    i.rt_ret_val2       RTX_CM3.lib(hal_cm.o)
    0x080035ba   0x00000028   Code   RO         3258    i.rt_rmv_dly        RTX_CM3.lib(rt_list.o)
    0x080035e2   0x00000002   PAD
    0x080035e4   0x00000030   Code   RO         3259    i.rt_rmv_list       RTX_CM3.lib(rt_list.o)
    0x08003614   0x00000034   Code   RO         3377    i.rt_sem_psh        RTX_CM3.lib(rt_semaphore.o)
    0x08003648   0x00000024   Code   RO         3125    i.rt_stk_check      RTX_CM3.lib(rt_system.o)
    0x0800366c   0x00000028   Code   RO         3002    i.rt_switch_req     RTX_CM3.lib(rt_task.o)
    0x08003694   0x000000cc   Code   RO         3003    i.rt_sys_init       RTX_CM3.lib(rt_task.o)
    0x08003760   0x00000078   Code   RO         3004    i.rt_sys_start      RTX_CM3.lib(rt_task.o)
    0x080037d8   0x00000040   Code   RO         3127    i.rt_systick        RTX_CM3.lib(rt_system.o)
    0x08003818   0x00000012   Code   RO         2432    i.rt_tid2ptcb       RTX_CM3.lib(rt_cmsis.o)
    0x0800382a   0x00000002   PAD
    0x0800382c   0x00000034   Code   RO         2433    i.rt_timer_insert   RTX_CM3.lib(rt_cmsis.o)
    0x08003860   0x00000088   Code   RO         3005    i.rt_tsk_create     RTX_CM3.lib(rt_task.o)
    0x080038e8   0x0000017c   Code   RO         3006    i.rt_tsk_delete     RTX_CM3.lib(rt_task.o)
    0x08003a64   0x0000007c   Code   RO         3008    i.rt_tsk_prio       RTX_CM3.lib(rt_task.o)
    0x08003ae0   0x00000010   Code   RO         3009    i.rt_tsk_self       RTX_CM3.lib(rt_task.o)
    0x08003af0   0x00000070   Code   RO         2436    i.svcKernelInitialize  RTX_CM3.lib(rt_cmsis.o)
    0x08003b60   0x00000048   Code   RO         2438    i.svcKernelStart    RTX_CM3.lib(rt_cmsis.o)
    0x08003ba8   0x00000024   Code   RO         2441    i.svcMessageCreate  RTX_CM3.lib(rt_cmsis.o)
    0x08003bcc   0x0000003a   Code   RO         2442    i.svcMessageGet     RTX_CM3.lib(rt_cmsis.o)
    0x08003c06   0x0000001c   Code   RO         2444    i.svcMutexCreate    RTX_CM3.lib(rt_cmsis.o)
    0x08003c22   0x00000022   Code   RO         2446    i.svcMutexRelease   RTX_CM3.lib(rt_cmsis.o)
    0x08003c44   0x0000003a   Code   RO         2447    i.svcMutexWait      RTX_CM3.lib(rt_cmsis.o)
    0x08003c7e   0x00000024   Code   RO         2454    i.svcSignalSet      RTX_CM3.lib(rt_cmsis.o)
    0x08003ca2   0x00000002   PAD
    0x08003ca4   0x00000054   Code   RO         2455    i.svcSignalWait     RTX_CM3.lib(rt_cmsis.o)
    0x08003cf8   0x0000006c   Code   RO         2456    i.svcThreadCreate   RTX_CM3.lib(rt_cmsis.o)
    0x08003d64   0x0000001c   Code   RO         2457    i.svcThreadGetId    RTX_CM3.lib(rt_cmsis.o)
    0x08003d80   0x00000038   Code   RO         2460    i.svcThreadTerminate  RTX_CM3.lib(rt_cmsis.o)
    0x08003db8   0x00000018   Code   RO         2462    i.svcTimerCall      RTX_CM3.lib(rt_cmsis.o)
    0x08003dd0   0x0000005c   Code   RO         2471    i.sysTimerTick      RTX_CM3.lib(rt_cmsis.o)
    0x08003e2c   0x0000002c   Code   RO         4999    locale$$code        c_w.l(lc_numeric_c.o)
    0x08003e58   0x0000002c   Code   RO         5223    locale$$code        c_w.l(lc_ctype_c.o)
    0x08003e84   0x0000000e   Code   RO         5062    t._ZN4__rw18__rw_locale_vectorIPNS_8__rw_catEED1Ev  cpp_ws.l(rwcats.o)
    0x08003e92   0x00000004   Code   RO         4299    x$fpl$printf1       fz_ws.l(printf1.o)
    0x08003e96   0x00000000   Code   RO         5174    x$fpl$usenofp       fz_ws.l(usenofp.o)
    0x08003e96   0x00000002   PAD
    0x08003e98   0x00000078   Data   RO          324    .constdata          user.o
    0x08003f10   0x00000014   Data   RO          502    .constdata          osobjects.o
    0x08003f24   0x00000068   Data   RO         1085    .constdata          rtx_conf_cm.o
    0x08003f8c   0x00000008   Data   RO         3997    .constdata          c_w.l(_printf_wctomb.o)
    0x08003f94   0x00000028   Data   RO         4026    .constdata          c_w.l(_printf_hex_int_ll_ptr.o)
    0x08003fbc   0x00000011   Data   RO         4046    .constdata          c_w.l(__printf_flags_ss_wp.o)
    0x08003fcd   0x00000003   PAD
    0x08003fd0   0x00000094   Data   RO         4962    .constdata          c_w.l(bigflt0.o)
    0x08004064   0x00000010   Data   RO          344    .constdata__ZTV12SerialStream  user.o
    0x08004074   0x00000010   Data   RO          967    .constdata__ZTV12SerialUSART2  usart.o
    0x08004084   0x00000010   Data   RO          346    .constdata__ZTV13UserInterface  user.o
    0x08004094   0x00000010   Data   RO          342    .constdata__ZTV9UsartUser  user.o
    0x080040a4   0x00000020   Data   RO         5381    Region$$Table       anon$$obj.o
    0x080040c4   0x0000001c   Data   RO         4998    locale$$data        c_w.l(lc_numeric_c.o)
    0x080040e0   0x00000110   Data   RO         5222    locale$$data        c_w.l(lc_ctype_c.o)
    0x080041f0   0x00000004   Data   RO           10    .init_array         main.o
    0x080041f4   0x00000000   Data   RO         3665    .init_array         c_w.l(init_aeabi.o)
    0x080041f4   0x00000004   Data   RO         4419    .init_array         cpp_ws.l(char.o)
    0x080041f8   0x00000004   Data   RO         4712    .init_array         cpp_ws.l(locale.o)
    0x080041fc   0x00000004   Data   RO         5056    .init_array         cpp_ws.l(rwcats.o)


    Execution Region ER_RW (Base: 0x20000000, Size: 0x00000088, Max: 0xffffffff, ABSOLUTE)

    Base Addr    Size         Type   Attr      Idx    E Section Name        Object

    0x20000000   0x00000004   Data   RW            9    .data               main.o
    0x20000004   0x00000008   Data   RW          503    .data               osobjects.o
    0x2000000c   0x00000014   Data   RW         1086    .data               rtx_conf_cm.o
    0x20000020   0x00000014   Data   RW         1347    .data               stm32f10x_rcc.o
    0x20000034   0x00000008   Data   RW         2474    .data               RTX_CM3.lib(rt_cmsis.o)
    0x2000003c   0x00000008   Data   RW         3011    .data               RTX_CM3.lib(rt_task.o)
    0x20000044   0x00000008   Data   RW         3130    .data               RTX_CM3.lib(rt_system.o)
    0x2000004c   0x00000004   Data   RW         3420    .data               RTX_CM3.lib(rt_time.o)
    0x20000050   0x00000008   Data   RW         3451    .data               RTX_CM3.lib(rt_robin.o)
    0x20000058   0x00000001   Data   RW         3530    .data               RTX_CM3.lib(hal_cm.o)
    0x20000059   0x00000003   PAD
    0x2000005c   0x00000008   Data   RW         4418    .data               cpp_ws.l(char.o)
    0x20000064   0x0000001c   Data   RW         4711    .data               cpp_ws.l(locale.o)
    0x20000080   0x00000008   Data   RW         5055    .data               cpp_ws.l(rwcats.o)


    Execution Region ER_ZI (Base: 0x20000088, Size: 0x000012b8, Max: 0xffffffff, ABSOLUTE)

    Base Addr    Size         Type   Attr      Idx    E Section Name        Object

    0x20000088   0x00000014   Zero   RW            8    .bss                main.o
    0x2000009c   0x00000010   Zero   RW          501    .bss                osobjects.o
    0x200000ac   0x00000004   PAD
    0x200000b0   0x00000bc8   Zero   RW         1084    .bss                rtx_conf_cm.o
    0x20000c78   0x00000034   Zero   RW         3010    .bss                RTX_CM3.lib(rt_task.o)
    0x20000cac   0x00000030   Zero   RW         3260    .bss                RTX_CM3.lib(rt_list.o)
    0x20000cdc   0x00000060   Zero   RW         3588    .bss                c_w.l(libspace.o)
    0x20000d3c   0x00000004   PAD
    0x20000d40   0x00000200   Zero   RW         2325    HEAP                startup_stm32f10x_md.o
    0x20000f40   0x00000400   Zero   RW         2324    STACK               startup_stm32f10x_md.o


==============================================================================

Image component sizes


      Code (inc. data)   RO Data    RW Data    ZI Data      Debug   Object Name

         0          0          0          0          0     229828   delay.o
        84         30          4          4         20      11627   main.o
         0          0          0          0          0      15824   motor.o
       488        188         20          8         16       2707   osobjects.o
         6          0          0          0          0        815   retarget.o
        92         28          0          0          0       5790   robot.o
       170         36        104         20       3016       9643   rtx_conf_cm.o
        64         26        236          0       1536        808   startup_stm32f10x_md.o
       278          0          0          0          0       2080   stm32f10x_gpio.o
       276         32          0         20          0       4606   stm32f10x_rcc.o
       400          6          0          0          0       6854   stm32f10x_usart.o
       328         28          0          0          0       1941   system_stm32f10x.o
       360         28         16          0          0       4077   usart.o
       184         52        168          0          0       3088   user.o

    ----------------------------------------------------------------------
      2740        454        580         52       4592     299688   Object Totals
         0          0         32          0          0          0   (incl. Generated)
        10          0          0          0          4          0   (incl. Padding)

    ----------------------------------------------------------------------

      Code (inc. data)   RO Data    RW Data    ZI Data      Debug   Library Member Name

       238         24          0          1          0       3312   hal_cm.o
       304         36          0          0          0        768   hal_cm3.o
      1526        174          0          8          0      38905   rt_cmsis.o
       272         18          0          0          0       2650   rt_event.o
       530         34          0          0         48       8253   rt_list.o
       554         10          0          0          0       3949   rt_mailbox.o
       140          0          0          0          0       1925   rt_membox.o
       128          0          0          0          0       2307   rt_memory.o
       352         14          0          0          0       2105   rt_mutex.o
        96         22          0          8          0       1158   rt_robin.o
        52          4          0          0          0        573   rt_semaphore.o
       298         52          0          8          0       6223   rt_system.o
      1216        174          0          8         52       9649   rt_task.o
         0          0          0          4          0        214   rt_time.o
         4          4          0          0          0        208   svc_table.o
         8          0          0          0          0         68   __main.o
       392          4         17          0          0         92   __printf_flags_ss_wp.o
        14          0          0          0          0         68   __printf_wp.o
         0          0          0          0          0          0   __rtentry.o
        20          0          0          0          0          0   __rtentry2.o
         6          0          0          0          0          0   __rtentry4.o
        52          8          0          0          0          0   __scatter.o
        26          0          0          0          0          0   __scatter_copy.o
        28          0          0          0          0          0   __scatter_zi.o
         6          0          0          0          0          0   _printf_a.o
         6          0          0          0          0          0   _printf_c.o
        44          0          0          0          0        108   _printf_char.o
        48          6          0          0          0         96   _printf_char_common.o
        40          0          0          0          0         68   _printf_charcount.o
         6          0          0          0          0          0   _printf_d.o
       120         16          0          0          0         92   _printf_dec.o
         6          0          0          0          0          0   _printf_e.o
         6          0          0          0          0          0   _printf_f.o
      1050          0          0          0          0        216   _printf_fp_dec.o
       128         16          0          0          0         84   _printf_fp_infnan.o
         6          0          0          0          0          0   _printf_g.o
       148          4         40          0          0        160   _printf_hex_int_ll_ptr.o
         6          0          0          0          0          0   _printf_i.o
       178          0          0          0          0         88   _printf_intcommon.o
        10          0          0          0          0          0   _printf_l.o
         6          0          0          0          0          0   _printf_lc.o
        10          0          0          0          0          0   _printf_ll.o
         6          0          0          0          0          0   _printf_lld.o
         6          0          0          0          0          0   _printf_lli.o
         6          0          0          0          0          0   _printf_llo.o
         6          0          0          0          0          0   _printf_llu.o
         6          0          0          0          0          0   _printf_llx.o
       124         16          0          0          0         92   _printf_longlong_dec.o
         6          0          0          0          0          0   _printf_ls.o
         6          0          0          0          0          0   _printf_n.o
         6          0          0          0          0          0   _printf_o.o
       112          8          0          0          0        124   _printf_oct_int_ll.o
         6          0          0          0          0          0   _printf_p.o
        78          0          0          0          0        108   _printf_pad.o
         0          0          0          0          0          0   _printf_percent.o
         4          0          0          0          0          0   _printf_percent_end.o
         6          0          0          0          0          0   _printf_s.o
        82          0          0          0          0         80   _printf_str.o
        36          0          0          0          0         84   _printf_truncate.o
         6          0          0          0          0          0   _printf_u.o
        44          0          0          0          0        108   _printf_wchar.o
       188          6          8          0          0         92   _printf_wctomb.o
         6          0          0          0          0          0   _printf_x.o
        16          0          0          0          0         68   _snputc.o
        10          0          0          0          0         68   _sputc.o
        64          0          0          0          0         92   _wcrtomb.o
        22          0          0          0          0         80   abort.o
        46          0          0          0          0         84   aeabi_atexit.o
       220          4        148          0          0         96   bigflt0.o
      1910        128          0          0          0        672   btod.o
        52          4          0          0          0         80   c89vsnprintf.o
        66          0          0          0          0         84   cxa_finalize.o
        48         34          0          0          0         76   defsig_abrt_inner.o
        14          0          0          0          0         80   defsig_abrt_outer.o
        10          0          0          0          0         68   defsig_exit.o
        50          0          0          0          0         88   defsig_general.o
        48         34          0          0          0         76   defsig_pvfn_inner.o
        14          0          0          0          0         80   defsig_pvfn_outer.o
        80         58          0          0          0         76   defsig_rtmem_inner.o
        14          0          0          0          0         80   defsig_rtmem_outer.o
        18          0          0          0          0         80   exit.o
       158          0          0          0          0        128   h1_alloc_mt.o
        62          0          0          0          0         80   h1_extend_mt.o
       118          0          0          0          0        108   h1_free_mt.o
        18          0          0          0          0         84   h1_init_mt.o
         6          0          0          0          0        152   heapauxi.o
         4          0          0          0          0        136   hguard.o
        36         10          0          0          0         80   init_aeabi.o
       138          0          0          0          0        168   init_alloc.o
        44         10        272          0          0         76   lc_ctype_c.o
        44         10         28          0          0         76   lc_numeric_c.o
         2          0          0          0          0          0   libinit.o
        42          0          0          0          0          0   libinit2.o
         2          0          0          0          0          0   libshutdown.o
         8          0          0          0          0          0   libshutdown2.o
         8          4          0          0         96         68   libspace.o
       138          0          0          0          0         80   lludiv10.o
         0          0          0          0          0          0   maybetermalloc1.o
        16          4          0          0          0         76   rt_ctype_table.o
        10          0          0          0          0         76   rt_ddtor_pointer_addr_twolibspace.o
        10          0          0          0          0         76   rt_eh_globals_addr_twolibspace.o
        10          0          0          0          0         76   rt_heap_descriptor_twolibspace.o
        10          0          0          0          0         76   rt_locale_twolibspace.o
        10          0          0          0          0         76   rt_new_handler_addr_twolibspace.o
         2          0          0          0          0          0   rtexit.o
        10          0          0          0          0          0   rtexit2.o
       128          0          0          0          0         68   strcmpv7m.o
        74          0          0          0          0         80   sys_stackheap_outer.o
        16          4          4          8          0         68   char.o
        16          4          4         28          0         68   locale.o
        70         14          4          8          0        164   rwcats.o
        80         12          0          0          0        104   arm_exceptions_globs.o
        60          0          0          0          0        108   arm_exceptions_mem.o
        26          0          0          0          0         76   arm_exceptions_terminate.o
         4          0          0          0          0         68   arm_newhandler_noexceptions.o
         8          0          0          0          0         76   array_del.o
         8          0          0          0          0         76   array_new.o
         8          0          0          0          0         76   delete.o
        40          6          0          0          0         76   new.o
         6          0          0          0          0         68   pure_virt.o
         4          0          0          0          0         68   printf1.o
         0          0          0          0          0          0   usenofp.o
        40          0          0          0          0         68   fpclassify.o

    ----------------------------------------------------------------------
     13048        990        528         84        200      89059   Library Totals
        32          0          3          3          4          0   (incl. Padding)

    ----------------------------------------------------------------------

      Code (inc. data)   RO Data    RW Data    ZI Data      Debug   Library Name

      5710        566          0         37        100      82199   RTX_CM3.lib
      6920        384        513          0         96       5696   c_w.l
       102         22         12         44          0        300   cpp_ws.l
       240         18          0          0          0        728   cpprt_w.l
         4          0          0          0          0         68   fz_ws.l
        40          0          0          0          0         68   m_ws.l

    ----------------------------------------------------------------------
     13048        990        528         84        200      89059   Library Totals

    ----------------------------------------------------------------------

==============================================================================


      Code (inc. data)   RO Data    RW Data    ZI Data      Debug   

     15788       1444       1108        136       4792     378759   Grand Totals
     15788       1444       1108        136       4792     378759   ELF Image Totals
     15788       1444       1108        136          0          0   ROM Totals

==============================================================================

    Total RO  Size (Code + RO Data)                16896 (  16.50kB)
    Total RW  Size (RW Data + ZI Data)              4928 (   4.81kB)
    Total ROM Size (Code + RO Data + RW Data)      17032 (  16.63kB)

==============================================================================

