Component: ARM Compiler 5.06 update 6 (build 750) Tool: armlink [4d35ed]

==============================================================================

Section Cross References

    main.o(i.__sti___8_main_cpp_usart) refers to usart.o(i._ZN12SerialUSART2C1Ei) for SerialUSART2::SerialUSART2(int)
    main.o(i.__sti___8_main_cpp_usart) refers to main.o(.data) for usart
    main.o(i.main) refers to usart.o(i._ZN12SerialStream6printfEPKcz) for SerialStream::printf(const char*, ...)
    main.o(i.main) refers to rt_cmsis.o(i.osKernelInitialize) for osKernelInitialize
    main.o(i.main) refers to osobjects.o(i._Z11InitThreadsv) for InitThreads()
    main.o(i.main) refers to rt_cmsis.o(i.osKernelStart) for osKernelStart
    main.o(i.main) refers to rt_cmsis.o(i.osSignalSet) for osSignalSet
    main.o(i.main) refers to main.o(.data) for usart
    main.o(i.main) refers to osobjects.o(.data) for robot_thread_id
    main.o(.ARM.exidx) refers to main.o(i.main) for i.main
    main.o(.ARM.exidx) refers to main.o(i.__sti___8_main_cpp_usart) for i.__sti___8_main_cpp_usart
    main.o(.init_array) refers to main.o(i.__sti___8_main_cpp_usart) for __sti___8_main_cpp_usart
    main.o(.init_array) refers to init_aeabi.o(.text) for __cpp_initialize__aeabi_
    robot.o(i._ZN5RobotC1Ev) refers to rt_cmsis.o(i.osMutexWait) for osMutexWait
    robot.o(i._ZN5RobotC1Ev) refers to usart.o(i._ZN12SerialStream6printfEPKcz) for SerialStream::printf(const char*, ...)
    robot.o(i._ZN5RobotC1Ev) refers to rt_cmsis.o(i.osMutexRelease) for osMutexRelease
    robot.o(i._ZN5RobotC1Ev) refers to new.o(i._Znwj) for operator new(unsigned)
    robot.o(i._ZN5RobotC1Ev) refers to user.o(i._ZN9UsartUserC1Ev) for UsartUser::UsartUser()
    robot.o(i._ZN5RobotC1Ev) refers to osobjects.o(.data) for mid_serial
    robot.o(i._ZN5RobotC1Ev) refers to main.o(.data) for usart
    robot.o(i._ZN5RobotD1Ev) refers to usart.o(i._ZN12SerialStream6printfEPKcz) for SerialStream::printf(const char*, ...)
    robot.o(i._ZN5RobotD1Ev) refers to main.o(.data) for usart
    robot.o(.ARM.exidx) refers to robot.o(i._ZN5RobotC1Ev) for i._ZN5RobotC1Ev
    robot.o(.ARM.exidx) refers to robot.o(i._ZN5Robot11Set_RoutineEP16RoutineInterface) for i._ZN5Robot11Set_RoutineEP16RoutineInterface
    robot.o(.ARM.exidx) refers to robot.o(i._ZN5Robot14Delete_RoutineEv) for i._ZN5Robot14Delete_RoutineEv
    robot.o(.ARM.exidx) refers to robot.o(i._ZN5RobotD1Ev) for i._ZN5RobotD1Ev
    user.o(i._ZN9UsartUser10GetCommandEv) refers to rt_cmsis.o(i.osMutexWait) for osMutexWait
    user.o(i._ZN9UsartUser10GetCommandEv) refers to usart.o(i._ZN12SerialUSART27getCharEv) for SerialUSART2::getChar()
    user.o(i._ZN9UsartUser10GetCommandEv) refers to rt_cmsis.o(i.osMutexRelease) for osMutexRelease
    user.o(i._ZN9UsartUser10GetCommandEv) refers to osobjects.o(.data) for mid_serial
    user.o(i._ZN9UsartUser10GetCommandEv) refers to main.o(.data) for usart
    user.o(i._ZN9UsartUser10GetCommandEv) refers to user.o(.constdata) for CommandMap
    user.o(i._ZN9UsartUser8SendDataE14StatusDataType) refers to rt_cmsis.o(i.osMutexWait) for osMutexWait
    user.o(i._ZN9UsartUser8SendDataE14StatusDataType) refers to usart.o(i._ZN12SerialStream4putsEPKc) for SerialStream::puts(const char*)
    user.o(i._ZN9UsartUser8SendDataE14StatusDataType) refers to rt_cmsis.o(i.osMutexRelease) for osMutexRelease
    user.o(i._ZN9UsartUser8SendDataE14StatusDataType) refers to osobjects.o(.data) for mid_serial
    user.o(i._ZN9UsartUserC1Ev) refers to rt_cmsis.o(i.osMutexWait) for osMutexWait
    user.o(i._ZN9UsartUserC1Ev) refers to usart.o(i._ZN12SerialStream6printfEPKcz) for SerialStream::printf(const char*, ...)
    user.o(i._ZN9UsartUserC1Ev) refers to rt_cmsis.o(i.osMutexRelease) for osMutexRelease
    user.o(i._ZN9UsartUserC1Ev) refers to user.o(.constdata__ZTV13UserInterface) for vtable for UserInterface
    user.o(i._ZN9UsartUserC1Ev) refers to user.o(.constdata__ZTV9UsartUser) for vtable for UsartUser
    user.o(i._ZN9UsartUserC1Ev) refers to user.o(.constdata__ZTV12SerialStream) for vtable for SerialStream
    user.o(i._ZN9UsartUserC1Ev) refers to usart.o(.constdata__ZTV12SerialUSART2) for vtable for SerialUSART2
    user.o(i._ZN9UsartUserC1Ev) refers to osobjects.o(.data) for mid_serial
    user.o(i._ZN9UsartUserC1Ev) refers to main.o(.data) for usart
    user.o(.ARM.exidx) refers to user.o(i._ZN9UsartUserC1Ev) for i._ZN9UsartUserC1Ev
    user.o(.ARM.exidx) refers to user.o(i._ZN9UsartUser10GetCommandEv) for i._ZN9UsartUser10GetCommandEv
    user.o(.ARM.exidx) refers to user.o(i._ZN9UsartUser8SendDataE14StatusDataType) for i._ZN9UsartUser8SendDataE14StatusDataType
    routine.o(i._ZN11GateRoutine11LoadRoutineEv) refers to usart.o(i._ZN12SerialStream6printfEPKcz) for SerialStream::printf(const char*, ...)
    routine.o(i._ZN11GateRoutine11LoadRoutineEv) refers to main.o(.data) for usart
[...]
    __rt_lib_init_rand_1                     0x080001fb   Thumb Code     0  libinit2.o(.ARM.Collect$$libinit$$0000000E)
    __rt_lib_init_user_alloc_1               0x080001fb   Thumb Code     0  libinit2.o(.ARM.Collect$$libinit$$0000000C)
    __rt_lib_init_lc_collate_1               0x08000201   Thumb Code     0  libinit2.o(.ARM.Collect$$libinit$$00000011)
    __rt_lib_init_lc_ctype_2                 0x08000201   Thumb Code     0  libinit2.o(.ARM.Collect$$libinit$$00000012)
    __rt_lib_init_lc_ctype_1                 0x0800020d   Thumb Code     0  libinit2.o(.ARM.Collect$$libinit$$00000013)
    __rt_lib_init_lc_monetary_1              0x0800020d   Thumb Code     0  libinit2.o(.ARM.Collect$$libinit$$00000015)
    __rt_lib_init_lc_numeric_2               0x0800020d   Thumb Code     0  libinit2.o(.ARM.Collect$$libinit$$00000016)
    __rt_lib_init_alloca_1                   0x08000217   Thumb Code     0  libinit2.o(.ARM.Collect$$libinit$$0000002E)
    __rt_lib_init_argv_1                     0x08000217   Thumb Code     0  libinit2.o(.ARM.Collect$$libinit$$0000002C)
    __rt_lib_init_atexit_1                   0x08000217   Thumb Code     0  libinit2.o(.ARM.Collect$$libinit$$0000001B)
    __rt_lib_init_clock_1                    0x08000217   Thumb Code     0  libinit2.o(.ARM.Collect$$libinit$$00000021)
    __rt_lib_init_cpp_2                      0x08000217   Thumb Code     0  libinit2.o(.ARM.Collect$$libinit$$00000031)
    __rt_lib_init_exceptions_1               0x08000217   Thumb Code     0  libinit2.o(.ARM.Collect$$libinit$$00000030)
    __rt_lib_init_fp_trap_1                  0x08000217   Thumb Code     0  libinit2.o(.ARM.Collect$$libinit$$0000001F)
    __rt_lib_init_getenv_1                   0x08000217   Thumb Code     0  libinit2.o(.ARM.Collect$$libinit$$00000023)
    __rt_lib_init_lc_numeric_1               0x08000217   Thumb Code     0  libinit2.o(.ARM.Collect$$libinit$$00000017)
    __rt_lib_init_lc_time_1                  0x08000217   Thumb Code     0  libinit2.o(.ARM.Collect$$libinit$$00000019)
    __rt_lib_init_signal_1                   0x08000217   Thumb Code     0  libinit2.o(.ARM.Collect$$libinit$$0000001D)
    __rt_lib_init_stdio_1                    0x08000217   Thumb Code     0  libinit2.o(.ARM.Collect$$libinit$$00000025)
    __rt_lib_init_cpp_1                      0x0800021b   Thumb Code     0  libinit2.o(.ARM.Collect$$libinit$$00000032)
    __rt_lib_init_return                     0x0800021b   Thumb Code     0  libinit2.o(.ARM.Collect$$libinit$$00000033)
    __rt_lib_shutdown                        0x0800021d   Thumb Code     0  libshutdown.o(.ARM.Collect$$libshutdown$$00000000)
    __rt_lib_shutdown_cpp_2                  0x0800021f   Thumb Code     0  libshutdown2.o(.ARM.Collect$$libshutdown$$00000001)
    __rt_lib_shutdown_cpp_1                  0x08000225   Thumb Code     0  libshutdown2.o(.ARM.Collect$$libshutdown$$00000002)
    __rt_lib_shutdown_fp_trap_1              0x08000225   Thumb Code     0  libshutdown2.o(.ARM.Collect$$libshutdown$$00000007)
    __rt_lib_shutdown_heap_1                 0x08000225   Thumb Code     0  libshutdown2.o(.ARM.Collect$$libshutdown$$0000000F)
    __rt_lib_shutdown_return                 0x08000225   Thumb Code     0  libshutdown2.o(.ARM.Collect$$libshutdown$$00000010)
    __rt_lib_shutdown_signal_1               0x08000225   Thumb Code     0  libshutdown2.o(.ARM.Collect$$libshutdown$$0000000A)
    __rt_lib_shutdown_stdio_1                0x08000225   Thumb Code     0  libshutdown2.o(.ARM.Collect$$libshutdown$$00000004)
    __rt_lib_shutdown_user_alloc_1           0x08000225   Thumb Code     0  libshutdown2.o(.ARM.Collect$$libshutdown$$0000000C)
    __rt_entry                               0x08000227   Thumb Code     0  __rtentry.o(.ARM.Collect$$rtentry$$00000000)
    __rt_entry_presh_1                       0x08000227   Thumb Code     0  __rtentry2.o(.ARM.Collect$$rtentry$$00000002)
    __rt_entry_sh                            0x08000227   Thumb Code     0  __rtentry4.o(.ARM.Collect$$rtentry$$00000004)
    __rt_entry_li                            0x0800022d   Thumb Code     0  __rtentry2.o(.ARM.Collect$$rtentry$$0000000A)
    __rt_entry_postsh_1                      0x0800022d   Thumb Code     0  __rtentry2.o(.ARM.Collect$$rtentry$$00000009)
    __rt_entry_postli_1                      0x08000231   Thumb Code     0  __rtentry2.o(.ARM.Collect$$rtentry$$0000000B)
    __rt_entry_main                          0x08000239   Thumb Code     0  __rtentry2.o(.ARM.Collect$$rtentry$$0000000D)
    __rt_exit                                0x08000241   Thumb Code     0  rtexit.o(.ARM.Collect$$rtexit$$00000000)
    __rt_exit_ls                             0x08000243   Thumb Code     0  rtexit2.o(.ARM.Collect$$rtexit$$00000003)
    __rt_exit_prels_1                        0x08000243   Thumb Code     0  rtexit2.o(.ARM.Collect$$rtexit$$00000002)
    __rt_exit_exit                           0x08000247   Thumb Code     0  rtexit2.o(.ARM.Collect$$rtexit$$00000004)
    _platform_post_lib_init                  0x0800024d   Thumb Code    24  rtx_conf_cm.o(.emb_text)
    rt_set_PSP                               0x08000269   Thumb Code     6  hal_cm3.o(.emb_text)
    rt_get_PSP                               0x0800026f   Thumb Code     6  hal_cm3.o(.emb_text)
    os_set_env                               0x08000275   Thumb Code    24  hal_cm3.o(.emb_text)
    _alloc_box                               0x08000291   Thumb Code    28  hal_cm3.o(.emb_text)
    _free_box                                0x080002b1   Thumb Code    28  hal_cm3.o(.emb_text)
    SVC_Handler                              0x080002d1   Thumb Code   108  hal_cm3.o(.emb_text)
    PendSV_Handler                           0x08000349   Thumb Code    56  hal_cm3.o(.emb_text)
    SysTick_Handler                          0x08000385   Thumb Code     8  hal_cm3.o(.emb_text)
    OS_Tick_Handler                          0x0800038d   Thumb Code    12  hal_cm3.o(.emb_text)
    Reset_Handler                            0x08000399   Thumb Code     8  startup_stm32f10x_md.o(.text)
    _maybe_terminate_alloc                   0x08000399   Thumb Code     0  maybetermalloc1.o(.emb_text)
    NMI_Handler                              0x080003a1   Thumb Code     2  startup_stm32f10x_md.o(.text)
    HardFault_Handler                        0x080003a3   Thumb Code     2  startup_stm32f10x_md.o(.text)
    MemManage_Handler                        0x080003a5   Thumb Code     2  startup_stm32f10x_md.o(.text)
    BusFault_Handler                         0x080003a7   Thumb Code     2  startup_stm32f10x_md.o(.text)
    UsageFault_Handler                       0x080003a9   Thumb Code     2  startup_stm32f10x_md.o(.text)
    DebugMon_Handler                         0x080003ad   Thumb Code     2  startup_stm32f10x_md.o(.text)
    ADC1_2_IRQHandler                        0x080003b3   Thumb Code     0  startup_stm32f10x_md.o(.text)
    CAN1_RX1_IRQHandler                      0x080003b3   Thumb Code     0  startup_stm32f10x_md.o(.text)
    CAN1_SCE_IRQHandler                      0x080003b3   Thumb Code     0  startup_stm32f10x_md.o(.text)
    DMA1_Channel1_IRQHandler                 0x080003b3   Thumb Code     0  startup_stm32f10x_md.o(.text)
    DMA1_Channel2_IRQHandler                 0x080003b3   Thumb Code     0  startup_stm32f10x_md.o(.text)
    DMA1_Channel3_IRQHandler                 0x080003b3   Thumb Code     0  startup_stm32f10x_md.o(.text)
    DMA1_Channel4_IRQHandler                 0x080003b3   Thumb Code     0  startup_stm32f10x_md.o(.text)
    DMA1_Channel5_IRQHandler                 0x080003b3   Thumb Code     0  startup_stm32f10x_md.o(.text)
    DMA1_Channel6_IRQHandler                 0x080003b3   Thumb Code     0  startup_stm32f10x_md.o(.text)
    DMA1_Channel7_IRQHandler                 0x080003b3   Thumb Code     0  startup_stm32f10x_md.o(.text)
    EXTI0_IRQHandler                         0x080003b3   Thumb Code     0  startup_stm32f10x_md.o(.text)
    EXTI15_10_IRQHandler                     0x080003b3   Thumb Code     0  startup_stm32f10x_md.o(.text)
    EXTI1_IRQHandler                         0x080003b3   Thumb Code     0  startup_stm32f10x_md.o(.text)
    EXTI2_IRQHandler                         0x080003b3   Thumb Code     0  startup_stm32f10x_md.o(.text)
    EXTI3_IRQHandler                         0x080003b3   Thumb Code     0  startup_stm32f10x_md.o(.text)
    EXTI4_IRQHandler                         0x080003b3   Thumb Code     0  startup_stm32f10x_md.o(.text)
    EXTI9_5_IRQHandler                       0x080003b3   Thumb Code     0  startup_stm32f10x_md.o(.text)
    FLASH_IRQHandler                         0x080003b3   Thumb Code     0  startup_stm32f10x_md.o(.text)
    I2C1_ER_IRQHandler                       0x080003b3   Thumb Code     0  startup_stm32f10x_md.o(.text)
    I2C1_EV_IRQHandler                       0x080003b3   Thumb Code     0  startup_stm32f10x_md.o(.text)
    I2C2_ER_IRQHandler                       0x080003b3   Thumb Code     0  startup_stm32f10x_md.o(.text)
    I2C2_EV_IRQHandler                       0x080003b3   Thumb Code     0  startup_stm32f10x_md.o(.text)
    PVD_IRQHandler                           0x080003b3   Thumb Code     0  startup_stm32f10x_md.o(.text)
    RCC_IRQHandler                           0x080003b3   Thumb Code     0  startup_stm32f10x_md.o(.text)
    RTCAlarm_IRQHandler                      0x080003b3   Thumb Code     0  startup_stm32f10x_md.o(.text)
    RTC_IRQHandler                           0x080003b3   Thumb Code     0  startup_stm32f10x_md.o(.text)
    SPI1_IRQHandler                          0x080003b3   Thumb Code     0  startup_stm32f10x_md.o(.text)
    SPI2_IRQHandler                          0x080003b3   Thumb Code     0  startup_stm32f10x_md.o(.text)
    TAMPER_IRQHandler                        0x080003b3   Thumb Code     0  startup_stm32f10x_md.o(.text)
    TIM1_BRK_IRQHandler                      0x080003b3   Thumb Code     0  startup_stm32f10x_md.o(.text)
    TIM1_CC_IRQHandler                       0x080003b3   Thumb Code     0  startup_stm32f10x_md.o(.text)
    TIM1_TRG_COM_IRQHandler                  0x080003b3   Thumb Code     0  startup_stm32f10x_md.o(.text)
    TIM1_UP_IRQHandler                       0x080003b3   Thumb Code     0  startup_stm32f10x_md.o(.text)
    TIM2_IRQHandler                          0x080003b3   Thumb Code     0  startup_stm32f10x_md.o(.text)
    TIM3_IRQHandler                          0x080003b3   Thumb Code     0  startup_stm32f10x_md.o(.text)
    TIM4_IRQHandler                          0x080003b3   Thumb Code     0  startup_stm32f10x_md.o(.text)
    USART1_IRQHandler                        0x080003b3   Thumb Code     0  startup_stm32f10x_md.o(.text)
    USART2_IRQHandler                        0x080003b3   Thumb Code     0  startup_stm32f10x_md.o(.text)
    USART3_IRQHandler                        0x080003b3   Thumb Code     0  startup_stm32f10x_md.o(.text)
    USBWakeUp_IRQHandler                     0x080003b3   Thumb Code     0  startup_stm32f10x_md.o(.text)
    USB_HP_CAN1_TX_IRQHandler                0x080003b3   Thumb Code     0  startup_stm32f10x_md.o(.text)
    USB_LP_CAN1_RX0_IRQHandler               0x080003b3   Thumb Code     0  startup_stm32f10x_md.o(.text)
    WWDG_IRQHandler                          0x080003b3   Thumb Code     0  startup_stm32f10x_md.o(.text)
    __user_initial_stackheap                 0x080003b5   Thumb Code     0  startup_stm32f10x_md.o(.text)
    __user_libspace                          0x080003d9   Thumb Code     8  libspace.o(.text)
    __user_perproc_libspace                  0x080003d9   Thumb Code     0  libspace.o(.text)
    _malloc_internal                         0x080003e9   Thumb Code   130  h1_alloc_mt.o(.text)
    malloc                                   0x0800046b   Thumb Code    20  h1_alloc_mt.o(.text)
    _free_internal                           0x0800047f   Thumb Code    98  h1_free_mt.o(.text)
    free                                     0x080004e1   Thumb Code    20  h1_free_mt.o(.text)
    __c89vsnprintf                           0x080004f5   Thumb Code    48  c89vsnprintf.o(.text)
    exit                                     0x08000529   Thumb Code    18  exit.o(.text)
    __aeabi_atexit                           0x0800053b   Thumb Code    46  aeabi_atexit.o(.text)
    __use_two_region_memory                  0x08000569   Thumb Code     2  heapauxi.o(.text)
    __rt_heap_escrow                         0x0800056b   Thumb Code     2  heapauxi.o(.text)
    __rt_heap_expand                         0x0800056d   Thumb Code     2  heapauxi.o(.text)
    __cpp_initialize__aeabi_                 0x08000571   Thumb Code    26  init_aeabi.o(.text)
    __rt_heap_descriptor                     0x08000595   Thumb Code    10  rt_heap_descriptor_twolibspace.o(.text)
    __rt_new_handler_addr                    0x0800059f   Thumb Code    10  rt_new_handler_addr_twolibspace.o(.text)
    __rt_ddtor_pointer_addr                  0x080005a9   Thumb Code    10  rt_ddtor_pointer_addr_twolibspace.o(.text)
    __use_no_heap                            0x080005b3   Thumb Code     2  hguard.o(.text)
    __heap$guard                             0x080005b5   Thumb Code     2  hguard.o(.text)
    _terminate_user_alloc                    0x080005b7   Thumb Code     2  init_alloc.o(.text)
    _init_user_alloc                         0x080005b9   Thumb Code     2  init_alloc.o(.text)
    __Heap_Full                              0x080005bb   Thumb Code    34  init_alloc.o(.text)
    __Heap_Broken                            0x080005dd   Thumb Code     6  init_alloc.o(.text)
    _init_alloc                              0x080005e3   Thumb Code    94  init_alloc.o(.text)
    __Heap_Initialize                        0x08000641   Thumb Code    14  h1_init_mt.o(.text)
    __Heap_DescSize                          0x0800064f   Thumb Code     4  h1_init_mt.o(.text)
    _printf_pre_padding                      0x08000653   Thumb Code    44  _printf_pad.o(.text)
    _printf_post_padding                     0x0800067f   Thumb Code    34  _printf_pad.o(.text)
    _printf_truncate_signed                  0x080006a1   Thumb Code    18  _printf_truncate.o(.text)
    _printf_truncate_unsigned                0x080006b3   Thumb Code    18  _printf_truncate.o(.text)
    _printf_str                              0x080006c5   Thumb Code    82  _printf_str.o(.text)
    _printf_int_dec                          0x08000719   Thumb Code   104  _printf_dec.o(.text)
    _printf_charcount                        0x08000791   Thumb Code    40  _printf_charcount.o(.text)
    _printf_char_common                      0x080007c3   Thumb Code    32  _printf_char_common.o(.text)
    _sputc                                   0x080007e9   Thumb Code    10  _sputc.o(.text)
    _snputc                                  0x080007f3   Thumb Code    16  _snputc.o(.text)
    _printf_wctomb                           0x08000805   Thumb Code   182  _printf_wctomb.o(.text)
    _printf_longlong_dec                     0x080008c1   Thumb Code   108  _printf_longlong_dec.o(.text)
    _printf_longlong_oct                     0x0800093d   Thumb Code    66  _printf_oct_int_ll.o(.text)
    _printf_int_oct                          0x0800097f   Thumb Code    24  _printf_oct_int_ll.o(.text)
    _printf_ll_oct                           0x08000997   Thumb Code    12  _printf_oct_int_ll.o(.text)
    _printf_longlong_hex                     0x080009ad   Thumb Code    86  _printf_hex_int_ll_ptr.o(.text)
    _printf_int_hex                          0x08000a03   Thumb Code    28  _printf_hex_int_ll_ptr.o(.text)
    _printf_ll_hex                           0x08000a1f   Thumb Code    12  _printf_hex_int_ll_ptr.o(.text)
    _printf_hex_ptr                          0x08000a2b   Thumb Code    18  _printf_hex_int_ll_ptr.o(.text)
    __printf                                 0x08000a41   Thumb Code   388  __printf_flags_ss_wp.o(.text)
    __cxa_finalize                           0x08000bc9   Thumb Code    66  cxa_finalize.o(.text)
    __rt_SIGPVFN                             0x08000c0b   Thumb Code    14  defsig_pvfn_outer.o(.text)
    __default_new_handler()                  0x08000c19   Thumb Code     4  arm_newhandler_noexceptions.o(.text)
    __Heap_ProvideMemory                     0x08000c1d   Thumb Code    62  h1_extend_mt.o(.text)
    _ll_udiv10                               0x08000c5b   Thumb Code   138  lludiv10.o(.text)
    _printf_int_common                       0x08000ce5   Thumb Code   178  _printf_intcommon.o(.text)
    __lib_sel_fp_printf                      0x08000d97   Thumb Code     2  _printf_fp_dec.o(.text)
    _printf_fp_dec_real                      0x08000f49   Thumb Code   620  _printf_fp_dec.o(.text)
    _printf_cs_common                        0x080011b5   Thumb Code    20  _printf_char.o(.text)
    _printf_char                             0x080011c9   Thumb Code    16  _printf_char.o(.text)
    _printf_string                           0x080011d9   Thumb Code     8  _printf_char.o(.text)
    _printf_lcs_common                       0x080011e1   Thumb Code    20  _printf_wchar.o(.text)
    _printf_wchar                            0x080011f5   Thumb Code    16  _printf_wchar.o(.text)
    _printf_wstring                          0x08001205   Thumb Code     8  _printf_wchar.o(.text)
    _wcrtomb                                 0x0800120d   Thumb Code    64  _wcrtomb.o(.text)
    abort                                    0x0800124d   Thumb Code    22  abort.o(.text)
    __sig_exit                               0x08001263   Thumb Code    10  defsig_exit.o(.text)
    __rt_SIGRTMEM                            0x0800126d   Thumb Code    14  defsig_rtmem_outer.o(.text)
    __rt_SIGPVFN_inner                       0x0800127d   Thumb Code    14  defsig_pvfn_inner.o(.text)
    std::terminate()                         0x080012ad   Thumb Code    26  arm_exceptions_terminate.o(.text)
    __cxa_get_globals                        0x080012cf   Thumb Code    62  arm_exceptions_globs.o(.text)
    __user_setup_stackheap                   0x08001319   Thumb Code    74  sys_stackheap_outer.o(.text)
    __rt_ctype_table                         0x08001365   Thumb Code    16  rt_ctype_table.o(.text)
    __rt_locale                              0x08001375   Thumb Code    10  rt_locale_twolibspace.o(.text)
    __rt_eh_globals_addr                     0x0800137f   Thumb Code    10  rt_eh_globals_addr_twolibspace.o(.text)
    _printf_fp_infnan                        0x08001389   Thumb Code   112  _printf_fp_infnan.o(.text)
    _btod_etento                             0x08001409   Thumb Code   224  bigflt0.o(.text)
    __default_signal_display                 0x080014ed   Thumb Code    50  defsig_general.o(.text)
    __rt_SIGABRT                             0x0800151f   Thumb Code    14  defsig_abrt_outer.o(.text)
    __rt_SIGRTMEM_inner                      0x0800152d   Thumb Code    22  defsig_rtmem_inner.o(.text)
    strcmp                                   0x0800157d   Thumb Code   128  strcmpv7m.o(.text)
    __ARM_exceptions_buffer_init             0x080015fd   Thumb Code    18  arm_exceptions_mem.o(.text)
    __ARM_exceptions_buffer_allocate         0x0800160f   Thumb Code    22  arm_exceptions_mem.o(.text)
    __ARM_exceptions_buffer_free             0x08001625   Thumb Code    20  arm_exceptions_mem.o(.text)
    __rt_SIGABRT_inner                       0x08001639   Thumb Code    14  defsig_abrt_inner.o(.text)
    _btod_d2e                                0x08001669   Thumb Code    62  btod.o(CL$$btod_d2e)
    _d2e_denorm_low                          0x080016a7   Thumb Code    70  btod.o(CL$$btod_d2e_denorm_low)
    _d2e_norm_op1                            0x080016ed   Thumb Code    96  btod.o(CL$$btod_d2e_norm_op1)
    __btod_div_common                        0x0800174d   Thumb Code   696  btod.o(CL$$btod_div_common)
    _e2e                                     0x08001a85   Thumb Code   220  btod.o(CL$$btod_e2e)
    _btod_ediv                               0x08001b61   Thumb Code    42  btod.o(CL$$btod_ediv)
    _btod_emul                               0x08001b8b   Thumb Code    42  btod.o(CL$$btod_emul)
    __btod_mult_common                       0x08001bb5   Thumb Code   580  btod.o(CL$$btod_mult_common)
    SVC_Count                                0x08001df8   Data           4  svc_table.o(SVC_TABLE)
    GPIO_Init                                0x08001dfd   Thumb Code   278  stm32f10x_gpio.o(i.GPIO_Init)
    SVC_Table                                0x08001dfc   Data           0  svc_table.o(SVC_TABLE)
    RCC_APB1PeriphClockCmd                   0x08001f15   Thumb Code    26  stm32f10x_rcc.o(i.RCC_APB1PeriphClockCmd)
    RCC_APB2PeriphClockCmd                   0x08001f35   Thumb Code    26  stm32f10x_rcc.o(i.RCC_APB2PeriphClockCmd)
    RCC_GetClocksFreq                        0x08001f55   Thumb Code   192  stm32f10x_rcc.o(i.RCC_GetClocksFreq)
    SystemInit                               0x08002111   Thumb Code    78  system_stm32f10x.o(i.SystemInit)
    USART_Cmd                                0x08002171   Thumb Code    24  stm32f10x_usart.o(i.USART_Cmd)
    USART_GetFlagStatus                      0x08002189   Thumb Code    26  stm32f10x_usart.o(i.USART_GetFlagStatus)
    USART_ITConfig                           0x080021a3   Thumb Code    74  stm32f10x_usart.o(i.USART_ITConfig)
    USART_Init                               0x080021ed   Thumb Code   210  stm32f10x_usart.o(i.USART_Init)
    USART_SendData                           0x080022c5   Thumb Code     8  stm32f10x_usart.o(i.USART_SendData)
    USART_StructInit                         0x080022cd   Thumb Code    24  stm32f10x_usart.o(i.USART_StructInit)
    InitThreads()                            0x080022e5   Thumb Code   252  osobjects.o(i._Z11InitThreadsv)
    RobotThread(const void*)                 0x08002449   Thumb Code    52  osobjects.o(i._Z11RobotThreadPKv)
    USART2_init(int)                         0x08002499   Thumb Code   118  usart.o(i._Z11USART2_initi)
    Phase_Thread(const void*)                0x08002519   Thumb Code   114  osobjects.o(i._Z12Phase_ThreadPKv)
    Routine_Thread(const void*)              0x080025a9   Thumb Code    20  osobjects.o(i._Z14Routine_ThreadPKv)
    Left_Hip_Thread(const void*)             0x080025bd   Thumb Code    30  osobjects.o(i._Z15Left_Hip_ThreadPKv)
    USART2_sendChar(char)                    0x080025e1   Thumb Code    28  usart.o(i._Z15USART2_sendCharc)
    Left_Knee_Thread(const void*)            0x08002601   Thumb Code    30  osobjects.o(i._Z16Left_Knee_ThreadPKv)
    Right_Hip_Thread(const void*)            0x08002625   Thumb Code    30  osobjects.o(i._Z16Right_Hip_ThreadPKv)
    Left_Ankle_Thread(const void*)           0x08002649   Thumb Code    30  osobjects.o(i._Z17Left_Ankle_ThreadPKv)
    Right_Knee_Thread(const void*)           0x0800266d   Thumb Code    30  osobjects.o(i._Z17Right_Knee_ThreadPKv)
    Right_Ankle_Thread(const void*)          0x08002691   Thumb Code    30  osobjects.o(i._Z18Right_Ankle_ThreadPKv)
    SerialStream::puts(const char*)          0x080026b5   Thumb Code    42  usart.o(i._ZN12SerialStream4putsEPKc)
    SerialStream::printf(const char*, ...)   0x080026df   Thumb Code    54  usart.o(i._ZN12SerialStream6printfEPKcz)
    SerialUSART2::sendChar(char)             0x08002715   Thumb Code    14  usart.o(i._ZN12SerialUSART28sendCharEc)
    SerialUSART2::SerialUSART2(int)          0x08002725   Thumb Code    22  usart.o(i._ZN12SerialUSART2C1Ei)
    SerialUSART2::SerialUSART2__sub_object(int) 0x08002725   Thumb Code     0  usart.o(i._ZN12SerialUSART2C1Ei)
    __rw::__rw_deallocate(void*, unsigned, int) 0x08002745   Thumb Code     4  rwalloc.o(i._ZN4__rw15__rw_deallocateEPvji)
    Linker::Linker()                         0x08002749   Thumb Code    50  linker.o(i._ZN6LinkerC1Ev)
    Linker::Linker__sub_object()             0x08002749   Thumb Code     0  linker.o(i._ZN6LinkerC1Ev)
    operator delete[] (void*)                0x08002781   Thumb Code     8  array_del.o(i._ZdaPv)
    operator delete (void*)                  0x08002789   Thumb Code     8  delete.o(i._ZdlPv)
    operator new[] (unsigned)                0x08002791   Thumb Code     8  array_new.o(i._Znaj)
    operator new(unsigned)                   0x08002799   Thumb Code    34  new.o(i._Znwj)
    __ARM_fpclassify                         0x080027c1   Thumb Code    40  fpclassify.o(i.__ARM_fpclassify)
    __cxa_pure_virtual                       0x080027e9   Thumb Code     6  pure_virt.o(i.__cxa_pure_virtual)
    _init_box                                0x08002899   Thumb Code    70  rt_membox.o(i._init_box)
    _is_digit                                0x080028df   Thumb Code    14  __printf_wp.o(i._is_digit)
    _mutex_acquire                           0x080028ed   Thumb Code    22  rtx_conf_cm.o(i._mutex_acquire)
    _mutex_initialize                        0x0800290d   Thumb Code    34  rtx_conf_cm.o(i._mutex_initialize)
    _mutex_release                           0x08002939   Thumb Code    18  rtx_conf_cm.o(i._mutex_release)
    _sys_exit                                0x08002955   Thumb Code     4  retarget.o(i._sys_exit)
    _ttywrch                                 0x08002959   Thumb Code     2  retarget.o(i._ttywrch)
    dbg_init                                 0x0800295d   Thumb Code    34  hal_cm.o(i.dbg_init)
    dbg_task_notify                          0x0800298d   Thumb Code    32  hal_cm.o(i.dbg_task_notify)
    dbg_task_switch                          0x080029ad   Thumb Code    16  hal_cm.o(i.dbg_task_switch)
    isrMessageGet                            0x080029bd   Thumb Code    42  rt_cmsis.o(i.isrMessageGet)
    isrMessagePut                            0x080029e7   Thumb Code    44  rt_cmsis.o(i.isrMessagePut)
    isrSignalSet                             0x08002a13   Thumb Code    36  rt_cmsis.o(i.isrSignalSet)
    isr_evt_set                              0x08002a39   Thumb Code    34  rt_event.o(i.isr_evt_set)
    isr_mbx_receive                          0x08002a61   Thumb Code    86  rt_mailbox.o(i.isr_mbx_receive)
    isr_mbx_send                             0x08002ab7   Thumb Code    14  rt_mailbox.o(i.isr_mbx_send)
    main                                     0x08002ac5   Thumb Code    34  main.o(i.main)
    osKernelInitialize                       0x08002afd   Thumb Code    30  rt_cmsis.o(i.osKernelInitialize)
    osKernelStart                            0x08002b21   Thumb Code    98  rt_cmsis.o(i.osKernelStart)
    osMessageGet                             0x08002b8d   Thumb Code    18  rt_cmsis.o(i.osMessageGet)
    osMutexCreate                            0x08002ba5   Thumb Code    36  rt_cmsis.o(i.osMutexCreate)
    osMutexRelease                           0x08002bd1   Thumb Code    18  rt_cmsis.o(i.osMutexRelease)
    osMutexWait                              0x08002be9   Thumb Code    18  rt_cmsis.o(i.osMutexWait)
    osSignalSet                              0x08002c01   Thumb Code    18  rt_cmsis.o(i.osSignalSet)
    osSignalWait                             0x08002c19   Thumb Code    18  rt_cmsis.o(i.osSignalWait)
    osThreadCreate                           0x08002c31   Thumb Code    36  rt_cmsis.o(i.osThreadCreate)
    osThreadExit                             0x08002c5d   Thumb Code    14  rt_cmsis.o(i.osThreadExit)
    osTimerCall                              0x08002c75   Thumb Code     8  rt_cmsis.o(i.osTimerCall)
    osTimerThread                            0x08002c81   Thumb Code    38  rt_cmsis.o(i.osTimerThread)
    os_error                                 0x08002cad   Thumb Code    34  rtx_conf_cm.o(i.os_error)
    os_idle_demon                            0x08002ccf   Thumb Code     4  rtx_conf_cm.o(i.os_idle_demon)
    os_tick_init                             0x08002cd5   Thumb Code    32  rt_system.o(i.os_tick_init)
    os_tick_irqack                           0x08002cfd   Thumb Code     2  rt_system.o(i.os_tick_irqack)
    rt_alloc_box                             0x08002cff   Thumb Code    26  rt_membox.o(i.rt_alloc_box)
    rt_alloc_mem                             0x08002d19   Thumb Code    62  rt_memory.o(i.rt_alloc_mem)
    rt_block                                 0x08002d59   Thumb Code    48  rt_task.o(i.rt_block)
    rt_chk_robin                             0x08002d91   Thumb Code    60  rt_robin.o(i.rt_chk_robin)
    rt_dec_dly                               0x08002dd9   Thumb Code   102  rt_list.o(i.rt_dec_dly)
    rt_dispatch                              0x08002e49   Thumb Code    60  rt_task.o(i.rt_dispatch)
    rt_evt_psh                               0x08002e8d   Thumb Code    76  rt_event.o(i.rt_evt_psh)
    rt_evt_set                               0x08002edd   Thumb Code    88  rt_event.o(i.rt_evt_set)
    rt_evt_wait                              0x08002f39   Thumb Code    56  rt_event.o(i.rt_evt_wait)
    rt_free_box                              0x08002f75   Thumb Code    44  rt_membox.o(i.rt_free_box)
    rt_free_mem                              0x08002fa1   Thumb Code    40  rt_memory.o(i.rt_free_mem)
    rt_get_first                             0x08002fc9   Thumb Code    40  rt_list.o(i.rt_get_first)
    rt_init_mem                              0x08003041   Thumb Code    26  rt_memory.o(i.rt_init_mem)
    rt_init_robin                            0x0800305d   Thumb Code    14  rt_robin.o(i.rt_init_robin)
    rt_init_stack                            0x08003075   Thumb Code   118  hal_cm.o(i.rt_init_stack)
    rt_mbx_check                             0x080030f5   Thumb Code     8  rt_mailbox.o(i.rt_mbx_check)
    rt_mbx_init                              0x080030fd   Thumb Code    26  rt_mailbox.o(i.rt_mbx_init)
    rt_mbx_psh                               0x08003119   Thumb Code   236  rt_mailbox.o(i.rt_mbx_psh)
    rt_mbx_wait                              0x08003209   Thumb Code   174  rt_mailbox.o(i.rt_mbx_wait)
    rt_mut_init                              0x08003301   Thumb Code    16  rt_mutex.o(i.rt_mut_init)
    rt_mut_release                           0x08003311   Thumb Code   208  rt_mutex.o(i.rt_mut_release)
    rt_mut_wait                              0x080033e9   Thumb Code   114  rt_mutex.o(i.rt_mut_wait)
    rt_pop_req                               0x08003461   Thumb Code   112  rt_system.o(i.rt_pop_req)
    rt_psh_req                               0x080034dd   Thumb Code    22  rt_system.o(i.rt_psh_req)
    rt_psq_enq                               0x080034fd   Thumb Code    88  rt_list.o(i.rt_psq_enq)
    rt_put_dly                               0x08003559   Thumb Code    68  rt_list.o(i.rt_put_dly)
    rt_put_prio                              0x080035a1   Thumb Code    54  rt_list.o(i.rt_put_prio)
    rt_put_rdy_first                         0x080035d9   Thumb Code    14  rt_list.o(i.rt_put_rdy_first)
    rt_resort_prio                           0x080035ed   Thumb Code    46  rt_list.o(i.rt_resort_prio)
    rt_ret_val                               0x08003621   Thumb Code     6  hal_cm.o(i.rt_ret_val)
    rt_ret_val2                              0x08003627   Thumb Code     8  hal_cm.o(i.rt_ret_val2)
    rt_rmv_dly                               0x0800362f   Thumb Code    40  rt_list.o(i.rt_rmv_dly)
    rt_rmv_list                              0x08003659   Thumb Code    44  rt_list.o(i.rt_rmv_list)
    rt_sem_psh                               0x08003689   Thumb Code    48  rt_semaphore.o(i.rt_sem_psh)
    rt_stk_check                             0x080036bd   Thumb Code    28  rt_system.o(i.rt_stk_check)
    rt_switch_req                            0x080036e1   Thumb Code    30  rt_task.o(i.rt_switch_req)
    rt_sys_init                              0x08003709   Thumb Code   138  rt_task.o(i.rt_sys_init)
    rt_sys_start                             0x080037d5   Thumb Code   110  rt_task.o(i.rt_sys_start)
    rt_systick                               0x0800384d   Thumb Code    50  rt_system.o(i.rt_systick)
    rt_tsk_create                            0x080038d5   Thumb Code   118  rt_task.o(i.rt_tsk_create)
    rt_tsk_delete                            0x0800395d   Thumb Code   352  rt_task.o(i.rt_tsk_delete)
    rt_tsk_prio                              0x08003ad9   Thumb Code   108  rt_task.o(i.rt_tsk_prio)
    rt_tsk_self                              0x08003b55   Thumb Code    12  rt_task.o(i.rt_tsk_self)
    svcKernelInitialize                      0x08003b65   Thumb Code    80  rt_cmsis.o(i.svcKernelInitialize)
    svcKernelStart                           0x08003bd5   Thumb Code    62  rt_cmsis.o(i.svcKernelStart)
    svcMessageCreate                         0x08003c1d   Thumb Code    36  rt_cmsis.o(i.svcMessageCreate)
    svcMessageGet                            0x08003c41   Thumb Code    58  rt_cmsis.o(i.svcMessageGet)
    svcMutexCreate                           0x08003c7b   Thumb Code    28  rt_cmsis.o(i.svcMutexCreate)
    svcMutexRelease                          0x08003c97   Thumb Code    34  rt_cmsis.o(i.svcMutexRelease)
    svcMutexWait                             0x08003cb9   Thumb Code    58  rt_cmsis.o(i.svcMutexWait)
    svcSignalSet                             0x08003cf3   Thumb Code    36  rt_cmsis.o(i.svcSignalSet)
    svcSignalWait                            0x08003d19   Thumb Code    80  rt_cmsis.o(i.svcSignalWait)
    svcThreadCreate                          0x08003d6d   Thumb Code    96  rt_cmsis.o(i.svcThreadCreate)
    svcThreadGetId                           0x08003dd9   Thumb Code    22  rt_cmsis.o(i.svcThreadGetId)
    svcThreadTerminate                       0x08003df5   Thumb Code    50  rt_cmsis.o(i.svcThreadTerminate)
    svcTimerCall                             0x08003e2d   Thumb Code    24  rt_cmsis.o(i.svcTimerCall)
    sysTimerTick                             0x08003e45   Thumb Code    84  rt_cmsis.o(i.sysTimerTick)
    _get_lc_numeric                          0x08003ea1   Thumb Code    44  lc_numeric_c.o(locale$$code)
    _get_lc_ctype                            0x08003ecd   Thumb Code    44  lc_ctype_c.o(locale$$code)
    __rw::__rw_locale_vector<__rw::__rw_cat*>::~__rw_locale_vector() 0x08003ef9   Thumb Code    14  rwcats.o(t._ZN4__rw18__rw_locale_vectorIPNS_8__rw_catEED1Ev)
    __rw::__rw_locale_vector<__rw::__rw_cat*>::~__rw_locale_vector__sub_object() 0x08003ef9   Thumb Code     0  rwcats.o(t._ZN4__rw18__rw_locale_vectorIPNS_8__rw_catEED1Ev)
    std::vector<TrajectoryInterface*, std::allocator<TrajectoryInterface*>>::~vector() 0x08003f07   Thumb Code    64  osobjects.o(t._ZNSt6vectorIP19TrajectoryInterfaceSaIS1_EED1Ev)
    std::vector<TrajectoryInterface*, std::allocator<TrajectoryInterface*>>::~vector__sub_object() 0x08003f07   Thumb Code     0  osobjects.o(t._ZNSt6vectorIP19TrajectoryInterfaceSaIS1_EED1Ev)
    _printf_fp_dec                           0x08003f47   Thumb Code     4  printf1.o(x$fpl$printf1)
    __I$use$fp                               0x08003f4a   Number         0  usenofp.o(x$fpl$usenofp)
    os_maxtaskrun                            0x08003fe0   Data           2  rtx_conf_cm.o(.constdata)
    os_stackinfo                             0x08003fe4   Data           4  rtx_conf_cm.o(.constdata)
    os_rrobin                                0x08003fe8   Data           4  rtx_conf_cm.o(.constdata)
    os_tickfreq                              0x08003fec   Data           4  rtx_conf_cm.o(.constdata)
    os_tickus_i                              0x08003ff0   Data           2  rtx_conf_cm.o(.constdata)
    os_tickus_f                              0x08003ff2   Data           2  rtx_conf_cm.o(.constdata)
    os_trv                                   0x08003ff4   Data           4  rtx_conf_cm.o(.constdata)
    os_flags                                 0x08003ff8   Data           1  rtx_conf_cm.o(.constdata)
    CMSIS_RTOS_API_Version                   0x08003ffc   Data           4  rtx_conf_cm.o(.constdata)
    CMSIS_RTOS_RTX_Version                   0x08004000   Data           4  rtx_conf_cm.o(.constdata)
    os_clockrate                             0x08004004   Data           4  rtx_conf_cm.o(.constdata)
    os_timernum                              0x08004008   Data           4  rtx_conf_cm.o(.constdata)
    mp_tcb_size                              0x0800400c   Data           2  rtx_conf_cm.o(.constdata)
    mp_stk_size                              0x08004010   Data           4  rtx_conf_cm.o(.constdata)
    os_stack_sz                              0x08004014   Data           4  rtx_conf_cm.o(.constdata)
    os_fifo_size                             0x08004018   Data           1  rtx_conf_cm.o(.constdata)
    os_thread_def_osTimerThread              0x0800401c   Data          16  rtx_conf_cm.o(.constdata)
    os_messageQ_def_osTimerMessageQ          0x0800402c   Data           8  rtx_conf_cm.o(.constdata)
    mp_tmr_size                              0x08004034   Data           2  rtx_conf_cm.o(.constdata)
    os_thread_def_main                       0x08004038   Data          16  rtx_conf_cm.o(.constdata)
    vtable for SerialStream                  0x08004120   Data          16  user.o(.constdata__ZTV12SerialStream)
    vtable for SerialUSART2                  0x08004130   Data          16  usart.o(.constdata__ZTV12SerialUSART2)
    Region$$Table$$Base                      0x08004140   Number         0  anon$$obj.o(Region$$Table)
    Region$$Table$$Limit                     0x08004160   Number         0  anon$$obj.o(Region$$Table)
    __ctype                                  0x08004189   Data           0  lc_ctype_c.o(locale$$data)
    SHT$$INIT_ARRAY$$Base                    0x0800428c   Number         0  main.o(.init_array)
    SHT$$INIT_ARRAY$$Limit                   0x080042a0   Number         0  rwcats.o(.init_array)
    usart                                    0x20000000   Data           4  main.o(.data)
    mid_serial                               0x20000004   Data           4  osobjects.o(.data)
    Routine_Thread_Id                        0x20000008   Data           4  osobjects.o(.data)
    Phase_Id                                 0x2000000c   Data           4  osobjects.o(.data)
    robot_thread_id                          0x20000010   Data           4  osobjects.o(.data)
    Phase_Thread_Id                          0x20000014   Data           4  osobjects.o(.data)
    Right_Hip_Thread_Id                      0x20000018   Data           4  osobjects.o(.data)
    Right_Knee_Thread_Id                     0x2000001c   Data           4  osobjects.o(.data)
    Right_Ankle_Thread_Id                    0x20000020   Data           4  osobjects.o(.data)
    Left_Hip_Thread_Id                       0x20000024   Data           4  osobjects.o(.data)
    Left_Knee_Thread_Id                      0x20000028   Data           4  osobjects.o(.data)
    Left_Ankle_Thread_Id                     0x2000002c   Data           4  osobjects.o(.data)
    osThreadId_osTimerThread                 0x20000030   Data           4  rtx_conf_cm.o(.data)
    osMessageQId_osTimerMessageQ             0x20000034   Data           4  rtx_conf_cm.o(.data)
    os_tmr                                   0x20000038   Data           4  rtx_conf_cm.o(.data)
    m_tmr                                    0x2000003c   Data           4  rtx_conf_cm.o(.data)
    os_initialized                           0x20000058   Data           1  rt_cmsis.o(.data)
    os_running                               0x20000059   Data           1  rt_cmsis.o(.data)
    os_timer_head                            0x2000005c   Data           4  rt_cmsis.o(.data)
    os_tsk                                   0x20000060   Data           8  rt_task.o(.data)
    os_tick_irqn                             0x2000006c   Data           4  rt_system.o(.data)
    os_time                                  0x20000070   Data           4  rt_time.o(.data)
    os_robin                                 0x20000074   Data           8  rt_robin.o(.data)
    dbg_msg                                  0x2000007c   Data           1  hal_cm.o(.data)
    std::ctype<char>::id                     0x20000080   Data           4  char.o(.data)
    std::ctype<wchar_t>::id                  0x20000084   Data           4  char.o(.data)
    std::locale::_C_classic                  0x20000090   Data           4  locale.o(.data)
    std::locale::_C_native                   0x20000094   Data           4  locale.o(.data)
    std::locale::_C_global                   0x20000098   Data           4  locale.o(.data)
    std::codecvt<char, char, std::__mbstate_t>::id 0x2000009c   Data           4  locale.o(.data)
    std::codecvt<wchar_t, char, std::__mbstate_t>::id 0x200000a0   Data           4  locale.o(.data)
    Linker                                   0x200000ac   Data          44  osobjects.o(.bss)
    Global_Trajectories                      0x200000d8   Data          12  osobjects.o(.bss)
    os_mutex_cb_Serial                       0x200000e4   Data          16  osobjects.o(.bss)
    mp_tcb                                   0x200000f8   Data         584  rtx_conf_cm.o(.bss)
    mp_stk                                   0x20000340   Data        8976  rtx_conf_cm.o(.bss)
    os_stack_mem                             0x20002650   Data        1232  rtx_conf_cm.o(.bss)
    os_fifo                                  0x20002b20   Data         132  rtx_conf_cm.o(.bss)
    os_active_TCB                            0x20002ba4   Data          44  rtx_conf_cm.o(.bss)
    os_messageQ_q_osTimerMessageQ            0x20002bd0   Data          32  rtx_conf_cm.o(.bss)
    os_idle_TCB                              0x20003090   Data          52  rt_task.o(.bss)
    os_rdy                                   0x200030c4   Data          24  rt_list.o(.bss)
    os_dly                                   0x200030dc   Data          24  rt_list.o(.bss)
    __libspace_start                         0x200030f4   Data          96  libspace.o(.bss)
    __temporary_stack_top$libspace           0x20003154   Data           0  libspace.o(.bss)



==============================================================================

Memory Map of the image

  Image Entry point : 0x08000399

  Load Region LR_1 (Base: 0x08000000, Size: 0x0000434c, Max: 0xffffffff, ABSOLUTE)

    Execution Region ER_RO (Exec base: 0x08000000, Load base: 0x08000000, Size: 0x000042a0, Max: 0xffffffff, ABSOLUTE)

    Exec Addr    Load Addr    Size         Type   Attr      Idx    E Section Name        Object

    0x08000000   0x08000000   0x000000ec   Data   RO         3171    RESET               startup_stm32f10x_md.o
    0x080000ec   0x080000ec   0x00000008   Code   RO         4513  * !!!main             c_w.l(__main.o)
    0x080000f4   0x080000f4   0x00000034   Code   RO         6290    !!!scatter          c_w.l(__scatter.o)
    0x08000128   0x08000128   0x0000001a   Code   RO         6292    !!handler_copy      c_w.l(__scatter_copy.o)
    0x08000142   0x08000142   0x00000002   PAD
    0x08000144   0x08000144   0x0000001c   Code   RO         6294    !!handler_zi        c_w.l(__scatter_zi.o)
    0x08000160   0x08000160   0x00000000   Code   RO         4970    .ARM.Collect$$_printf_percent$$00000000  c_w.l(_printf_percent.o)
    0x08000160   0x08000160   0x00000006   Code   RO         4959    .ARM.Collect$$_printf_percent$$00000001  c_w.l(_printf_n.o)
    0x08000166   0x08000166   0x00000006   Code   RO         4961    .ARM.Collect$$_printf_percent$$00000002  c_w.l(_printf_p.o)
    0x0800016c   0x0800016c   0x00000006   Code   RO         4966    .ARM.Collect$$_printf_percent$$00000003  c_w.l(_printf_f.o)
    0x08000172   0x08000172   0x00000006   Code   RO         4967    .ARM.Collect$$_printf_percent$$00000004  c_w.l(_printf_e.o)
    0x08000178   0x08000178   0x00000006   Code   RO         4968    .ARM.Collect$$_printf_percent$$00000005  c_w.l(_printf_g.o)
    0x0800017e   0x0800017e   0x00000006   Code   RO         4969    .ARM.Collect$$_printf_percent$$00000006  c_w.l(_printf_a.o)
    0x08000184   0x08000184   0x0000000a   Code   RO         4974    .ARM.Collect$$_printf_percent$$00000007  c_w.l(_printf_ll.o)
    0x0800018e   0x0800018e   0x00000006   Code   RO         4963    .ARM.Collect$$_printf_percent$$00000008  c_w.l(_printf_i.o)
    0x08000194   0x08000194   0x00000006   Code   RO         4964    .ARM.Collect$$_printf_percent$$00000009  c_w.l(_printf_d.o)
    0x0800019a   0x0800019a   0x00000006   Code   RO         4965    .ARM.Collect$$_printf_percent$$0000000A  c_w.l(_printf_u.o)
    0x080001a0   0x080001a0   0x00000006   Code   RO         4962    .ARM.Collect$$_printf_percent$$0000000B  c_w.l(_printf_o.o)
    0x080001a6   0x080001a6   0x00000006   Code   RO         4960    .ARM.Collect$$_printf_percent$$0000000C  c_w.l(_printf_x.o)
    0x080001ac   0x080001ac   0x00000006   Code   RO         4971    .ARM.Collect$$_printf_percent$$0000000D  c_w.l(_printf_lli.o)
    0x080001b2   0x080001b2   0x00000006   Code   RO         4972    .ARM.Collect$$_printf_percent$$0000000E  c_w.l(_printf_lld.o)
    0x080001b8   0x080001b8   0x00000006   Code   RO         4973    .ARM.Collect$$_printf_percent$$0000000F  c_w.l(_printf_llu.o)
    0x080001be   0x080001be   0x00000006   Code   RO         4978    .ARM.Collect$$_printf_percent$$00000010  c_w.l(_printf_llo.o)
    0x080001c4   0x080001c4   0x00000006   Code   RO         4979    .ARM.Collect$$_printf_percent$$00000011  c_w.l(_printf_llx.o)
    0x080001ca   0x080001ca   0x0000000a   Code   RO         4975    .ARM.Collect$$_printf_percent$$00000012  c_w.l(_printf_l.o)
    0x080001d4   0x080001d4   0x00000006   Code   RO         4957    .ARM.Collect$$_printf_percent$$00000013  c_w.l(_printf_c.o)
    0x080001da   0x080001da   0x00000006   Code   RO         4958    .ARM.Collect$$_printf_percent$$00000014  c_w.l(_printf_s.o)
    0x080001e0   0x080001e0   0x00000006   Code   RO         4976    .ARM.Collect$$_printf_percent$$00000015  c_w.l(_printf_lc.o)
    0x080001e6   0x080001e6   0x00000006   Code   RO         4977    .ARM.Collect$$_printf_percent$$00000016  c_w.l(_printf_ls.o)
    0x080001ec   0x080001ec   0x00000004   Code   RO         5304    .ARM.Collect$$_printf_percent$$00000017  c_w.l(_printf_percent_end.o)
    0x080001f0   0x080001f0   0x00000002   Code   RO         6000    .ARM.Collect$$libinit$$00000000  c_w.l(libinit.o)
    0x080001f2   0x080001f2   0x00000000   Code   RO         4994    .ARM.Collect$$libinit$$00000002  c_w.l(libinit2.o)
    0x080001f2   0x080001f2   0x00000000   Code   RO         4996    .ARM.Collect$$libinit$$00000004  c_w.l(libinit2.o)
    0x080001f2   0x080001f2   0x00000008   Code   RO         4997    .ARM.Collect$$libinit$$00000005  c_w.l(libinit2.o)
    0x080001fa   0x080001fa   0x00000000   Code   RO         4999    .ARM.Collect$$libinit$$0000000A  c_w.l(libinit2.o)
    0x080001fa   0x080001fa   0x00000000   Code   RO         5001    .ARM.Collect$$libinit$$0000000C  c_w.l(libinit2.o)
    0x080001fa   0x080001fa   0x00000000   Code   RO         5003    .ARM.Collect$$libinit$$0000000E  c_w.l(libinit2.o)
    0x080001fa   0x080001fa   0x00000006   Code   RO         5004    .ARM.Collect$$libinit$$0000000F  c_w.l(libinit2.o)
    0x08000200   0x08000200   0x00000000   Code   RO         5006    .ARM.Collect$$libinit$$00000011  c_w.l(libinit2.o)
    0x08000200   0x08000200   0x0000000c   Code   RO         5007    .ARM.Collect$$libinit$$00000012  c_w.l(libinit2.o)
    0x0800020c   0x0800020c   0x00000000   Code   RO         5008    .ARM.Collect$$libinit$$00000013  c_w.l(libinit2.o)
    0x0800020c   0x0800020c   0x00000000   Code   RO         5010    .ARM.Collect$$libinit$$00000015  c_w.l(libinit2.o)
    0x0800020c   0x0800020c   0x0000000a   Code   RO         5011    .ARM.Collect$$libinit$$00000016  c_w.l(libinit2.o)
    0x08000216   0x08000216   0x00000000   Code   RO         5012    .ARM.Collect$$libinit$$00000017  c_w.l(libinit2.o)
    0x08000216   0x08000216   0x00000000   Code   RO         5014    .ARM.Collect$$libinit$$00000019  c_w.l(libinit2.o)
    0x08000216   0x08000216   0x00000000   Code   RO         5016    .ARM.Collect$$libinit$$0000001B  c_w.l(libinit2.o)
    0x08000216   0x08000216   0x00000000   Code   RO         5018    .ARM.Collect$$libinit$$0000001D  c_w.l(libinit2.o)
    0x08000216   0x08000216   0x00000000   Code   RO         5020    .ARM.Collect$$libinit$$0000001F  c_w.l(libinit2.o)
    0x08000216   0x08000216   0x00000000   Code   RO         5022    .ARM.Collect$$libinit$$00000021  c_w.l(libinit2.o)
    0x08000216   0x08000216   0x00000000   Code   RO         5024    .ARM.Collect$$libinit$$00000023  c_w.l(libinit2.o)
    0x08000216   0x08000216   0x00000000   Code   RO         5026    .ARM.Collect$$libinit$$00000025  c_w.l(libinit2.o)
    0x08000216   0x08000216   0x00000000   Code   RO         5030    .ARM.Collect$$libinit$$0000002C  c_w.l(libinit2.o)
    0x08000216   0x08000216   0x00000000   Code   RO         5032    .ARM.Collect$$libinit$$0000002E  c_w.l(libinit2.o)
    0x08000216   0x08000216   0x00000000   Code   RO         5034    .ARM.Collect$$libinit$$00000030  c_w.l(libinit2.o)
    0x08000216   0x08000216   0x00000004   Code   RO         5035    .ARM.Collect$$libinit$$00000031  c_w.l(libinit2.o)
    0x0800021a   0x0800021a   0x00000000   Code   RO         5036    .ARM.Collect$$libinit$$00000032  c_w.l(libinit2.o)
    0x0800021a   0x0800021a   0x00000002   Code   RO         5037    .ARM.Collect$$libinit$$00000033  c_w.l(libinit2.o)
    0x0800021c   0x0800021c   0x00000002   Code   RO         6001    .ARM.Collect$$libshutdown$$00000000  c_w.l(libshutdown.o)
    0x0800021e   0x0800021e   0x00000006   Code   RO         5334    .ARM.Collect$$libshutdown$$00000001  c_w.l(libshutdown2.o)
    0x08000224   0x08000224   0x00000000   Code   RO         5335    .ARM.Collect$$libshutdown$$00000002  c_w.l(libshutdown2.o)
    0x08000224   0x08000224   0x00000000   Code   RO         5337    .ARM.Collect$$libshutdown$$00000004  c_w.l(libshutdown2.o)
    0x08000224   0x08000224   0x00000000   Code   RO         5340    .ARM.Collect$$libshutdown$$00000007  c_w.l(libshutdown2.o)
    0x08000224   0x08000224   0x00000000   Code   RO         5343    .ARM.Collect$$libshutdown$$0000000A  c_w.l(libshutdown2.o)
    0x08000224   0x08000224   0x00000000   Code   RO         5345    .ARM.Collect$$libshutdown$$0000000C  c_w.l(libshutdown2.o)
    0x08000224   0x08000224   0x00000000   Code   RO         5348    .ARM.Collect$$libshutdown$$0000000F  c_w.l(libshutdown2.o)
    0x08000224   0x08000224   0x00000002   Code   RO         5349    .ARM.Collect$$libshutdown$$00000010  c_w.l(libshutdown2.o)
    0x08000226   0x08000226   0x00000000   Code   RO         4837    .ARM.Collect$$rtentry$$00000000  c_w.l(__rtentry.o)
    0x08000226   0x08000226   0x00000000   Code   RO         5248    .ARM.Collect$$rtentry$$00000002  c_w.l(__rtentry2.o)
    0x08000226   0x08000226   0x00000006   Code   RO         5260    .ARM.Collect$$rtentry$$00000004  c_w.l(__rtentry4.o)
    0x0800022c   0x0800022c   0x00000000   Code   RO         5250    .ARM.Collect$$rtentry$$00000009  c_w.l(__rtentry2.o)
    0x0800022c   0x0800022c   0x00000004   Code   RO         5251    .ARM.Collect$$rtentry$$0000000A  c_w.l(__rtentry2.o)
    0x08000230   0x08000230   0x00000008   Code   RO         5252    .ARM.Collect$$rtentry$$0000000B  c_w.l(__rtentry2.o)
    0x08000238   0x08000238   0x00000008   Code   RO         5254    .ARM.Collect$$rtentry$$0000000D  c_w.l(__rtentry2.o)
    0x08000240   0x08000240   0x00000002   Code   RO         4838    .ARM.Collect$$rtexit$$00000000  c_w.l(rtexit.o)
    0x08000242   0x08000242   0x00000000   Code   RO         5263    .ARM.Collect$$rtexit$$00000002  c_w.l(rtexit2.o)
    0x08000242   0x08000242   0x00000004   Code   RO         5264    .ARM.Collect$$rtexit$$00000003  c_w.l(rtexit2.o)
    0x08000246   0x08000246   0x00000006   Code   RO         5265    .ARM.Collect$$rtexit$$00000004  c_w.l(rtexit2.o)
    0x0800024c   0x0800024c   0x0000001c   Code   RO         1922    .emb_text           rtx_conf_cm.o
    0x08000268   0x08000268   0x00000130   Code   RO         4417    .emb_text           RTX_CM3.lib(hal_cm3.o)
    0x08000398   0x08000398   0x00000000   Code   RO         5282    .emb_text           c_w.l(maybetermalloc1.o)
    0x08000398   0x08000398   0x00000040   Code   RO         3172  * .text               startup_stm32f10x_md.o
    0x080003d8   0x080003d8   0x00000008   Code   RO         4432    .text               c_w.l(libspace.o)
    0x080003e0   0x080003e0   0x0000009e   Code   RO         4443    .text               c_w.l(h1_alloc_mt.o)
    0x0800047e   0x0800047e   0x00000076   Code   RO         4445    .text               c_w.l(h1_free_mt.o)
    0x080004f4   0x080004f4   0x00000034   Code   RO         4499    .text               c_w.l(c89vsnprintf.o)
    0x08000528   0x08000528   0x00000012   Code   RO         4501    .text               c_w.l(exit.o)
    0x0800053a   0x0800053a   0x0000002e   Code   RO         4506    .text               c_w.l(aeabi_atexit.o)
    0x08000568   0x08000568   0x00000006   Code   RO         4511    .text               c_w.l(heapauxi.o)
    0x0800056e   0x0800056e   0x00000002   PAD
    0x08000570   0x08000570   0x00000024   Code   RO         4518    .text               c_w.l(init_aeabi.o)
    0x08000594   0x08000594   0x0000000a   Code   RO         4849    .text               c_w.l(rt_heap_descriptor_twolibspace.o)
    0x0800059e   0x0800059e   0x0000000a   Code   RO         4856    .text               c_w.l(rt_new_handler_addr_twolibspace.o)
    0x080005a8   0x080005a8   0x0000000a   Code   RO         4863    .text               c_w.l(rt_ddtor_pointer_addr_twolibspace.o)
    0x080005b2   0x080005b2   0x00000004   Code   RO         4865    .text               c_w.l(hguard.o)
    0x080005b6   0x080005b6   0x0000008a   Code   RO         4867    .text               c_w.l(init_alloc.o)
    0x08000640   0x08000640   0x00000012   Code   RO         4873    .text               c_w.l(h1_init_mt.o)
    0x08000652   0x08000652   0x0000004e   Code   RO         4889    .text               c_w.l(_printf_pad.o)
    0x080006a0   0x080006a0   0x00000024   Code   RO         4891    .text               c_w.l(_printf_truncate.o)
    0x080006c4   0x080006c4   0x00000052   Code   RO         4893    .text               c_w.l(_printf_str.o)
    0x08000716   0x08000716   0x00000002   PAD
    0x08000718   0x08000718   0x00000078   Code   RO         4895    .text               c_w.l(_printf_dec.o)
    0x08000790   0x08000790   0x00000028   Code   RO         4897    .text               c_w.l(_printf_charcount.o)
    0x080007b8   0x080007b8   0x00000030   Code   RO         4899    .text               c_w.l(_printf_char_common.o)
    0x080007e8   0x080007e8   0x0000000a   Code   RO         4901    .text               c_w.l(_sputc.o)
    0x080007f2   0x080007f2   0x00000010   Code   RO         4903    .text               c_w.l(_snputc.o)
    0x08000802   0x08000802   0x00000002   PAD
    0x08000804   0x08000804   0x000000bc   Code   RO         4905    .text               c_w.l(_printf_wctomb.o)
    0x080008c0   0x080008c0   0x0000007c   Code   RO         4908    .text               c_w.l(_printf_longlong_dec.o)
    0x0800093c   0x0800093c   0x00000070   Code   RO         4914    .text               c_w.l(_printf_oct_int_ll.o)
    0x080009ac   0x080009ac   0x00000094   Code   RO         4934    .text               c_w.l(_printf_hex_int_ll_ptr.o)
    0x08000a40   0x08000a40   0x00000188   Code   RO         4954    .text               c_w.l(__printf_flags_ss_wp.o)
    0x08000bc8   0x08000bc8   0x00000042   Code   RO         4980    .text               c_w.l(cxa_finalize.o)
    0x08000c0a   0x08000c0a   0x0000000e   Code   RO         4983    .text               c_w.l(defsig_pvfn_outer.o)
    0x08000c18   0x08000c18   0x00000004   Code   RO         5172    .text               cpprt_w.l(arm_newhandler_noexceptions.o)
    0x08000c1c   0x08000c1c   0x0000003e   Code   RO         5286    .text               c_w.l(h1_extend_mt.o)
    0x08000c5a   0x08000c5a   0x0000008a   Code   RO         5288    .text               c_w.l(lludiv10.o)
    0x08000ce4   0x08000ce4   0x000000b2   Code   RO         5294    .text               c_w.l(_printf_intcommon.o)
    0x08000d96   0x08000d96   0x0000041e   Code   RO         5296    .text               c_w.l(_printf_fp_dec.o)
    0x080011b4   0x080011b4   0x0000002c   Code   RO         5300    .text               c_w.l(_printf_char.o)
    0x080011e0   0x080011e0   0x0000002c   Code   RO         5302    .text               c_w.l(_printf_wchar.o)
    0x0800120c   0x0800120c   0x00000040   Code   RO         5307    .text               c_w.l(_wcrtomb.o)
    0x0800124c   0x0800124c   0x00000016   Code   RO         5309    .text               c_w.l(abort.o)
    0x08001262   0x08001262   0x0000000a   Code   RO         5311    .text               c_w.l(defsig_exit.o)
    0x0800126c   0x0800126c   0x0000000e   Code   RO         5313    .text               c_w.l(defsig_rtmem_outer.o)
    0x0800127a   0x0800127a   0x00000002   PAD
    0x0800127c   0x0800127c   0x00000030   Code   RO         5317    .text               c_w.l(defsig_pvfn_inner.o)
    0x080012ac   0x080012ac   0x0000001a   Code   RO         5865    .text               cpprt_w.l(arm_exceptions_terminate.o)
    0x080012c6   0x080012c6   0x00000002   PAD
    0x080012c8   0x080012c8   0x00000050   Code   RO         5875    .text               cpprt_w.l(arm_exceptions_globs.o)
    0x08001318   0x08001318   0x0000004a   Code   RO         5888    .text               c_w.l(sys_stackheap_outer.o)
    0x08001362   0x08001362   0x00000002   PAD
    0x08001364   0x08001364   0x00000010   Code   RO         5890    .text               c_w.l(rt_ctype_table.o)
    0x08001374   0x08001374   0x0000000a   Code   RO         5897    .text               c_w.l(rt_locale_twolibspace.o)
    0x0800137e   0x0800137e   0x0000000a   Code   RO         5904    .text               c_w.l(rt_eh_globals_addr_twolibspace.o)
    0x08001388   0x08001388   0x00000080   Code   RO         5908    .text               c_w.l(_printf_fp_infnan.o)
    0x08001408   0x08001408   0x000000e4   Code   RO         5928    .text               c_w.l(bigflt0.o)
    0x080014ec   0x080014ec   0x00000032   Code   RO         5970    .text               c_w.l(defsig_general.o)
    0x0800151e   0x0800151e   0x0000000e   Code   RO         5972    .text               c_w.l(defsig_abrt_outer.o)
    0x0800152c   0x0800152c   0x00000050   Code   RO         5980    .text               c_w.l(defsig_rtmem_inner.o)
    0x0800157c   0x0800157c   0x00000080   Code   RO         5988    .text               c_w.l(strcmpv7m.o)
    0x080015fc   0x080015fc   0x0000003c   Code   RO         6115    .text               cpprt_w.l(arm_exceptions_mem.o)
    0x08001638   0x08001638   0x00000030   Code   RO         6176    .text               c_w.l(defsig_abrt_inner.o)
    0x08001668   0x08001668   0x0000003e   Code   RO         5931    CL$$btod_d2e        c_w.l(btod.o)
    0x080016a6   0x080016a6   0x00000046   Code   RO         5933    CL$$btod_d2e_denorm_low  c_w.l(btod.o)
    0x080016ec   0x080016ec   0x00000060   Code   RO         5932    CL$$btod_d2e_norm_op1  c_w.l(btod.o)
    0x0800174c   0x0800174c   0x00000338   Code   RO         5941    CL$$btod_div_common  c_w.l(btod.o)
    0x08001a84   0x08001a84   0x000000dc   Code   RO         5938    CL$$btod_e2e        c_w.l(btod.o)
    0x08001b60   0x08001b60   0x0000002a   Code   RO         5935    CL$$btod_ediv       c_w.l(btod.o)
    0x08001b8a   0x08001b8a   0x0000002a   Code   RO         5934    CL$$btod_emul       c_w.l(btod.o)
    0x08001bb4   0x08001bb4   0x00000244   Code   RO         5940    CL$$btod_mult_common  c_w.l(btod.o)
    0x08001df8   0x08001df8   0x00000004   Code   RO         4427    SVC_TABLE           RTX_CM3.lib(svc_table.o)
    0x08001dfc   0x08001dfc   0x00000116   Code   RO         2040    i.GPIO_Init         stm32f10x_gpio.o
    0x08001f12   0x08001f12   0x00000002   PAD
    0x08001f14   0x08001f14   0x00000020   Code   RO         2162    i.RCC_APB1PeriphClockCmd  stm32f10x_rcc.o
    0x08001f34   0x08001f34   0x00000020   Code   RO         2164    i.RCC_APB2PeriphClockCmd  stm32f10x_rcc.o
    0x08001f54   0x08001f54   0x000000d4   Code   RO         2172    i.RCC_GetClocksFreq  stm32f10x_rcc.o
    0x08002028   0x08002028   0x00000008   Code   RO         3179    i.SetSysClock       system_stm32f10x.o
    0x08002030   0x08002030   0x000000e0   Code   RO         3180    i.SetSysClockTo72   system_stm32f10x.o
    0x08002110   0x08002110   0x00000060   Code   RO         3182    i.SystemInit        system_stm32f10x.o
    0x08002170   0x08002170   0x00000018   Code   RO         2936    i.USART_Cmd         stm32f10x_usart.o
    0x08002188   0x08002188   0x0000001a   Code   RO         2939    i.USART_GetFlagStatus  stm32f10x_usart.o
    0x080021a2   0x080021a2   0x0000004a   Code   RO         2942    i.USART_ITConfig    stm32f10x_usart.o
    0x080021ec   0x080021ec   0x000000d8   Code   RO         2943    i.USART_Init        stm32f10x_usart.o
    0x080022c4   0x080022c4   0x00000008   Code   RO         2953    i.USART_SendData    stm32f10x_usart.o
    0x080022cc   0x080022cc   0x00000018   Code   RO         2959    i.USART_StructInit  stm32f10x_usart.o
    0x080022e4   0x080022e4   0x00000164   Code   RO          865    i._Z11InitThreadsv  osobjects.o
    0x08002448   0x08002448   0x00000050   Code   RO          866    i._Z11RobotThreadPKv  osobjects.o
    0x08002498   0x08002498   0x00000080   Code   RO         1719    i._Z11USART2_initi  usart.o
    0x08002518   0x08002518   0x00000090   Code   RO          867    i._Z12Phase_ThreadPKv  osobjects.o
    0x080025a8   0x080025a8   0x00000014   Code   RO          868    i._Z14Routine_ThreadPKv  osobjects.o
    0x080025bc   0x080025bc   0x00000024   Code   RO          869    i._Z15Left_Hip_ThreadPKv  osobjects.o
    0x080025e0   0x080025e0   0x00000020   Code   RO         1723    i._Z15USART2_sendCharc  usart.o
    0x08002600   0x08002600   0x00000024   Code   RO          870    i._Z16Left_Knee_ThreadPKv  osobjects.o
    0x08002624   0x08002624   0x00000024   Code   RO          871    i._Z16Right_Hip_ThreadPKv  osobjects.o
    0x08002648   0x08002648   0x00000024   Code   RO          872    i._Z17Left_Ankle_ThreadPKv  osobjects.o
    0x0800266c   0x0800266c   0x00000024   Code   RO          873    i._Z17Right_Knee_ThreadPKv  osobjects.o
    0x08002690   0x08002690   0x00000024   Code   RO          874    i._Z18Right_Ankle_ThreadPKv  osobjects.o
    0x080026b4   0x080026b4   0x0000002a   Code   RO         1725    i._ZN12SerialStream4putsEPKc  usart.o
    0x080026de   0x080026de   0x00000036   Code   RO         1726    i._ZN12SerialStream6printfEPKcz  usart.o
    0x08002714   0x08002714   0x0000000e   Code   RO         1728    i._ZN12SerialUSART28sendCharEc  usart.o
    0x08002722   0x08002722   0x00000002   PAD
    0x08002724   0x08002724   0x00000020   Code   RO         1729    i._ZN12SerialUSART2C1Ei  usart.o
    0x08002744   0x08002744   0x00000004   Code   RO         4522    i._ZN4__rw15__rw_deallocateEPvji  cpp_ws.l(rwalloc.o)
    0x08002748   0x08002748   0x00000038   Code   RO         1526    i._ZN6LinkerC1Ev    linker.o
    0x08002780   0x08002780   0x00000008   Code   RO         5836    i._ZdaPv            cpprt_w.l(array_del.o)
    0x08002788   0x08002788   0x00000008   Code   RO         4676    i._ZdlPv            cpprt_w.l(delete.o)
    0x08002790   0x08002790   0x00000008   Code   RO         5839    i._Znaj             cpprt_w.l(array_new.o)
    0x08002798   0x08002798   0x00000028   Code   RO         4679    i._Znwj             cpprt_w.l(new.o)
    0x080027c0   0x080027c0   0x00000028   Code   RO         6135    i.__ARM_fpclassify  m_ws.l(fpclassify.o)
    0x080027e8   0x080027e8   0x00000006   Code   RO         4683    i.__cxa_pure_virtual  cpprt_w.l(pure_virt.o)
    0x080027ee   0x080027ee   0x00000002   PAD
    0x080027f0   0x080027f0   0x00000010   Code   RO         5629    i.__sti___10_locale_cpp_ff99fc7b  cpp_ws.l(locale.o)
    0x08002800   0x08002800   0x00000038   Code   RO         6007    i.__sti___10_rwcats_cpp_64e8068e  cpp_ws.l(rwcats.o)
    0x08002838   0x08002838   0x0000003c   Code   RO          875    i.__sti___13_OsObjects_cpp_Linker  osobjects.o
    0x08002874   0x08002874   0x00000010   Code   RO         5362    i.__sti___8_char_cpp_a3dc957a  cpp_ws.l(char.o)
    0x08002884   0x08002884   0x00000014   Code   RO            4    i.__sti___8_main_cpp_usart  main.o
    0x08002898   0x08002898   0x00000046   Code   RO         4316    i._init_box         RTX_CM3.lib(rt_membox.o)
    0x080028de   0x080028de   0x0000000e   Code   RO         4947    i._is_digit         c_w.l(__printf_wp.o)
    0x080028ec   0x080028ec   0x00000020   Code   RO         1924    i._mutex_acquire    rtx_conf_cm.o
    0x0800290c   0x0800290c   0x0000002c   Code   RO         1925    i._mutex_initialize  rtx_conf_cm.o
    0x08002938   0x08002938   0x0000001c   Code   RO         1926    i._mutex_release    rtx_conf_cm.o
    0x08002954   0x08002954   0x00000004   Code   RO         1855    i._sys_exit         retarget.o
    0x08002958   0x08002958   0x00000002   Code   RO         1856    i._ttywrch          retarget.o
    0x0800295a   0x0800295a   0x00000002   PAD
    0x0800295c   0x0800295c   0x00000030   Code   RO         4369    i.dbg_init          RTX_CM3.lib(hal_cm.o)
    0x0800298c   0x0800298c   0x00000020   Code   RO         4370    i.dbg_task_notify   RTX_CM3.lib(hal_cm.o)
    0x080029ac   0x080029ac   0x00000010   Code   RO         4371    i.dbg_task_switch   RTX_CM3.lib(hal_cm.o)
    0x080029bc   0x080029bc   0x0000002a   Code   RO         3225    i.isrMessageGet     RTX_CM3.lib(rt_cmsis.o)
    0x080029e6   0x080029e6   0x0000002c   Code   RO         3226    i.isrMessagePut     RTX_CM3.lib(rt_cmsis.o)
    0x08002a12   0x08002a12   0x00000024   Code   RO         3228    i.isrSignalSet      RTX_CM3.lib(rt_cmsis.o)
    0x08002a36   0x08002a36   0x00000002   PAD
    0x08002a38   0x08002a38   0x00000028   Code   RO         4053    i.isr_evt_set       RTX_CM3.lib(rt_event.o)
    0x08002a60   0x08002a60   0x00000056   Code   RO         4171    i.isr_mbx_receive   RTX_CM3.lib(rt_mailbox.o)
    0x08002ab6   0x08002ab6   0x0000000e   Code   RO         4172    i.isr_mbx_send      RTX_CM3.lib(rt_mailbox.o)
    0x08002ac4   0x08002ac4   0x00000038   Code   RO            5    i.main              main.o
    0x08002afc   0x08002afc   0x00000024   Code   RO         3230    i.osKernelInitialize  RTX_CM3.lib(rt_cmsis.o)
    0x08002b20   0x08002b20   0x0000006c   Code   RO         3232    i.osKernelStart     RTX_CM3.lib(rt_cmsis.o)
    0x08002b8c   0x08002b8c   0x00000018   Code   RO         3241    i.osMessageGet      RTX_CM3.lib(rt_cmsis.o)
    0x08002ba4   0x08002ba4   0x0000002c   Code   RO         3243    i.osMutexCreate     RTX_CM3.lib(rt_cmsis.o)
    0x08002bd0   0x08002bd0   0x00000018   Code   RO         3245    i.osMutexRelease    RTX_CM3.lib(rt_cmsis.o)
    0x08002be8   0x08002be8   0x00000018   Code   RO         3246    i.osMutexWait       RTX_CM3.lib(rt_cmsis.o)
    0x08002c00   0x08002c00   0x00000018   Code   RO         3256    i.osSignalSet       RTX_CM3.lib(rt_cmsis.o)
    0x08002c18   0x08002c18   0x00000018   Code   RO         3257    i.osSignalWait      RTX_CM3.lib(rt_cmsis.o)
    0x08002c30   0x08002c30   0x0000002c   Code   RO         3258    i.osThreadCreate    RTX_CM3.lib(rt_cmsis.o)
    0x08002c5c   0x08002c5c   0x00000018   Code   RO         3259    i.osThreadExit      RTX_CM3.lib(rt_cmsis.o)
    0x08002c74   0x08002c74   0x0000000c   Code   RO         3265    i.osTimerCall       RTX_CM3.lib(rt_cmsis.o)
    0x08002c80   0x08002c80   0x0000002c   Code   RO         3270    i.osTimerThread     RTX_CM3.lib(rt_cmsis.o)
    0x08002cac   0x08002cac   0x00000022   Code   RO         1927    i.os_error          rtx_conf_cm.o
    0x08002cce   0x08002cce   0x00000004   Code   RO         1928    i.os_idle_demon     rtx_conf_cm.o
    0x08002cd2   0x08002cd2   0x00000002   PAD
    0x08002cd4   0x08002cd4   0x00000028   Code   RO         3963    i.os_tick_init      RTX_CM3.lib(rt_system.o)
    0x08002cfc   0x08002cfc   0x00000002   Code   RO         3964    i.os_tick_irqack    RTX_CM3.lib(rt_system.o)
    0x08002cfe   0x08002cfe   0x0000001a   Code   RO         4317    i.rt_alloc_box      RTX_CM3.lib(rt_membox.o)
    0x08002d18   0x08002d18   0x0000003e   Code   RO         4345    i.rt_alloc_mem      RTX_CM3.lib(rt_memory.o)
    0x08002d56   0x08002d56   0x00000002   PAD
    0x08002d58   0x08002d58   0x00000038   Code   RO         3844    i.rt_block          RTX_CM3.lib(rt_task.o)
    0x08002d90   0x08002d90   0x00000048   Code   RO         4294    i.rt_chk_robin      RTX_CM3.lib(rt_robin.o)
    0x08002dd8   0x08002dd8   0x00000070   Code   RO         4095    i.rt_dec_dly        RTX_CM3.lib(rt_list.o)
    0x08002e48   0x08002e48   0x00000044   Code   RO         3845    i.rt_dispatch       RTX_CM3.lib(rt_task.o)
    0x08002e8c   0x08002e8c   0x00000050   Code   RO         4056    i.rt_evt_psh        RTX_CM3.lib(rt_event.o)
    0x08002edc   0x08002edc   0x0000005c   Code   RO         4057    i.rt_evt_set        RTX_CM3.lib(rt_event.o)
    0x08002f38   0x08002f38   0x0000003c   Code   RO         4058    i.rt_evt_wait       RTX_CM3.lib(rt_event.o)
    0x08002f74   0x08002f74   0x0000002c   Code   RO         4318    i.rt_free_box       RTX_CM3.lib(rt_membox.o)
    0x08002fa0   0x08002fa0   0x00000028   Code   RO         4346    i.rt_free_mem       RTX_CM3.lib(rt_memory.o)
    0x08002fc8   0x08002fc8   0x00000028   Code   RO         4096    i.rt_get_first      RTX_CM3.lib(rt_list.o)
    0x08002ff0   0x08002ff0   0x00000008   Code   RO         3275    i.rt_id2obj         RTX_CM3.lib(rt_cmsis.o)
    0x08002ff8   0x08002ff8   0x00000048   Code   RO         3846    i.rt_init_context   RTX_CM3.lib(rt_task.o)
    0x08003040   0x08003040   0x0000001a   Code   RO         4347    i.rt_init_mem       RTX_CM3.lib(rt_memory.o)
    0x0800305a   0x0800305a   0x00000002   PAD
    0x0800305c   0x0800305c   0x00000018   Code   RO         4295    i.rt_init_robin     RTX_CM3.lib(rt_robin.o)
    0x08003074   0x08003074   0x00000080   Code   RO         4372    i.rt_init_stack     RTX_CM3.lib(hal_cm.o)
    0x080030f4   0x080030f4   0x00000008   Code   RO         4173    i.rt_mbx_check      RTX_CM3.lib(rt_mailbox.o)
    0x080030fc   0x080030fc   0x0000001a   Code   RO         4174    i.rt_mbx_init       RTX_CM3.lib(rt_mailbox.o)
    0x08003116   0x08003116   0x00000002   PAD
    0x08003118   0x08003118   0x000000f0   Code   RO         4175    i.rt_mbx_psh        RTX_CM3.lib(rt_mailbox.o)
    0x08003208   0x08003208   0x000000b4   Code   RO         4177    i.rt_mbx_wait       RTX_CM3.lib(rt_mailbox.o)
    0x080032bc   0x080032bc   0x00000044   Code   RO         3276    i.rt_ms2tick        RTX_CM3.lib(rt_cmsis.o)
    0x08003300   0x08003300   0x00000010   Code   RO         3929    i.rt_mut_init       RTX_CM3.lib(rt_mutex.o)
    0x08003310   0x08003310   0x000000d8   Code   RO         3930    i.rt_mut_release    RTX_CM3.lib(rt_mutex.o)
    0x080033e8   0x080033e8   0x00000078   Code   RO         3931    i.rt_mut_wait       RTX_CM3.lib(rt_mutex.o)
    0x08003460   0x08003460   0x0000007c   Code   RO         3967    i.rt_pop_req        RTX_CM3.lib(rt_system.o)
    0x080034dc   0x080034dc   0x00000020   Code   RO         3968    i.rt_psh_req        RTX_CM3.lib(rt_system.o)
    0x080034fc   0x080034fc   0x0000005c   Code   RO         4098    i.rt_psq_enq        RTX_CM3.lib(rt_list.o)
    0x08003558   0x08003558   0x00000048   Code   RO         4099    i.rt_put_dly        RTX_CM3.lib(rt_list.o)
    0x080035a0   0x080035a0   0x00000036   Code   RO         4100    i.rt_put_prio       RTX_CM3.lib(rt_list.o)
    0x080035d6   0x080035d6   0x00000002   PAD
    0x080035d8   0x080035d8   0x00000014   Code   RO         4101    i.rt_put_rdy_first  RTX_CM3.lib(rt_list.o)
    0x080035ec   0x080035ec   0x00000034   Code   RO         4102    i.rt_resort_prio    RTX_CM3.lib(rt_list.o)
    0x08003620   0x08003620   0x00000006   Code   RO         4373    i.rt_ret_val        RTX_CM3.lib(hal_cm.o)
    0x08003626   0x08003626   0x00000008   Code   RO         4374    i.rt_ret_val2       RTX_CM3.lib(hal_cm.o)
    0x0800362e   0x0800362e   0x00000028   Code   RO         4103    i.rt_rmv_dly        RTX_CM3.lib(rt_list.o)
    0x08003656   0x08003656   0x00000002   PAD
    0x08003658   0x08003658   0x00000030   Code   RO         4104    i.rt_rmv_list       RTX_CM3.lib(rt_list.o)
    0x08003688   0x08003688   0x00000034   Code   RO         4222    i.rt_sem_psh        RTX_CM3.lib(rt_semaphore.o)
    0x080036bc   0x080036bc   0x00000024   Code   RO         3970    i.rt_stk_check      RTX_CM3.lib(rt_system.o)
    0x080036e0   0x080036e0   0x00000028   Code   RO         3847    i.rt_switch_req     RTX_CM3.lib(rt_task.o)
    0x08003708   0x08003708   0x000000cc   Code   RO         3848    i.rt_sys_init       RTX_CM3.lib(rt_task.o)
    0x080037d4   0x080037d4   0x00000078   Code   RO         3849    i.rt_sys_start      RTX_CM3.lib(rt_task.o)
    0x0800384c   0x0800384c   0x00000040   Code   RO         3972    i.rt_systick        RTX_CM3.lib(rt_system.o)
    0x0800388c   0x0800388c   0x00000012   Code   RO         3277    i.rt_tid2ptcb       RTX_CM3.lib(rt_cmsis.o)
    0x0800389e   0x0800389e   0x00000002   PAD
    0x080038a0   0x080038a0   0x00000034   Code   RO         3278    i.rt_timer_insert   RTX_CM3.lib(rt_cmsis.o)
    0x080038d4   0x080038d4   0x00000088   Code   RO         3850    i.rt_tsk_create     RTX_CM3.lib(rt_task.o)
    0x0800395c   0x0800395c   0x0000017c   Code   RO         3851    i.rt_tsk_delete     RTX_CM3.lib(rt_task.o)
    0x08003ad8   0x08003ad8   0x0000007c   Code   RO         3853    i.rt_tsk_prio       RTX_CM3.lib(rt_task.o)
    0x08003b54   0x08003b54   0x00000010   Code   RO         3854    i.rt_tsk_self       RTX_CM3.lib(rt_task.o)
    0x08003b64   0x08003b64   0x00000070   Code   RO         3281    i.svcKernelInitialize  RTX_CM3.lib(rt_cmsis.o)
    0x08003bd4   0x08003bd4   0x00000048   Code   RO         3283    i.svcKernelStart    RTX_CM3.lib(rt_cmsis.o)
    0x08003c1c   0x08003c1c   0x00000024   Code   RO         3286    i.svcMessageCreate  RTX_CM3.lib(rt_cmsis.o)
    0x08003c40   0x08003c40   0x0000003a   Code   RO         3287    i.svcMessageGet     RTX_CM3.lib(rt_cmsis.o)
    0x08003c7a   0x08003c7a   0x0000001c   Code   RO         3289    i.svcMutexCreate    RTX_CM3.lib(rt_cmsis.o)
    0x08003c96   0x08003c96   0x00000022   Code   RO         3291    i.svcMutexRelease   RTX_CM3.lib(rt_cmsis.o)
    0x08003cb8   0x08003cb8   0x0000003a   Code   RO         3292    i.svcMutexWait      RTX_CM3.lib(rt_cmsis.o)
    0x08003cf2   0x08003cf2   0x00000024   Code   RO         3299    i.svcSignalSet      RTX_CM3.lib(rt_cmsis.o)
    0x08003d16   0x08003d16   0x00000002   PAD
    0x08003d18   0x08003d18   0x00000054   Code   RO         3300    i.svcSignalWait     RTX_CM3.lib(rt_cmsis.o)
    0x08003d6c   0x08003d6c   0x0000006c   Code   RO         3301    i.svcThreadCreate   RTX_CM3.lib(rt_cmsis.o)
    0x08003dd8   0x08003dd8   0x0000001c   Code   RO         3302    i.svcThreadGetId    RTX_CM3.lib(rt_cmsis.o)
    0x08003df4   0x08003df4   0x00000038   Code   RO         3305    i.svcThreadTerminate  RTX_CM3.lib(rt_cmsis.o)
    0x08003e2c   0x08003e2c   0x00000018   Code   RO         3307    i.svcTimerCall      RTX_CM3.lib(rt_cmsis.o)
    0x08003e44   0x08003e44   0x0000005c   Code   RO         3316    i.sysTimerTick      RTX_CM3.lib(rt_cmsis.o)
    0x08003ea0   0x08003ea0   0x0000002c   Code   RO         5966    locale$$code        c_w.l(lc_numeric_c.o)
    0x08003ecc   0x08003ecc   0x0000002c   Code   RO         6169    locale$$code        c_w.l(lc_ctype_c.o)
    0x08003ef8   0x08003ef8   0x0000000e   Code   RO         6023    t._ZN4__rw18__rw_locale_vectorIPNS_8__rw_catEED1Ev  cpp_ws.l(rwcats.o)
    0x08003f06   0x08003f06   0x00000040   Code   RO          956    t._ZNSt6vectorIP19TrajectoryInterfaceSaIS1_EED1Ev  osobjects.o
    0x08003f46   0x08003f46   0x00000004   Code   RO         5222    x$fpl$printf1       fz_ws.l(printf1.o)
    0x08003f4a   0x08003f4a   0x00000000   Code   RO         5226    x$fpl$usenofp       fz_ws.l(usenofp.o)
    0x08003f4a   0x08003f4a   0x00000002   PAD
    0x08003f4c   0x08003f4c   0x00000094   Data   RO          888    .constdata          osobjects.o
    0x08003fe0   0x08003fe0   0x00000068   Data   RO         1930    .constdata          rtx_conf_cm.o
    0x08004048   0x08004048   0x00000008   Data   RO         4906    .constdata          c_w.l(_printf_wctomb.o)
    0x08004050   0x08004050   0x00000028   Data   RO         4935    .constdata          c_w.l(_printf_hex_int_ll_ptr.o)
    0x08004078   0x08004078   0x00000011   Data   RO         4955    .constdata          c_w.l(__printf_flags_ss_wp.o)
    0x08004089   0x08004089   0x00000003   PAD
    0x0800408c   0x0800408c   0x00000094   Data   RO         5929    .constdata          c_w.l(bigflt0.o)
    0x08004120   0x08004120   0x00000010   Data   RO          376    .constdata__ZTV12SerialStream  user.o
    0x08004130   0x08004130   0x00000010   Data   RO         1805    .constdata__ZTV12SerialUSART2  usart.o
    0x08004140   0x08004140   0x00000020   Data   RO         6289    Region$$Table       anon$$obj.o
    0x08004160   0x08004160   0x0000001c   Data   RO         5965    locale$$data        c_w.l(lc_numeric_c.o)
    0x0800417c   0x0800417c   0x00000110   Data   RO         6168    locale$$data        c_w.l(lc_ctype_c.o)
    0x0800428c   0x0800428c   0x00000004   Data   RO            9    .init_array         main.o
    0x08004290   0x0800428c   0x00000004   Data   RO          890    .init_array         osobjects.o
    0x08004294   0x0800428c   0x00000000   Data   RO         4516    .init_array         c_w.l(init_aeabi.o)
    0x08004294   0x0800428c   0x00000004   Data   RO         5384    .init_array         cpp_ws.l(char.o)
    0x08004298   0x0800428c   0x00000004   Data   RO         5677    .init_array         cpp_ws.l(locale.o)
    0x0800429c   0x0800428c   0x00000004   Data   RO         6017    .init_array         cpp_ws.l(rwcats.o)


    Execution Region ER_RW (Exec base: 0x20000000, Load base: 0x080042a0, Size: 0x000000ac, Max: 0xffffffff, ABSOLUTE)

    Exec Addr    Load Addr    Size         Type   Attr      Idx    E Section Name        Object

    0x20000000   0x080042a0   0x00000004   Data   RW            8    .data               main.o
    0x20000004   0x080042a4   0x0000002c   Data   RW          889    .data               osobjects.o
    0x20000030   0x080042d0   0x00000014   Data   RW         1931    .data               rtx_conf_cm.o
    0x20000044   0x080042e4   0x00000014   Data   RW         2192    .data               stm32f10x_rcc.o
    0x20000058   0x080042f8   0x00000008   Data   RW         3319    .data               RTX_CM3.lib(rt_cmsis.o)
    0x20000060   0x08004300   0x00000008   Data   RW         3856    .data               RTX_CM3.lib(rt_task.o)
    0x20000068   0x08004308   0x00000008   Data   RW         3975    .data               RTX_CM3.lib(rt_system.o)
    0x20000070   0x08004310   0x00000004   Data   RW         4265    .data               RTX_CM3.lib(rt_time.o)
    0x20000074   0x08004314   0x00000008   Data   RW         4296    .data               RTX_CM3.lib(rt_robin.o)
    0x2000007c   0x0800431c   0x00000001   Data   RW         4375    .data               RTX_CM3.lib(hal_cm.o)
    0x2000007d   0x0800431d   0x00000003   PAD
    0x20000080   0x08004320   0x00000008   Data   RW         5383    .data               cpp_ws.l(char.o)
    0x20000088   0x08004328   0x0000001c   Data   RW         5676    .data               cpp_ws.l(locale.o)
    0x200000a4   0x08004344   0x00000008   Data   RW         6016    .data               cpp_ws.l(rwcats.o)


    Execution Region ER_ZI (Exec base: 0x200000ac, Load base: 0x0800434c, Size: 0x000049ac, Max: 0xffffffff, ABSOLUTE)

    Exec Addr    Load Addr    Size         Type   Attr      Idx    E Section Name        Object

    0x200000ac        -       0x00000048   Zero   RW          887    .bss                osobjects.o
    0x200000f4   0x0800434c   0x00000004   PAD
    0x200000f8        -       0x00002f98   Zero   RW         1929    .bss                rtx_conf_cm.o
    0x20003090        -       0x00000034   Zero   RW         3855    .bss                RTX_CM3.lib(rt_task.o)
    0x200030c4        -       0x00000030   Zero   RW         4105    .bss                RTX_CM3.lib(rt_list.o)
    0x200030f4        -       0x00000060   Zero   RW         4433    .bss                c_w.l(libspace.o)
    0x20003154   0x0800434c   0x00000004   PAD
    0x20003158        -       0x00001000   Zero   RW         3170    HEAP                startup_stm32f10x_md.o
    0x20004158        -       0x00000900   Zero   RW         3169    STACK               startup_stm32f10x_md.o


==============================================================================

Image component sizes


      Code (inc. data)   RO Data    RW Data    ZI Data      Debug   Object Name

         0          0          0          0          0     229800   delay.o
        56          6          0          0          0        532   linker.o
        76         28          4          4          0     221461   main.o
       940        214        152         44         72       9635   osobjects.o
         6          0          0          0          0        815   retarget.o
         0          0          0          0          0      15824   routine.o
       170         36        104         20      12184       9643   rtx_conf_cm.o
        64         26        236          0       6400        808   startup_stm32f10x_md.o
       278          0          0          0          0       2080   stm32f10x_gpio.o
       276         32          0         20          0       4606   stm32f10x_rcc.o
       372          6          0          0          0       5676   stm32f10x_usart.o
       328         28          0          0          0       1941   system_stm32f10x.o
       302         24         16          0          0       3164   usart.o
         0          0         16          0          0          0   user.o

    ----------------------------------------------------------------------
      2876        400        560         88      18660     505985   Object Totals
         0          0         32          0          0          0   (incl. Generated)
         8          0          0          0          4          0   (incl. Padding)

    ----------------------------------------------------------------------

      Code (inc. data)   RO Data    RW Data    ZI Data      Debug   Library Member Name

       238         24          0          1          0       3312   hal_cm.o
       304         36          0          0          0        768   hal_cm3.o
      1526        174          0          8          0      38905   rt_cmsis.o
       272         18          0          0          0       2650   rt_event.o
       530         34          0          0         48       8253   rt_list.o
       554         10          0          0          0       3949   rt_mailbox.o
       140          0          0          0          0       1925   rt_membox.o
       128          0          0          0          0       2307   rt_memory.o
       352         14          0          0          0       2105   rt_mutex.o
        96         22          0          8          0       1158   rt_robin.o
        52          4          0          0          0        573   rt_semaphore.o
       298         52          0          8          0       6223   rt_system.o
      1216        174          0          8         52       9649   rt_task.o
         0          0          0          4          0        214   rt_time.o
         4          4          0          0          0        208   svc_table.o
         8          0          0          0          0         68   __main.o
       392          4         17          0          0         92   __printf_flags_ss_wp.o
        14          0          0          0          0         68   __printf_wp.o
         0          0          0          0          0          0   __rtentry.o
        20          0          0          0          0          0   __rtentry2.o
         6          0          0          0          0          0   __rtentry4.o
        52          8          0          0          0          0   __scatter.o
        26          0          0          0          0          0   __scatter_copy.o
        28          0          0          0          0          0   __scatter_zi.o
         6          0          0          0          0          0   _printf_a.o
         6          0          0          0          0          0   _printf_c.o
        44          0          0          0          0        108   _printf_char.o
        48          6          0          0          0         96   _printf_char_common.o
        40          0          0          0          0         68   _printf_charcount.o
         6          0          0          0          0          0   _printf_d.o
       120         16          0          0          0         92   _printf_dec.o
         6          0          0          0          0          0   _printf_e.o
         6          0          0          0          0          0   _printf_f.o
      1054          0          0          0          0        216   _printf_fp_dec.o
       128         16          0          0          0         84   _printf_fp_infnan.o
         6          0          0          0          0          0   _printf_g.o
       148          4         40          0          0        160   _printf_hex_int_ll_ptr.o
         6          0          0          0          0          0   _printf_i.o
       178          0          0          0          0         88   _printf_intcommon.o
        10          0          0          0          0          0   _printf_l.o
         6          0          0          0          0          0   _printf_lc.o
        10          0          0          0          0          0   _printf_ll.o
         6          0          0          0          0          0   _printf_lld.o
         6          0          0          0          0          0   _printf_lli.o
         6          0          0          0          0          0   _printf_llo.o
         6          0          0          0          0          0   _printf_llu.o
         6          0          0          0          0          0   _printf_llx.o
       124         16          0          0          0         92   _printf_longlong_dec.o
         6          0          0          0          0          0   _printf_ls.o
         6          0          0          0          0          0   _printf_n.o
         6          0          0          0          0          0   _printf_o.o
       112         10          0          0          0        124   _printf_oct_int_ll.o
         6          0          0          0          0          0   _printf_p.o
        78          0          0          0          0        108   _printf_pad.o
         0          0          0          0          0          0   _printf_percent.o
         4          0          0          0          0          0   _printf_percent_end.o
         6          0          0          0          0          0   _printf_s.o
        82          0          0          0          0         80   _printf_str.o
        36          0          0          0          0         84   _printf_truncate.o
         6          0          0          0          0          0   _printf_u.o
        44          0          0          0          0        108   _printf_wchar.o
       188          6          8          0          0         92   _printf_wctomb.o
         6          0          0          0          0          0   _printf_x.o
        16          0          0          0          0         68   _snputc.o
        10          0          0          0          0         68   _sputc.o
        64          0          0          0          0         92   _wcrtomb.o
        22          0          0          0          0         80   abort.o
        46          0          0          0          0         84   aeabi_atexit.o
       228          4        148          0          0         96   bigflt0.o
      1936        128          0          0          0        672   btod.o
        52          4          0          0          0         80   c89vsnprintf.o
        66          0          0          0          0         84   cxa_finalize.o
        48         34          0          0          0         76   defsig_abrt_inner.o
        14          0          0          0          0         80   defsig_abrt_outer.o
        10          0          0          0          0         68   defsig_exit.o
        50          0          0          0          0         88   defsig_general.o
        48         34          0          0          0         76   defsig_pvfn_inner.o
        14          0          0          0          0         80   defsig_pvfn_outer.o
        80         58          0          0          0         76   defsig_rtmem_inner.o
        14          0          0          0          0         80   defsig_rtmem_outer.o
        18          0          0          0          0         80   exit.o
       158          0          0          0          0        128   h1_alloc_mt.o
        62          0          0          0          0         80   h1_extend_mt.o
       118          0          0          0          0        108   h1_free_mt.o
        18          0          0          0          0         84   h1_init_mt.o
         6          0          0          0          0        152   heapauxi.o
         4          0          0          0          0        136   hguard.o
        36         10          0          0          0         80   init_aeabi.o
       138          0          0          0          0        168   init_alloc.o
        44         10        272          0          0         76   lc_ctype_c.o
        44         10         28          0          0         76   lc_numeric_c.o
         2          0          0          0          0          0   libinit.o
        42          0          0          0          0          0   libinit2.o
         2          0          0          0          0          0   libshutdown.o
         8          0          0          0          0          0   libshutdown2.o
         8          4          0          0         96         68   libspace.o
       138          0          0          0          0         80   lludiv10.o
         0          0          0          0          0          0   maybetermalloc1.o
        16          4          0          0          0         76   rt_ctype_table.o
        10          0          0          0          0         76   rt_ddtor_pointer_addr_twolibspace.o
        10          0          0          0          0         76   rt_eh_globals_addr_twolibspace.o
        10          0          0          0          0         76   rt_heap_descriptor_twolibspace.o
        10          0          0          0          0         76   rt_locale_twolibspace.o
        10          0          0          0          0         76   rt_new_handler_addr_twolibspace.o
         2          0          0          0          0          0   rtexit.o
        10          0          0          0          0          0   rtexit2.o
       128          0          0          0          0         68   strcmpv7m.o
        74          0          0          0          0         80   sys_stackheap_outer.o
        16          4          4          8          0         68   char.o
        16          4          4         28          0         68   locale.o
         4          0          0          0          0         68   rwalloc.o
        70         14          4          8          0        164   rwcats.o
        80         12          0          0          0        104   arm_exceptions_globs.o
        60          0          0          0          0        108   arm_exceptions_mem.o
        26          0          0          0          0         76   arm_exceptions_terminate.o
         4          0          0          0          0         68   arm_newhandler_noexceptions.o
         8          0          0          0          0         76   array_del.o
         8          0          0          0          0         76   array_new.o
         8          0          0          0          0         76   delete.o
        40          6          0          0          0         76   new.o
         6          0          0          0          0         68   pure_virt.o
         4          0          0          0          0         68   printf1.o
         0          0          0          0          0          0   usenofp.o
        40          0          0          0          0         68   fpclassify.o

    ----------------------------------------------------------------------
     13092        992        528         84        200      89127   Library Totals
        34          0          3          3          4          0   (incl. Padding)

    ----------------------------------------------------------------------

      Code (inc. data)   RO Data    RW Data    ZI Data      Debug   Library Name

      5710        566          0         37        100      82199   RTX_CM3.lib
      6958        386        513          0         96       5696   c_w.l
       106         22         12         44          0        368   cpp_ws.l
       240         18          0          0          0        728   cpprt_w.l
         4          0          0          0          0         68   fz_ws.l
        40          0          0          0          0         68   m_ws.l

    ----------------------------------------------------------------------
     13092        992        528         84        200      89127   Library Totals

    ----------------------------------------------------------------------

==============================================================================


      Code (inc. data)   RO Data    RW Data    ZI Data      Debug   

     15968       1392       1088        172      18860     584864   Grand Totals
     15968       1392       1088        172      18860     584864   ELF Image Totals
     15968       1392       1088        172          0          0   ROM Totals

==============================================================================

    Total RO  Size (Code + RO Data)                17056 (  16.66kB)
    Total RW  Size (RW Data + ZI Data)             19032 (  18.59kB)
    Total ROM Size (Code + RO Data + RW Data)      17228 (  16.82kB)

==============================================================================

